Archive member included to satisfy reference by file (symbol)

c:/nxp/mcuxpressoide_11.1.0_3209/ide/plugins/com.nxp.mcuxpresso.tools.win32_11.1.0.201909161352/tools/bin/../lib/gcc/arm-none-eabi/8.3.1/../../../../arm-none-eabi/lib/thumb/v6-m/nofp\libcr_semihost_nf.a(_cr__main.o)
                              ./startup/startup_mkl25z4.o (__main)
c:/nxp/mcuxpressoide_11.1.0_3209/ide/plugins/com.nxp.mcuxpresso.tools.win32_11.1.0.201909161352/tools/bin/../lib/gcc/arm-none-eabi/8.3.1/../../../../arm-none-eabi/lib/thumb/v6-m/nofp\libcr_c.a(atan2f.o)
                              ./source/Code_Braco.o (atan2f)
c:/nxp/mcuxpressoide_11.1.0_3209/ide/plugins/com.nxp.mcuxpresso.tools.win32_11.1.0.201909161352/tools/bin/../lib/gcc/arm-none-eabi/8.3.1/../../../../arm-none-eabi/lib/thumb/v6-m/nofp\libcr_c.a(atanf.o)
                              c:/nxp/mcuxpressoide_11.1.0_3209/ide/plugins/com.nxp.mcuxpresso.tools.win32_11.1.0.201909161352/tools/bin/../lib/gcc/arm-none-eabi/8.3.1/../../../../arm-none-eabi/lib/thumb/v6-m/nofp\libcr_c.a(atan2f.o) (atanf)
c:/nxp/mcuxpressoide_11.1.0_3209/ide/plugins/com.nxp.mcuxpresso.tools.win32_11.1.0.201909161352/tools/bin/../lib/gcc/arm-none-eabi/8.3.1/../../../../arm-none-eabi/lib/thumb/v6-m/nofp\libcr_c.a(fabsf.o)
                              c:/nxp/mcuxpressoide_11.1.0_3209/ide/plugins/com.nxp.mcuxpresso.tools.win32_11.1.0.201909161352/tools/bin/../lib/gcc/arm-none-eabi/8.3.1/../../../../arm-none-eabi/lib/thumb/v6-m/nofp\libcr_c.a(atan2f.o) (fabsf)
c:/nxp/mcuxpressoide_11.1.0_3209/ide/plugins/com.nxp.mcuxpresso.tools.win32_11.1.0.201909161352/tools/bin/../lib/gcc/arm-none-eabi/8.3.1/../../../../arm-none-eabi/lib/thumb/v6-m/nofp\libcr_c.a(memcpy.o)
                              ./source/Code_Braco.o (memcpy)
c:/nxp/mcuxpressoide_11.1.0_3209/ide/plugins/com.nxp.mcuxpresso.tools.win32_11.1.0.201909161352/tools/bin/../lib/gcc/arm-none-eabi/8.3.1/../../../../arm-none-eabi/lib/thumb/v6-m/nofp\libcr_c.a(memset.o)
                              ./source/Code_Braco.o (memset)
c:/nxp/mcuxpressoide_11.1.0_3209/ide/plugins/com.nxp.mcuxpresso.tools.win32_11.1.0.201909161352/tools/bin/../lib/gcc/arm-none-eabi/8.3.1/../../../../arm-none-eabi/lib/thumb/v6-m/nofp\libcr_c.a(errno.o)
                              c:/nxp/mcuxpressoide_11.1.0_3209/ide/plugins/com.nxp.mcuxpresso.tools.win32_11.1.0.201909161352/tools/bin/../lib/gcc/arm-none-eabi/8.3.1/../../../../arm-none-eabi/lib/thumb/v6-m/nofp\libcr_c.a(atan2f.o) (errno)
c:/nxp/mcuxpressoide_11.1.0_3209/ide/plugins/com.nxp.mcuxpresso.tools.win32_11.1.0.201909161352/tools/bin/../lib/gcc/arm-none-eabi/8.3.1/../../../../arm-none-eabi/lib/thumb/v6-m/nofp\libcr_c.a(initio.o)
                              c:/nxp/mcuxpressoide_11.1.0_3209/ide/plugins/com.nxp.mcuxpresso.tools.win32_11.1.0.201909161352/tools/bin/../lib/gcc/arm-none-eabi/8.3.1/../../../../arm-none-eabi/lib/thumb/v6-m/nofp\libcr_semihost_nf.a(_cr__main.o) (_initio)
c:/nxp/mcuxpressoide_11.1.0_3209/ide/plugins/com.nxp.mcuxpresso.tools.win32_11.1.0.201909161352/tools/bin/../lib/gcc/arm-none-eabi/8.3.1/../../../../arm-none-eabi/lib/thumb/v6-m/nofp\libcr_c.a(printf.o)
                              ./source/Code_Braco.o (_printf)
c:/nxp/mcuxpressoide_11.1.0_3209/ide/plugins/com.nxp.mcuxpresso.tools.win32_11.1.0.201909161352/tools/bin/../lib/gcc/arm-none-eabi/8.3.1/../../../../arm-none-eabi/lib/thumb/v6-m/nofp\libcr_c.a(setvbuf.o)
                              c:/nxp/mcuxpressoide_11.1.0_3209/ide/plugins/com.nxp.mcuxpresso.tools.win32_11.1.0.201909161352/tools/bin/../lib/gcc/arm-none-eabi/8.3.1/../../../../arm-none-eabi/lib/thumb/v6-m/nofp\libcr_c.a(initio.o) (setvbuf)
c:/nxp/mcuxpressoide_11.1.0_3209/ide/plugins/com.nxp.mcuxpresso.tools.win32_11.1.0.201909161352/tools/bin/../lib/gcc/arm-none-eabi/8.3.1/../../../../arm-none-eabi/lib/thumb/v6-m/nofp\libcr_c.a(strlen.o)
                              c:/nxp/mcuxpressoide_11.1.0_3209/ide/plugins/com.nxp.mcuxpresso.tools.win32_11.1.0.201909161352/tools/bin/../lib/gcc/arm-none-eabi/8.3.1/../../../../arm-none-eabi/lib/thumb/v6-m/nofp\libcr_c.a(printf.o) (strlen)
c:/nxp/mcuxpressoide_11.1.0_3209/ide/plugins/com.nxp.mcuxpresso.tools.win32_11.1.0.201909161352/tools/bin/../lib/gcc/arm-none-eabi/8.3.1/../../../../arm-none-eabi/lib/thumb/v6-m/nofp\libcr_c.a(_deferredlazyseek.o)
                              c:/nxp/mcuxpressoide_11.1.0_3209/ide/plugins/com.nxp.mcuxpresso.tools.win32_11.1.0.201909161352/tools/bin/../lib/gcc/arm-none-eabi/8.3.1/../../../../arm-none-eabi/lib/thumb/v6-m/nofp\libcr_c.a(printf.o) (__flsbuf)
c:/nxp/mcuxpressoide_11.1.0_3209/ide/plugins/com.nxp.mcuxpresso.tools.win32_11.1.0.201909161352/tools/bin/../lib/gcc/arm-none-eabi/8.3.1/../../../../arm-none-eabi/lib/thumb/v6-m/nofp\libcr_c.a(_fdopen.o)
                              c:/nxp/mcuxpressoide_11.1.0_3209/ide/plugins/com.nxp.mcuxpresso.tools.win32_11.1.0.201909161352/tools/bin/../lib/gcc/arm-none-eabi/8.3.1/../../../../arm-none-eabi/lib/thumb/v6-m/nofp\libcr_c.a(initio.o) (_fdopen)
[...]
Memory Configuration

Name             Origin             Length             Attributes
PROGRAM_FLASH    0x00000000         0x00020000         xr
SRAM             0x1ffff000         0x00004000         xrw
*default*        0x00000000         0xffffffff

Linker script and memory map

LOAD ./utilities/fsl_debug_console.o
LOAD ./startup/startup_mkl25z4.o
LOAD ./source/Code_Braco.o
LOAD ./source/Kalman.o
LOAD ./source/mtb.o
LOAD ./source/semihost_hardfault.o
LOAD ./drivers/fsl_adc16.o
LOAD ./drivers/fsl_clock.o
LOAD ./drivers/fsl_cmp.o
LOAD ./drivers/fsl_common.o
LOAD ./drivers/fsl_dac.o
LOAD ./drivers/fsl_dma.o
LOAD ./drivers/fsl_dmamux.o
LOAD ./drivers/fsl_flash.o
LOAD ./drivers/fsl_gpio.o
LOAD ./drivers/fsl_i2c.o
LOAD ./drivers/fsl_i2c_dma.o
LOAD ./drivers/fsl_lpsci.o
LOAD ./drivers/fsl_lpsci_dma.o
LOAD ./drivers/fsl_pit.o
LOAD ./drivers/fsl_smc.o
LOAD ./drivers/fsl_tpm.o
LOAD ./drivers/fsl_uart.o
LOAD ./drivers/fsl_uart_dma.o
LOAD ./board/board.o
LOAD ./board/clock_config.o
LOAD ./board/peripherals.o
LOAD ./board/pin_mux.o
LOAD ./CMSIS_driver/fsl_i2c_cmsis.o
LOAD ./CMSIS/system_MKL25Z4.o
START GROUP
LOAD c:/nxp/mcuxpressoide_11.1.0_3209/ide/plugins/com.nxp.mcuxpresso.tools.win32_11.1.0.201909161352/tools/bin/../lib/gcc/arm-none-eabi/8.3.1/../../../../arm-none-eabi/lib/thumb/v6-m/nofp\libcr_semihost_nf.a
LOAD c:/nxp/mcuxpressoide_11.1.0_3209/ide/plugins/com.nxp.mcuxpresso.tools.win32_11.1.0.201909161352/tools/bin/../lib/gcc/arm-none-eabi/8.3.1/../../../../arm-none-eabi/lib/thumb/v6-m/nofp\libcr_c.a
LOAD c:/nxp/mcuxpressoide_11.1.0_3209/ide/plugins/com.nxp.mcuxpresso.tools.win32_11.1.0.201909161352/tools/bin/../lib/gcc/arm-none-eabi/8.3.1/thumb/v6-m/nofp\libcr_eabihelpers.a
LOAD c:/nxp/mcuxpressoide_11.1.0_3209/ide/plugins/com.nxp.mcuxpresso.tools.win32_11.1.0.201909161352/tools/bin/../lib/gcc/arm-none-eabi/8.3.1/thumb/v6-m/nofp\libgcc.a
END GROUP
                0x00000000                __base_PROGRAM_FLASH = 0x0
                0x00000000                __base_Flash = 0x0
                0x00020000                __top_PROGRAM_FLASH = 0x20000
                0x00020000                __top_Flash = 0x20000
                0x1ffff000                __base_SRAM = 0x1ffff000
                0x1ffff000                __base_RAM = 0x1ffff000
                0x20003000                __top_SRAM = 0x20003000
                0x20003000                __top_RAM = 0x20003000

.text           0x00000000     0x35f0
 FILL mask 0xff
                0x00000000                __vectors_start__ = ABSOLUTE (.)
 *(SORT_BY_ALIGNMENT(.isr_vector))
 .isr_vector    0x00000000       0xc0 ./startup/startup_mkl25z4.o
                0x00000000                g_pfnVectors
                0x00000000                __Vectors
                0x000000c0                . = ALIGN (0x4)
                0x000000c0                __section_table_start = .
                0x000000c0                __data_section_table = .
                0x000000c0        0x4 LONG 0x35f0 LOADADDR (.data)
                0x000000c4        0x4 LONG 0x1ffff080 ADDR (.data)
                0x000000c8        0x4 LONG 0x298 SIZEOF (.data)
                0x000000cc                __data_section_table_end = .
                0x000000cc                __bss_section_table = .
                0x000000cc        0x4 LONG 0x1ffff318 ADDR (.bss)
                0x000000d0        0x4 LONG 0x118 SIZEOF (.bss)
                0x000000d4                __bss_section_table_end = .
                0x000000d4                __section_table_end = .
 *(SORT_BY_ALIGNMENT(.after_vectors*))
 .after_vectors.reset
                0x000000d4       0x44 ./startup/startup_mkl25z4.o
                0x000000d4                ResetISR
 .after_vectors
                0x00000118      0x10c ./startup/startup_mkl25z4.o
                0x00000118                NMI_Handler
                0x0000011c                SVC_Handler
                0x0000011e                PendSV_Handler
                0x00000120                SysTick_Handler
                0x00000122                LPTMR0_DriverIRQHandler
                0x00000122                SPI1_DriverIRQHandler
                0x00000122                PORTD_DriverIRQHandler
                0x00000122                CMP0_DriverIRQHandler
                0x00000122                ADC0_DriverIRQHandler
                0x00000122                SPI0_DriverIRQHandler
                0x00000122                TPM2_DriverIRQHandler
                0x00000122                LVD_LVW_DriverIRQHandler
                0x00000122                Reserved39_DriverIRQHandler
                0x00000122                TSI0_DriverIRQHandler
                0x00000122                RTC_Seconds_DriverIRQHandler
                0x00000122                RTC_DriverIRQHandler
                0x00000122                TPM1_DriverIRQHandler
                0x00000122                LLWU_DriverIRQHandler
                0x00000122                MCG_DriverIRQHandler
                0x00000122                PORTA_DriverIRQHandler
                0x00000122                Reserved45_DriverIRQHandler
                0x00000122                Reserved20_DriverIRQHandler
                0x00000122                FTFA_DriverIRQHandler
                0x00000122                IntDefaultHandler
                0x00000122                USB0_DriverIRQHandler
                0x00000122                DAC0_DriverIRQHandler
                0x00000122                TPM0_DriverIRQHandler
                0x00000124                DMA0_IRQHandler
                0x0000012c                DMA1_IRQHandler
                0x00000134                DMA2_IRQHandler
                0x0000013c                DMA3_IRQHandler
                0x00000144                Reserved20_IRQHandler
                0x0000014c                FTFA_IRQHandler
                0x00000154                LVD_LVW_IRQHandler
                0x0000015c                LLWU_IRQHandler
                0x00000164                I2C0_IRQHandler
                0x0000016c                I2C1_IRQHandler
                0x00000174                SPI0_IRQHandler
                0x0000017c                SPI1_IRQHandler
                0x00000184                UART0_IRQHandler
                0x0000018c                UART1_IRQHandler
                0x00000194                UART2_IRQHandler
                0x0000019c                ADC0_IRQHandler
                0x000001a4                CMP0_IRQHandler
                0x000001ac                TPM0_IRQHandler
                0x000001b4                TPM1_IRQHandler
                0x000001bc                TPM2_IRQHandler
                0x000001c4                RTC_IRQHandler
                0x000001cc                RTC_Seconds_IRQHandler
                0x000001d4                PIT_IRQHandler
                0x000001dc                Reserved39_IRQHandler
                0x000001e4                USB0_IRQHandler
                0x000001ec                DAC0_IRQHandler
                0x000001f4                TSI0_IRQHandler
                0x000001fc                MCG_IRQHandler
                0x00000204                LPTMR0_IRQHandler
                0x0000020c                Reserved45_IRQHandler
                0x00000214                PORTA_IRQHandler
                0x0000021c                PORTD_IRQHandler
 .after_vectors.init_data
                0x00000224       0x16 ./startup/startup_mkl25z4.o
                0x00000224                data_init
 .after_vectors.init_bss
                0x0000023a       0x14 ./startup/startup_mkl25z4.o
                0x0000023a                bss_init
                0x00000400                . = 0x400
 *fill*         0x0000024e      0x1b2 ff
                0x00000400                PROVIDE (__FLASH_CONFIG_START__ = .)
 *(SORT_BY_ALIGNMENT(.FlashConfig))
 .FlashConfig   0x00000400       0x10 ./startup/startup_mkl25z4.o
                0x00000400                Flash_Config
                0x00000410                PROVIDE (__FLASH_CONFIG_END__ = .)
                0x00000001                ASSERT (! ((__FLASH_CONFIG_START__ == __FLASH_CONFIG_END__)), Linker Flash Config Support Enabled, but no .FlashConfig section provided within application)
 *(SORT_BY_ALIGNMENT(.text*))
 .text.DbgConsole_Init
                0x00000410       0x9c ./utilities/fsl_debug_console.o
                0x00000410                DbgConsole_Init
 .text.ACC_Read
                0x000004ac       0x48 ./source/Code_Braco.o
 .text.ACC_Write.isra.1.constprop.5
                0x000004f4       0x40 ./source/Code_Braco.o
 .text.inicializar_dac
                0x00000534       0x54 ./source/Code_Braco.o
                0x00000534                inicializar_dac
 .text.configurar_interrupcao_Hz
                0x00000588       0x70 ./source/Code_Braco.o
                0x00000588                configurar_interrupcao_Hz
 .text.inicializar_PWMs
                0x000005f8       0x58 ./source/Code_Braco.o
                0x000005f8                inicializar_PWMs
 .text.inicializar_I2Cs
                0x00000650       0x58 ./source/Code_Braco.o
                0x00000650                inicializar_I2Cs
 .text.selecionar_sensor
                0x000006a8       0x50 ./source/Code_Braco.o
                0x000006a8                selecionar_sensor
 .text.inicializar_sensores
                0x000006f8       0x20 ./source/Code_Braco.o
                0x000006f8                inicializar_sensores
 .text.rotina_interrupcao
                0x00000718       0x28 ./source/Code_Braco.o
                0x00000718                rotina_interrupcao
 .text.PIT_DriverIRQHandler
                0x00000740       0x1c ./source/Code_Braco.o
                0x00000740                PIT_DriverIRQHandler
 .text.startup.main
                0x0000075c      0x10c ./source/Code_Braco.o
                0x0000075c                main
 .text.HardFault_Handler
                0x00000868       0x2c ./source/semihost_hardfault.o
                0x00000868                HardFault_Handler
 .text.CLOCK_GetFllExtRefClkFreq
                0x00000894       0x3c ./drivers/fsl_clock.o
 .text.CLOCK_GetInternalRefClkSelectFreq
                0x000008d0       0x28 ./drivers/fsl_clock.o
 .text.CLOCK_SetSimConfig
                0x000008f8       0x4c ./drivers/fsl_clock.o
                0x000008f8                CLOCK_SetSimConfig
 .text.CLOCK_GetFllFreq
                0x00000944       0x4c ./drivers/fsl_clock.o
                0x00000944                CLOCK_GetFllFreq
 .text.CLOCK_GetPll0Freq
                0x00000990       0x30 ./drivers/fsl_clock.o
                0x00000990                CLOCK_GetPll0Freq
 .text.CLOCK_GetPllFllSelClkFreq
                0x000009c0       0x24 ./drivers/fsl_clock.o
                0x000009c0                CLOCK_GetPllFllSelClkFreq
 .text.CLOCK_GetOutClkFreq
                0x000009e4       0x38 ./drivers/fsl_clock.o
                0x000009e4                CLOCK_GetOutClkFreq
 .text.CLOCK_GetBusClkFreq
                0x00000a1c       0x2c ./drivers/fsl_clock.o
                0x00000a1c                CLOCK_GetBusClkFreq
 .text.CLOCK_SetInternalRefClkConfig
                0x00000a48       0x74 ./drivers/fsl_clock.o
                0x00000a48                CLOCK_SetInternalRefClkConfig
 .text.CLOCK_EnablePll0
                0x00000abc       0x30 ./drivers/fsl_clock.o
                0x00000abc                CLOCK_EnablePll0
 .text.CLOCK_InitOsc0
                0x00000aec       0x68 ./drivers/fsl_clock.o
                0x00000aec                CLOCK_InitOsc0
 .text.CLOCK_SetPbeMode
                0x00000b54       0x50 ./drivers/fsl_clock.o
                0x00000b54                CLOCK_SetPbeMode
 .text.CLOCK_BootToPeeMode
                0x00000ba4       0x2c ./drivers/fsl_clock.o
                0x00000ba4                CLOCK_BootToPeeMode
 .text.DAC_Init
                0x00000bd0       0x34 ./drivers/fsl_dac.o
                0x00000bd0                DAC_Init
 .text.DMA0_DriverIRQHandler
                0x00000c04       0x10 ./drivers/fsl_dma.o
                0x00000c04                DMA0_DriverIRQHandler
 .text.DMA1_DriverIRQHandler
                0x00000c14       0x10 ./drivers/fsl_dma.o
                0x00000c14                DMA1_DriverIRQHandler
 .text.DMA2_DriverIRQHandler
                0x00000c24       0x10 ./drivers/fsl_dma.o
                0x00000c24                DMA2_DriverIRQHandler
 .text.DMA3_DriverIRQHandler
                0x00000c34       0x10 ./drivers/fsl_dma.o
                0x00000c34                DMA3_DriverIRQHandler
 .text.I2C_CheckAndClearError
                0x00000c44       0x28 ./drivers/fsl_i2c.o
 .text.I2C_TransferCommonIRQHandler
                0x00000c6c       0x28 ./drivers/fsl_i2c.o
 .text.I2C_GetInstance.part.0
                0x00000c94       0x20 ./drivers/fsl_i2c.o
 .text.I2C_MasterSetBaudRate
                0x00000cb4       0x68 ./drivers/fsl_i2c.o
                0x00000cb4                I2C_MasterSetBaudRate
 .text.I2C_MasterInit
                0x00000d1c       0x80 ./drivers/fsl_i2c.o
                0x00000d1c                I2C_MasterInit
 .text.I2C_MasterStop
                0x00000d9c       0x28 ./drivers/fsl_i2c.o
                0x00000d9c                I2C_MasterStop
 .text.I2C_MasterStart
                0x00000dc4       0x34 ./drivers/fsl_i2c.o
                0x00000dc4                I2C_MasterStart
 .text.I2C_MasterRepeatedStart
                0x00000df8       0x54 ./drivers/fsl_i2c.o
                0x00000df8                I2C_MasterRepeatedStart
 .text.I2C_MasterWriteBlocking
                0x00000e4c       0x74 ./drivers/fsl_i2c.o
                0x00000e4c                I2C_MasterWriteBlocking
 .text.I2C_MasterTransferBlocking
                0x00000ec0      0x120 ./drivers/fsl_i2c.o
                0x00000ec0                I2C_MasterTransferBlocking
 .text.I2C0_DriverIRQHandler
                0x00000fe0       0x18 ./drivers/fsl_i2c.o
                0x00000fe0                I2C0_DriverIRQHandler
 .text.I2C1_DriverIRQHandler
                0x00000ff8       0x18 ./drivers/fsl_i2c.o
                0x00000ff8                I2C1_DriverIRQHandler
 .text.LPSCI_Init
                0x00001010      0x128 ./drivers/fsl_lpsci.o
                0x00001010                LPSCI_Init
 .text.LPSCI_ClearStatusFlags
                0x00001138       0x54 ./drivers/fsl_lpsci.o
                0x00001138                LPSCI_ClearStatusFlags
 .text.LPSCI_ReadBlocking
                0x0000118c       0x78 ./drivers/fsl_lpsci.o
                0x0000118c                LPSCI_ReadBlocking
 .text.UART0_DriverIRQHandler
                0x00001204       0x1c ./drivers/fsl_lpsci.o
                0x00001204                UART0_DriverIRQHandler
 .text.PIT_Init
                0x00001220       0x34 ./drivers/fsl_pit.o
                0x00001220                PIT_Init
 .text.TPM_Init
                0x00001254       0x94 ./drivers/fsl_tpm.o
                0x00001254                TPM_Init
 .text.TPM_SetupPwm
                0x000012e8       0xb0 ./drivers/fsl_tpm.o
                0x000012e8                TPM_SetupPwm
 .text.UART_GetInstance
                0x00001398       0x24 ./drivers/fsl_uart.o
                0x00001398                UART_GetInstance
 .text.UART_Init
                0x000013bc       0xdc ./drivers/fsl_uart.o
                0x000013bc                UART_Init
 .text.UART_ReadBlocking
                0x00001498       0x60 ./drivers/fsl_uart.o
                0x00001498                UART_ReadBlocking
 .text.UART1_DriverIRQHandler
                0x000014f8       0x1c ./drivers/fsl_uart.o
                0x000014f8                UART1_DriverIRQHandler
 .text.UART2_DriverIRQHandler
                0x00001514       0x1c ./drivers/fsl_uart.o
                0x00001514                UART2_DriverIRQHandler
 .text.BOARD_InitDebugConsole
                0x00001530       0x38 ./board/board.o
                0x00001530                BOARD_InitDebugConsole
 .text.BOARD_BootClockRUN
                0x00001568       0x94 ./board/clock_config.o
                0x00001568                BOARD_BootClockRUN
 .text.BOARD_InitPins
                0x000015fc      0x170 ./board/pin_mux.o
                0x000015fc                BOARD_InitPins
 .text.SystemInit
                0x0000176c       0x10 ./CMSIS/system_MKL25Z4.o
                0x0000176c                SystemInit
 .text._initio  0x0000177c       0x7c c:/nxp/mcuxpressoide_11.1.0_3209/ide/plugins/com.nxp.mcuxpresso.tools.win32_11.1.0.201909161352/tools/bin/../lib/gcc/arm-none-eabi/8.3.1/../../../../arm-none-eabi/lib/thumb/v6-m/nofp\libcr_c.a(initio.o)
                0x0000177c                _initio
 .text.__vfprintf
                0x000017f8      0xcd8 c:/nxp/mcuxpressoide_11.1.0_3209/ide/plugins/com.nxp.mcuxpresso.tools.win32_11.1.0.201909161352/tools/bin/../lib/gcc/arm-none-eabi/8.3.1/../../../../arm-none-eabi/lib/thumb/v6-m/nofp\libcr_c.a(printf.o)
                0x000017f8                __vfprintf
 .text._vsnprintf
                0x000024d0       0x70 c:/nxp/mcuxpressoide_11.1.0_3209/ide/plugins/com.nxp.mcuxpresso.tools.win32_11.1.0.201909161352/tools/bin/../lib/gcc/arm-none-eabi/8.3.1/../../../../arm-none-eabi/lib/thumb/v6-m/nofp\libcr_c.a(printf.o)
                0x000024d0                _vsnprintf
 .text._printf  0x00002540       0x50 c:/nxp/mcuxpressoide_11.1.0_3209/ide/plugins/com.nxp.mcuxpresso.tools.win32_11.1.0.201909161352/tools/bin/../lib/gcc/arm-none-eabi/8.3.1/../../../../arm-none-eabi/lib/thumb/v6-m/nofp\libcr_c.a(printf.o)
                0x00002540                _printf
 .text.setvbuf  0x00002590       0x4c c:/nxp/mcuxpressoide_11.1.0_3209/ide/plugins/com.nxp.mcuxpresso.tools.win32_11.1.0.201909161352/tools/bin/../lib/gcc/arm-none-eabi/8.3.1/../../../../arm-none-eabi/lib/thumb/v6-m/nofp\libcr_c.a(setvbuf.o)
                0x00002590                setvbuf
 .text.strlen   0x000025dc       0x58 c:/nxp/mcuxpressoide_11.1.0_3209/ide/plugins/com.nxp.mcuxpresso.tools.win32_11.1.0.201909161352/tools/bin/../lib/gcc/arm-none-eabi/8.3.1/../../../../arm-none-eabi/lib/thumb/v6-m/nofp\libcr_c.a(strlen.o)
                0x000025dc                strlen
 .text._deferredlazyseek
                0x00002634       0x40 c:/nxp/mcuxpressoide_11.1.0_3209/ide/plugins/com.nxp.mcuxpresso.tools.win32_11.1.0.201909161352/tools/bin/../lib/gcc/arm-none-eabi/8.3.1/../../../../arm-none-eabi/lib/thumb/v6-m/nofp\libcr_c.a(_deferredlazyseek.o)
                0x00002634                _deferredlazyseek
 .text.__flsbuf
                0x00002674      0x14c c:/nxp/mcuxpressoide_11.1.0_3209/ide/plugins/com.nxp.mcuxpresso.tools.win32_11.1.0.201909161352/tools/bin/../lib/gcc/arm-none-eabi/8.3.1/../../../../arm-none-eabi/lib/thumb/v6-m/nofp\libcr_c.a(_deferredlazyseek.o)
                0x00002674                __flsbuf
 .text._fdopen  0x000027c0       0x74 c:/nxp/mcuxpressoide_11.1.0_3209/ide/plugins/com.nxp.mcuxpresso.tools.win32_11.1.0.201909161352/tools/bin/../lib/gcc/arm-none-eabi/8.3.1/../../../../arm-none-eabi/lib/thumb/v6-m/nofp\libcr_c.a(_fdopen.o)
                0x000027c0                _fdopen
 .text._fflush  0x00002834       0x5c c:/nxp/mcuxpressoide_11.1.0_3209/ide/plugins/com.nxp.mcuxpresso.tools.win32_11.1.0.201909161352/tools/bin/../lib/gcc/arm-none-eabi/8.3.1/../../../../arm-none-eabi/lib/thumb/v6-m/nofp\libcr_c.a(_fflush.o)
                0x00002834                _fflush
 .text._Cwritebuf
                0x00002890       0x68 c:/nxp/mcuxpressoide_11.1.0_3209/ide/plugins/com.nxp.mcuxpresso.tools.win32_11.1.0.201909161352/tools/bin/../lib/gcc/arm-none-eabi/8.3.1/../../../../arm-none-eabi/lib/thumb/v6-m/nofp\libcr_c.a(_writebuf.o)
                0x00002890                _Cwritebuf
 .text.malloc   0x000028f8       0xcc c:/nxp/mcuxpressoide_11.1.0_3209/ide/plugins/com.nxp.mcuxpresso.tools.win32_11.1.0.201909161352/tools/bin/../lib/gcc/arm-none-eabi/8.3.1/../../../../arm-none-eabi/lib/thumb/v6-m/nofp\libcr_c.a(alloc.o)
                0x000028f8                malloc
 .text._Csys_alloc
                0x000029c4       0x20 c:/nxp/mcuxpressoide_11.1.0_3209/ide/plugins/com.nxp.mcuxpresso.tools.win32_11.1.0.201909161352/tools/bin/../lib/gcc/arm-none-eabi/8.3.1/../../../../arm-none-eabi/lib/thumb/v6-m/nofp\libcr_c.a(alloc.o)
                0x000029c4                _Csys_alloc
 .text.fclose   0x000029e4       0x5c c:/nxp/mcuxpressoide_11.1.0_3209/ide/plugins/com.nxp.mcuxpresso.tools.win32_11.1.0.201909161352/tools/bin/../lib/gcc/arm-none-eabi/8.3.1/../../../../arm-none-eabi/lib/thumb/v6-m/nofp\libcr_c.a(fclose.o)
                0x000029e4                fclose
 .text.fflush   0x00002a40       0x44 c:/nxp/mcuxpressoide_11.1.0_3209/ide/plugins/com.nxp.mcuxpresso.tools.win32_11.1.0.201909161352/tools/bin/../lib/gcc/arm-none-eabi/8.3.1/../../../../arm-none-eabi/lib/thumb/v6-m/nofp\libcr_c.a(fflush.o)
                0x00002a40                fflush
 .text.fseek    0x00002a84       0xf0 c:/nxp/mcuxpressoide_11.1.0_3209/ide/plugins/com.nxp.mcuxpresso.tools.win32_11.1.0.201909161352/tools/bin/../lib/gcc/arm-none-eabi/8.3.1/../../../../arm-none-eabi/lib/thumb/v6-m/nofp\libcr_c.a(fseek.o)
                0x00002a84                fseek
 .text.ftell    0x00002b74       0x48 c:/nxp/mcuxpressoide_11.1.0_3209/ide/plugins/com.nxp.mcuxpresso.tools.win32_11.1.0.201909161352/tools/bin/../lib/gcc/arm-none-eabi/8.3.1/../../../../arm-none-eabi/lib/thumb/v6-m/nofp\libcr_c.a(ftell.o)
                0x00002b74                ftell
 .text._sbrk    0x00002bbc       0x40 c:/nxp/mcuxpressoide_11.1.0_3209/ide/plugins/com.nxp.mcuxpresso.tools.win32_11.1.0.201909161352/tools/bin/../lib/gcc/arm-none-eabi/8.3.1/../../../../arm-none-eabi/lib/thumb/v6-m/nofp\libcr_c.a(_cr_sbrk.o)
                0x00002bbc                _sbrk
 .text._do_fflush
                0x00002bfc       0x44 c:/nxp/mcuxpressoide_11.1.0_3209/ide/plugins/com.nxp.mcuxpresso.tools.win32_11.1.0.201909161352/tools/bin/../lib/gcc/arm-none-eabi/8.3.1/../../../../arm-none-eabi/lib/thumb/v6-m/nofp\libcr_c.a(_do_fflush.o)
                0x00002bfc                _do_fflush
 .text.__check_heap_overflow
                0x00002c40       0x14 c:/nxp/mcuxpressoide_11.1.0_3209/ide/plugins/com.nxp.mcuxpresso.tools.win32_11.1.0.201909161352/tools/bin/../lib/gcc/arm-none-eabi/8.3.1/../../../../arm-none-eabi/lib/thumb/v6-m/nofp\libcr_c.a(_cr_check_heap.o)
                0x00002c40                __check_heap_overflow
 .text.__aeabi_ddiv
                0x00002c54      0x148 c:/nxp/mcuxpressoide_11.1.0_3209/ide/plugins/com.nxp.mcuxpresso.tools.win32_11.1.0.201909161352/tools/bin/../lib/gcc/arm-none-eabi/8.3.1/thumb/v6-m/nofp\libcr_eabihelpers.a(double.o)
                0x00002c54                __aeabi_ddiv
 .text.__aeabi_d2uiz
                0x00002d9c       0x34 c:/nxp/mcuxpressoide_11.1.0_3209/ide/plugins/com.nxp.mcuxpresso.tools.win32_11.1.0.201909161352/tools/bin/../lib/gcc/arm-none-eabi/8.3.1/thumb/v6-m/nofp\libcr_eabihelpers.a(double.o)
                0x00002d9c                __aeabi_d2uiz
 .text.__aeabi_fmul
                0x00002dd0       0xc4 c:/nxp/mcuxpressoide_11.1.0_3209/ide/plugins/com.nxp.mcuxpresso.tools.win32_11.1.0.201909161352/tools/bin/../lib/gcc/arm-none-eabi/8.3.1/thumb/v6-m/nofp\libcr_eabihelpers.a(float.o)
                0x00002dd0                __aeabi_fmul
 .text.__aeabi_fdiv
                0x00002e94       0xdc c:/nxp/mcuxpressoide_11.1.0_3209/ide/plugins/com.nxp.mcuxpresso.tools.win32_11.1.0.201909161352/tools/bin/../lib/gcc/arm-none-eabi/8.3.1/thumb/v6-m/nofp\libcr_eabihelpers.a(float.o)
                0x00002e94                __aeabi_fdiv
 .text.__aeabi_f2d
                0x00002f70       0x3c c:/nxp/mcuxpressoide_11.1.0_3209/ide/plugins/com.nxp.mcuxpresso.tools.win32_11.1.0.201909161352/tools/bin/../lib/gcc/arm-none-eabi/8.3.1/thumb/v6-m/nofp\libcr_eabihelpers.a(float.o)
                0x00002f70                __aeabi_f2d
 .text.__sys_appexit
                0x00002fac        0xc c:/nxp/mcuxpressoide_11.1.0_3209/ide/plugins/com.nxp.mcuxpresso.tools.win32_11.1.0.201909161352/tools/bin/../lib/gcc/arm-none-eabi/8.3.1/../../../../arm-none-eabi/lib/thumb/v6-m/nofp\libcr_semihost_nf.a(__sys_appexit.o)
                0x00002fac                __sys_appexit
                0x00002fac                __exit
 .text.ACC_Init
                0x00002fb8       0x7c ./source/Code_Braco.o
 .text.DAC_SetBufferValue
                0x00003034       0x10 ./drivers/fsl_dac.o
                0x00003034                DAC_SetBufferValue
 .text.DAC_SetBufferReadPointer
                0x00003044       0x12 ./drivers/fsl_dac.o
                0x00003044                DAC_SetBufferReadPointer
 .text.DMA_HandleIRQ
                0x00003056       0x22 ./drivers/fsl_dma.o
                0x00003056                DMA_HandleIRQ
 .text.GPIO_PinInit
                0x00003078       0x26 ./drivers/fsl_gpio.o
                0x00003078                GPIO_PinInit
 .text.I2C_MasterGetStatusFlags
                0x0000309e       0x14 ./drivers/fsl_i2c.o
                0x0000309e                I2C_MasterGetStatusFlags
 .text.I2C_MasterReadBlocking
                0x000030b2       0x82 ./drivers/fsl_i2c.o
                0x000030b2                I2C_MasterReadBlocking
 .text.LPSCI_GetDefaultConfig
                0x00003134        0xc ./drivers/fsl_lpsci.o
                0x00003134                LPSCI_GetDefaultConfig
 .text.LPSCI_WriteBlocking
                0x00003140       0x18 ./drivers/fsl_lpsci.o
                0x00003140                LPSCI_WriteBlocking
 .text.UART_GetDefaultConfig
                0x00003158        0xc ./drivers/fsl_uart.o
                0x00003158                UART_GetDefaultConfig
 .text.UART_WriteBlocking
                0x00003164       0x18 ./drivers/fsl_uart.o
                0x00003164                UART_WriteBlocking
 .text.BOARD_InitBootClocks
                0x0000317c        0x8 ./board/clock_config.o
                0x0000317c                BOARD_InitBootClocks
 .text.BOARD_InitBootPeripherals
                0x00003184        0x2 ./board/peripherals.o
                0x00003184                BOARD_InitBootPeripherals
 .text.BOARD_InitBootPins
                0x00003186        0x8 ./board/pin_mux.o
                0x00003186                BOARD_InitBootPins
 .text.__main   0x0000318e        0xc c:/nxp/mcuxpressoide_11.1.0_3209/ide/plugins/com.nxp.mcuxpresso.tools.win32_11.1.0.201909161352/tools/bin/../lib/gcc/arm-none-eabi/8.3.1/../../../../arm-none-eabi/lib/thumb/v6-m/nofp\libcr_semihost_nf.a(_cr__main.o)
                0x0000318e                __CR_SEMIHOST
                0x0000318e                __main
 .text.memcpy   0x0000319a        0x8 c:/nxp/mcuxpressoide_11.1.0_3209/ide/plugins/com.nxp.mcuxpresso.tools.win32_11.1.0.201909161352/tools/bin/../lib/gcc/arm-none-eabi/8.3.1/../../../../arm-none-eabi/lib/thumb/v6-m/nofp\libcr_c.a(memcpy.o)
                0x0000319a                memcpy
 .text.memset   0x000031a2        0x8 c:/nxp/mcuxpressoide_11.1.0_3209/ide/plugins/com.nxp.mcuxpresso.tools.win32_11.1.0.201909161352/tools/bin/../lib/gcc/arm-none-eabi/8.3.1/../../../../arm-none-eabi/lib/thumb/v6-m/nofp\libcr_c.a(memset.o)
                0x000031a2                memset
 .text.no_fp_display
                0x000031aa        0x4 c:/nxp/mcuxpressoide_11.1.0_3209/ide/plugins/com.nxp.mcuxpresso.tools.win32_11.1.0.201909161352/tools/bin/../lib/gcc/arm-none-eabi/8.3.1/../../../../arm-none-eabi/lib/thumb/v6-m/nofp\libcr_c.a(printf.o)
 .text.free     0x000031ae       0x2c c:/nxp/mcuxpressoide_11.1.0_3209/ide/plugins/com.nxp.mcuxpresso.tools.win32_11.1.0.201909161352/tools/bin/../lib/gcc/arm-none-eabi/8.3.1/../../../../arm-none-eabi/lib/thumb/v6-m/nofp\libcr_c.a(alloc.o)
                0x000031ae                free
 .text.remove   0x000031da       0x12 c:/nxp/mcuxpressoide_11.1.0_3209/ide/plugins/com.nxp.mcuxpresso.tools.win32_11.1.0.201909161352/tools/bin/../lib/gcc/arm-none-eabi/8.3.1/../../../../arm-none-eabi/lib/thumb/v6-m/nofp\libcr_c.a(remove.o)
                0x000031da                remove
 .text.__aeabi_division_idivmod
                0x000031ec       0x78 c:/nxp/mcuxpressoide_11.1.0_3209/ide/plugins/com.nxp.mcuxpresso.tools.win32_11.1.0.201909161352/tools/bin/../lib/gcc/arm-none-eabi/8.3.1/thumb/v6-m/nofp\libcr_eabihelpers.a(division_32.o)
                0x000031ec                __aeabi_idivmod
                0x000031ec                __aeabi_idiv
                0x000031f2                __aeabi_uidivmod
                0x000031f2                __aeabi_uidiv
 .text.__aeabi_division_uldivmod
                0x00003264       0x5a c:/nxp/mcuxpressoide_11.1.0_3209/ide/plugins/com.nxp.mcuxpresso.tools.win32_11.1.0.201909161352/tools/bin/../lib/gcc/arm-none-eabi/8.3.1/thumb/v6-m/nofp\libcr_eabihelpers.a(division_64.o)
                0x00003264                __aeabi_uldivmod
 .text.__aeabi_division_idiv0
                0x000032be        0x2 c:/nxp/mcuxpressoide_11.1.0_3209/ide/plugins/com.nxp.mcuxpresso.tools.win32_11.1.0.201909161352/tools/bin/../lib/gcc/arm-none-eabi/8.3.1/thumb/v6-m/nofp\libcr_eabihelpers.a(division_idiv0.o)
                0x000032be                __aeabi_idiv0
 .text.__aeabi_f2uiz
                0x000032c0       0x2a c:/nxp/mcuxpressoide_11.1.0_3209/ide/plugins/com.nxp.mcuxpresso.tools.win32_11.1.0.201909161352/tools/bin/../lib/gcc/arm-none-eabi/8.3.1/thumb/v6-m/nofp\libcr_eabihelpers.a(float.o)
                0x000032c0                __aeabi_f2uiz
 .text.__aeabi_llong_lmul
                0x000032ea       0x2e c:/nxp/mcuxpressoide_11.1.0_3209/ide/plugins/com.nxp.mcuxpresso.tools.win32_11.1.0.201909161352/tools/bin/../lib/gcc/arm-none-eabi/8.3.1/thumb/v6-m/nofp\libcr_eabihelpers.a(llong.o)
                0x000032ea                __aeabi_lmul
 .text.__aeabi_memcpy
                0x00003318       0x2c c:/nxp/mcuxpressoide_11.1.0_3209/ide/plugins/com.nxp.mcuxpresso.tools.win32_11.1.0.201909161352/tools/bin/../lib/gcc/arm-none-eabi/8.3.1/thumb/v6-m/nofp\libcr_eabihelpers.a(memcpy.o)
                0x00003318                __aeabi_memcpy4
                0x00003318                __aeabi_memcpy8
                0x00003318                __aeabi_memcpy
 .text.__aeabi_memset_lowlevel
                0x00003344       0x2a c:/nxp/mcuxpressoide_11.1.0_3209/ide/plugins/com.nxp.mcuxpresso.tools.win32_11.1.0.201909161352/tools/bin/../lib/gcc/arm-none-eabi/8.3.1/thumb/v6-m/nofp\libcr_eabihelpers.a(memcpy.o)
                0x00003344                __aeabi_lowlevel_memset
 .text.__sys_close
                0x0000336e        0xc c:/nxp/mcuxpressoide_11.1.0_3209/ide/plugins/com.nxp.mcuxpresso.tools.win32_11.1.0.201909161352/tools/bin/../lib/gcc/arm-none-eabi/8.3.1/../../../../arm-none-eabi/lib/thumb/v6-m/nofp\libcr_semihost_nf.a(__sys_close.o)
                0x0000336e                __sys_close
 .text.__sys_flen
                0x0000337a        0xc c:/nxp/mcuxpressoide_11.1.0_3209/ide/plugins/com.nxp.mcuxpresso.tools.win32_11.1.0.201909161352/tools/bin/../lib/gcc/arm-none-eabi/8.3.1/../../../../arm-none-eabi/lib/thumb/v6-m/nofp\libcr_semihost_nf.a(__sys_flen.o)
                0x0000337a                __sys_flen
 .text.__sys_istty
                0x00003386        0xc c:/nxp/mcuxpressoide_11.1.0_3209/ide/plugins/com.nxp.mcuxpresso.tools.win32_11.1.0.201909161352/tools/bin/../lib/gcc/arm-none-eabi/8.3.1/../../../../arm-none-eabi/lib/thumb/v6-m/nofp\libcr_semihost_nf.a(__sys_istty.o)
                0x00003386                __sys_istty
 .text.__sys_remove
                0x00003392        0xc c:/nxp/mcuxpressoide_11.1.0_3209/ide/plugins/com.nxp.mcuxpresso.tools.win32_11.1.0.201909161352/tools/bin/../lib/gcc/arm-none-eabi/8.3.1/../../../../arm-none-eabi/lib/thumb/v6-m/nofp\libcr_semihost_nf.a(__sys_remove.o)
                0x00003392                __sys_remove
 .text.__sys_seek
                0x0000339e        0xc c:/nxp/mcuxpressoide_11.1.0_3209/ide/plugins/com.nxp.mcuxpresso.tools.win32_11.1.0.201909161352/tools/bin/../lib/gcc/arm-none-eabi/8.3.1/../../../../arm-none-eabi/lib/thumb/v6-m/nofp\libcr_semihost_nf.a(__sys_seek.o)
                0x0000339e                __sys_seek
 .text.__sys_tmpnam
                0x000033aa        0xc c:/nxp/mcuxpressoide_11.1.0_3209/ide/plugins/com.nxp.mcuxpresso.tools.win32_11.1.0.201909161352/tools/bin/../lib/gcc/arm-none-eabi/8.3.1/../../../../arm-none-eabi/lib/thumb/v6-m/nofp\libcr_semihost_nf.a(__sys_tmpnam.o)
                0x000033aa                __sys_tmpnam
 .text.__sys_write
                0x000033b6        0xc c:/nxp/mcuxpressoide_11.1.0_3209/ide/plugins/com.nxp.mcuxpresso.tools.win32_11.1.0.201909161352/tools/bin/../lib/gcc/arm-none-eabi/8.3.1/../../../../arm-none-eabi/lib/thumb/v6-m/nofp\libcr_semihost_nf.a(__sys_write.o)
                0x000033b6                __sys_write
 *(SORT_BY_ALIGNMENT(.rodata) SORT_BY_ALIGNMENT(.rodata.*) SORT_BY_ALIGNMENT(.constdata) SORT_BY_ALIGNMENT(.constdata.*))
 *fill*         0x000033c2        0x2 ff
 .rodata.s_i2cClocks
                0x000033c4        0x8 ./drivers/fsl_i2c.o
 .rodata.s_tpmClocks
                0x000033cc        0xc ./drivers/fsl_tpm.o
 .rodata.s_uartClock
                0x000033d8        0xc ./drivers/fsl_uart.o
 .rodata.oscConfig_BOARD_BootClockRUN
                0x000033e4        0x8 ./board/clock_config.o
                0x000033e4                oscConfig_BOARD_BootClockRUN
 .rodata.simConfig_BOARD_BootClockRUN
                0x000033ec        0x8 ./board/clock_config.o
                0x000033ec                simConfig_BOARD_BootClockRUN
 .rodata.__num_Ciob_streams
                0x000033f4        0x4 c:/nxp/mcuxpressoide_11.1.0_3209/ide/plugins/com.nxp.mcuxpresso.tools.win32_11.1.0.201909161352/tools/bin/../lib/gcc/arm-none-eabi/8.3.1/../../../../arm-none-eabi/lib/thumb/v6-m/nofp\libcr_semihost_nf.a(__ciob.o)
                0x000033f4                __num_Ciob_streams
 .rodata.fllFactorTable.5230
                0x000033f8       0x10 ./drivers/fsl_clock.o
 .rodata.s_i2cDividerTable
                0x00003408       0x80 ./drivers/fsl_i2c.o
 .rodata        0x00003488        0xc ./source/Code_Braco.o
 .rodata.inicializar_sensores.str1.1
                0x00003494       0x19 ./source/Code_Braco.o
 .rodata.main.str1.1
                0x000034ad       0xcf ./source/Code_Braco.o
 .rodata.rotina_interrupcao.str1.1
                0x0000357c       0x17 ./source/Code_Braco.o
 .rodata.mcgConfig_BOARD_BootClockRUN
                0x00003593        0xa ./board/clock_config.o
                0x00003593                mcgConfig_BOARD_BootClockRUN
 .rodata        0x0000359d        0x2 ./board/pin_mux.o
 .rodata._initio.str1.1
                0x0000359f        0x4 c:/nxp/mcuxpressoide_11.1.0_3209/ide/plugins/com.nxp.mcuxpresso.tools.win32_11.1.0.201909161352/tools/bin/../lib/gcc/arm-none-eabi/8.3.1/../../../../arm-none-eabi/lib/thumb/v6-m/nofp\libcr_c.a(initio.o)
 .rodata.__vfprintf.str1.1
                0x000035a3       0x35 c:/nxp/mcuxpressoide_11.1.0_3209/ide/plugins/com.nxp.mcuxpresso.tools.win32_11.1.0.201909161352/tools/bin/../lib/gcc/arm-none-eabi/8.3.1/../../../../arm-none-eabi/lib/thumb/v6-m/nofp\libcr_c.a(printf.o)
                                 0x38 (size before relaxing)
 .rodata._Csys_alloc.str1.1
                0x000035d8       0x18 c:/nxp/mcuxpressoide_11.1.0_3209/ide/plugins/com.nxp.mcuxpresso.tools.win32_11.1.0.201909161352/tools/bin/../lib/gcc/arm-none-eabi/8.3.1/../../../../arm-none-eabi/lib/thumb/v6-m/nofp\libcr_c.a(alloc.o)
                0x000035f0                . = ALIGN (0x4)

.glue_7         0x000035f0        0x0
 .glue_7        0x000035f0        0x0 linker stubs

.glue_7t        0x000035f0        0x0
 .glue_7t       0x000035f0        0x0 linker stubs

.vfp11_veneer   0x000035f0        0x0
 .vfp11_veneer  0x000035f0        0x0 linker stubs

.v4_bx          0x000035f0        0x0
 .v4_bx         0x000035f0        0x0 linker stubs

.iplt           0x000035f0        0x0
 .iplt          0x000035f0        0x0 ./utilities/fsl_debug_console.o

.rel.dyn        0x000035f0        0x0
 .rel.iplt      0x000035f0        0x0 ./utilities/fsl_debug_console.o

.ARM.extab
 *(SORT_BY_ALIGNMENT(.ARM.extab*) SORT_BY_ALIGNMENT(.gnu.linkonce.armextab.*))
                0x000035f0                __exidx_start = .

.ARM.exidx
 *(SORT_BY_ALIGNMENT(.ARM.exidx*) SORT_BY_ALIGNMENT(.gnu.linkonce.armexidx.*))
                0x000035f0                __exidx_end = .
                0x000035f0                _etext = .

.m_usb_data
 *(SORT_BY_ALIGNMENT(m_usb_bdt))

.mtb_buffer_default
                0x1ffff000       0x80
 *(SORT_BY_ALIGNMENT(.mtb*))
 .mtb.$RAM1     0x1ffff000       0x80 ./source/mtb.o
                0x1ffff000                __mtb_buffer__

.uninit_RESERVED
                0x1ffff080        0x0
                0x1ffff080                _start_uninit_RESERVED = .
 *(SORT_BY_ALIGNMENT(.bss.$RESERVED*))
                0x1ffff080                . = ALIGN (0x4)
                0x1ffff080                _end_uninit_RESERVED = .

.data           0x1ffff080      0x298 load address 0x000035f0
 FILL mask 0xff
                0x1ffff080                _data = .
                [!provide]                PROVIDE (__start_data_RAM = .)
                [!provide]                PROVIDE (__start_data_SRAM = .)
 *(SORT_BY_ALIGNMENT(vtable))
 *(SORT_BY_ALIGNMENT(.ramfunc*))
 *(SORT_BY_ALIGNMENT(CodeQuickAccess))
 *(SORT_BY_ALIGNMENT(DataQuickAccess))
 *(SORT_BY_ALIGNMENT(RamFunction))
 *(SORT_BY_ALIGNMENT(.data*))
 .data.acc_1    0x1ffff080       0xa0 ./source/Code_Braco.o
                0x1ffff080                acc_1
 .data.acc_2    0x1ffff120       0xa0 ./source/Code_Braco.o
                0x1ffff120                acc_2
 .data.acc_3    0x1ffff1c0       0xa0 ./source/Code_Braco.o
                0x1ffff1c0                acc_3
 .data.acc_4    0x1ffff260       0xa0 ./source/Code_Braco.o
                0x1ffff260                acc_4
 .data.teste_motor1
                0x1ffff300        0x4 ./source/Code_Braco.o
                0x1ffff300                teste_motor1
 .data.teste_motor2
                0x1ffff304        0x4 ./source/Code_Braco.o
                0x1ffff304                teste_motor2
 .data.teste_motor3
                0x1ffff308        0x4 ./source/Code_Braco.o
                0x1ffff308                teste_motor3
 .data.s_fastIrcFreq
                0x1ffff30c        0x4 ./drivers/fsl_clock.o
 .data.s_slowIrcFreq
                0x1ffff310        0x4 ./drivers/fsl_clock.o
 .data.SystemCoreClock
                0x1ffff314        0x4 ./CMSIS/system_MKL25Z4.o
                0x1ffff314                SystemCoreClock
                0x1ffff318                . = ALIGN (0x4)
                0x1ffff318                _edata = .
                [!provide]                PROVIDE (__end_data_RAM = .)
                [!provide]                PROVIDE (__end_data_SRAM = .)

.igot.plt       0x1ffff318        0x0 load address 0x00003888
 .igot.plt      0x1ffff318        0x0 ./utilities/fsl_debug_console.o

.bss            0x1ffff318      0x118
                0x1ffff318                _bss = .
                [!provide]                PROVIDE (__start_bss_RAM = .)
                [!provide]                PROVIDE (__start_bss_SRAM = .)
 *(SORT_BY_ALIGNMENT(.bss*))
 .bss.s_debugConsole
                0x1ffff318       0x10 ./utilities/fsl_debug_console.o
 .bss.interruption
                0x1ffff328        0x4 ./source/Code_Braco.o
                0x1ffff328                interruption
 .bss.g_xtal0Freq
                0x1ffff32c        0x4 ./drivers/fsl_clock.o
                0x1ffff32c                g_xtal0Freq
 .bss.g_xtal32Freq
                0x1ffff330        0x4 ./drivers/fsl_clock.o
                0x1ffff330                g_xtal32Freq
 .bss.s_DMAHandle
                0x1ffff334       0x10 ./drivers/fsl_dma.o
 .bss.s_i2cHandle
                0x1ffff344        0x8 ./drivers/fsl_i2c.o
 .bss.s_i2cMasterIsr
                0x1ffff34c        0x4 ./drivers/fsl_i2c.o
 .bss.s_i2cSlaveIsr
                0x1ffff350        0x4 ./drivers/fsl_i2c.o
 .bss.s_lpsciHandle
                0x1ffff354        0x4 ./drivers/fsl_lpsci.o
 .bss.s_lpsciIsr
                0x1ffff358        0x4 ./drivers/fsl_lpsci.o
 .bss.s_uartHandle
                0x1ffff35c        0xc ./drivers/fsl_uart.o
 .bss.s_uartIsr
                0x1ffff368        0x4 ./drivers/fsl_uart.o
 .bss.errno     0x1ffff36c        0x4 c:/nxp/mcuxpressoide_11.1.0_3209/ide/plugins/com.nxp.mcuxpresso.tools.win32_11.1.0.201909161352/tools/bin/../lib/gcc/arm-none-eabi/8.3.1/../../../../arm-none-eabi/lib/thumb/v6-m/nofp\libcr_c.a(errno.o)
                0x1ffff36c                errno
 .bss.__end_of_heap
                0x1ffff370        0x4 c:/nxp/mcuxpressoide_11.1.0_3209/ide/plugins/com.nxp.mcuxpresso.tools.win32_11.1.0.201909161352/tools/bin/../lib/gcc/arm-none-eabi/8.3.1/../../../../arm-none-eabi/lib/thumb/v6-m/nofp\libcr_c.a(__init_alloc.o)
                0x1ffff370                __end_of_heap
 .bss.__heaps   0x1ffff374        0x4 c:/nxp/mcuxpressoide_11.1.0_3209/ide/plugins/com.nxp.mcuxpresso.tools.win32_11.1.0.201909161352/tools/bin/../lib/gcc/arm-none-eabi/8.3.1/../../../../arm-none-eabi/lib/thumb/v6-m/nofp\libcr_c.a(__init_alloc.o)
                0x1ffff374                __heaps
 .bss.__Ciob    0x1ffff378       0xb4 c:/nxp/mcuxpressoide_11.1.0_3209/ide/plugins/com.nxp.mcuxpresso.tools.win32_11.1.0.201909161352/tools/bin/../lib/gcc/arm-none-eabi/8.3.1/../../../../arm-none-eabi/lib/thumb/v6-m/nofp\libcr_semihost_nf.a(__ciob.o)
                0x1ffff378                __Ciob
 .bss.DAC_CONFIG.6126
                0x1ffff42c        0x2 ./source/Code_Braco.o
 *(SORT_BY_ALIGNMENT(COMMON))
                0x1ffff430                . = ALIGN (0x4)
 *fill*         0x1ffff42e        0x2 
                0x1ffff430                _ebss = .
                [!provide]                PROVIDE (__end_bss_RAM = .)
                [!provide]                PROVIDE (__end_bss_SRAM = .)
                [!provide]                PROVIDE (end = .)

.noinit         0x1ffff430        0x0
                0x1ffff430                _noinit = .
                [!provide]                PROVIDE (__start_noinit_RAM = .)
                [!provide]                PROVIDE (__start_noinit_SRAM = .)
 *(SORT_BY_ALIGNMENT(.noinit*))
                0x1ffff430                . = ALIGN (0x4)
                0x1ffff430                _end_noinit = .
                [!provide]                PROVIDE (__end_noinit_RAM = .)
                [!provide]                PROVIDE (__end_noinit_SRAM = .)
                0x00000400                _HeapSize = 0x400

.heap           0x1ffff430      0x400
                0x1ffff430                _pvHeapStart = .
                0x1ffff830                . = (. + _HeapSize)
 *fill*         0x1ffff430      0x400 
                0x1ffff830                . = ALIGN (0x4)
                0x1ffff830                _pvHeapLimit = .
                0x00000400                _StackSize = 0x400

.heap2stackfill
                0x1ffff830      0x400
                0x1ffffc30                . = (. + _StackSize)
 *fill*         0x1ffff830      0x400 

.stack          0x20002c00        0x0
                0x20002c00                _vStackBase = .
                0x20002c00                . = ALIGN (0x4)
                0x20003000                _vStackTop = (. + _StackSize)
                0x00000000                _image_start = LOADADDR (.text)
                0x00003888                _image_end = (LOADADDR (.data) + SIZEOF (.data))
                0x00003888                _image_size = (_image_end - _image_start)
OUTPUT(jun_elo_pd.axf elf32-littlearm)

.debug_info     0x00000000    0x119dc
 .debug_info    0x00000000      0xb0f ./utilities/fsl_debug_console.o
 .debug_info    0x00000b0f      0x69d ./startup/startup_mkl25z4.o
 .debug_info    0x000011ac     0x318c ./source/Code_Braco.o
 .debug_info    0x00004338       0x4f ./source/mtb.o
 .debug_info    0x00004387       0x38 ./source/semihost_hardfault.o
 .debug_info    0x000043bf     0x20e3 ./drivers/fsl_clock.o
 .debug_info    0x000064a2      0x7ff ./drivers/fsl_dac.o
 .debug_info    0x00006ca1      0xff1 ./drivers/fsl_dma.o
 .debug_info    0x00007c92      0x60e ./drivers/fsl_gpio.o
 .debug_info    0x000082a0     0x2681 ./drivers/fsl_i2c.o
 .debug_info    0x0000a921     0x1beb ./drivers/fsl_lpsci.o
 .debug_info    0x0000c50c      0x508 ./drivers/fsl_pit.o
 .debug_info    0x0000ca14      0xdc6 ./drivers/fsl_tpm.o
 .debug_info    0x0000d7da     0x1ada ./drivers/fsl_uart.o
 .debug_info    0x0000f2b4      0x869 ./board/board.o
 .debug_info    0x0000fb1d      0xd15 ./board/clock_config.o
 .debug_info    0x00010832       0x38 ./board/peripherals.o
 .debug_info    0x0001086a      0xd33 ./board/pin_mux.o
 .debug_info    0x0001159d      0x43f ./CMSIS/system_MKL25Z4.o

.debug_abbrev   0x00000000     0x3389
 .debug_abbrev  0x00000000      0x28b ./utilities/fsl_debug_console.o
 .debug_abbrev  0x0000028b      0x155 ./startup/startup_mkl25z4.o
 .debug_abbrev  0x000003e0      0x4d9 ./source/Code_Braco.o
 .debug_abbrev  0x000008b9       0x43 ./source/mtb.o
 .debug_abbrev  0x000008fc       0x2e ./source/semihost_hardfault.o
 .debug_abbrev  0x0000092a      0x4f4 ./drivers/fsl_clock.o
 .debug_abbrev  0x00000e1e      0x287 ./drivers/fsl_dac.o
 .debug_abbrev  0x000010a5      0x3ea ./drivers/fsl_dma.o
 .debug_abbrev  0x0000148f      0x24a ./drivers/fsl_gpio.o
 .debug_abbrev  0x000016d9      0x4f3 ./drivers/fsl_i2c.o
 .debug_abbrev  0x00001bcc      0x4b1 ./drivers/fsl_lpsci.o
 .debug_abbrev  0x0000207d      0x269 ./drivers/fsl_pit.o
 .debug_abbrev  0x000022e6      0x33d ./drivers/fsl_tpm.o
 .debug_abbrev  0x00002623      0x4b3 ./drivers/fsl_uart.o
 .debug_abbrev  0x00002ad6      0x20a ./board/board.o
 .debug_abbrev  0x00002ce0      0x2b4 ./board/clock_config.o
 .debug_abbrev  0x00002f94       0x2e ./board/peripherals.o
 .debug_abbrev  0x00002fc2      0x271 ./board/pin_mux.o
 .debug_abbrev  0x00003233      0x156 ./CMSIS/system_MKL25Z4.o

.debug_loc      0x00000000     0x90c0
 .debug_loc     0x00000000      0x1dd ./utilities/fsl_debug_console.o
 .debug_loc     0x000001dd      0x234 ./startup/startup_mkl25z4.o
 .debug_loc     0x00000411     0x14e9 ./source/Code_Braco.o
 .debug_loc     0x000018fa     0x13e2 ./drivers/fsl_clock.o
 .debug_loc     0x00002cdc      0x374 ./drivers/fsl_dac.o
 .debug_loc     0x00003050      0x60e ./drivers/fsl_dma.o
 .debug_loc     0x0000365e      0x2e9 ./drivers/fsl_gpio.o
 .debug_loc     0x00003947     0x2412 ./drivers/fsl_i2c.o
 .debug_loc     0x00005d59     0x12c4 ./drivers/fsl_lpsci.o
 .debug_loc     0x0000701d      0x11a ./drivers/fsl_pit.o
 .debug_loc     0x00007137      0x713 ./drivers/fsl_tpm.o
 .debug_loc     0x0000784a     0x1167 ./drivers/fsl_uart.o
 .debug_loc     0x000089b1       0x38 ./board/board.o
 .debug_loc     0x000089e9       0xa9 ./board/clock_config.o
 .debug_loc     0x00008a92      0x568 ./board/pin_mux.o
 .debug_loc     0x00008ffa       0xc6 ./CMSIS/system_MKL25Z4.o

.debug_aranges  0x00000000      0x9a0
 .debug_aranges
                0x00000000       0x28 ./utilities/fsl_debug_console.o
 .debug_aranges
                0x00000028      0x160 ./startup/startup_mkl25z4.o
 .debug_aranges
                0x00000188       0xe0 ./source/Code_Braco.o
 .debug_aranges
                0x00000268       0x18 ./source/mtb.o
 .debug_aranges
                0x00000280       0x20 ./source/semihost_hardfault.o
 .debug_aranges
                0x000002a0      0x170 ./drivers/fsl_clock.o
 .debug_aranges
                0x00000410       0x70 ./drivers/fsl_dac.o
 .debug_aranges
                0x00000480       0x98 ./drivers/fsl_dma.o
 .debug_aranges
                0x00000518       0x30 ./drivers/fsl_gpio.o
 .debug_aranges
                0x00000548      0x120 ./drivers/fsl_i2c.o
 .debug_aranges
                0x00000668       0xe0 ./drivers/fsl_lpsci.o
 .debug_aranges
                0x00000748       0x30 ./drivers/fsl_pit.o
 .debug_aranges
                0x00000778       0x70 ./drivers/fsl_tpm.o
 .debug_aranges
                0x000007e8       0xf8 ./drivers/fsl_uart.o
 .debug_aranges
                0x000008e0       0x20 ./board/board.o
 .debug_aranges
                0x00000900       0x30 ./board/clock_config.o
 .debug_aranges
                0x00000930       0x20 ./board/peripherals.o
 .debug_aranges
                0x00000950       0x28 ./board/pin_mux.o
 .debug_aranges
                0x00000978       0x28 ./CMSIS/system_MKL25Z4.o

.debug_ranges   0x00000000     0x11c0
 .debug_ranges  0x00000000       0x48 ./utilities/fsl_debug_console.o
 .debug_ranges  0x00000048      0x150 ./startup/startup_mkl25z4.o
 .debug_ranges  0x00000198      0x260 ./source/Code_Braco.o
 .debug_ranges  0x000003f8       0x10 ./source/semihost_hardfault.o
 .debug_ranges  0x00000408      0x2a0 ./drivers/fsl_clock.o
 .debug_ranges  0x000006a8       0xb0 ./drivers/fsl_dac.o
 .debug_ranges  0x00000758       0xf0 ./drivers/fsl_dma.o
 .debug_ranges  0x00000848       0x38 ./drivers/fsl_gpio.o
 .debug_ranges  0x00000880      0x2f0 ./drivers/fsl_i2c.o
 .debug_ranges  0x00000b70      0x1a8 ./drivers/fsl_lpsci.o
 .debug_ranges  0x00000d18       0x60 ./drivers/fsl_pit.o
 .debug_ranges  0x00000d78       0xc8 ./drivers/fsl_tpm.o
 .debug_ranges  0x00000e40      0x150 ./drivers/fsl_uart.o
 .debug_ranges  0x00000f90       0x28 ./board/board.o
 .debug_ranges  0x00000fb8       0xc0 ./board/clock_config.o
 .debug_ranges  0x00001078       0x10 ./board/peripherals.o
 .debug_ranges  0x00001088      0x120 ./board/pin_mux.o
 .debug_ranges  0x000011a8       0x18 ./CMSIS/system_MKL25Z4.o

.debug_line     0x00000000     0x99ff
 .debug_line    0x00000000      0x444 ./utilities/fsl_debug_console.o
 .debug_line    0x00000444      0x378 ./startup/startup_mkl25z4.o
 .debug_line    0x000007bc     0x12d7 ./source/Code_Braco.o
 .debug_line    0x00001a93       0x30 ./source/mtb.o
 .debug_line    0x00001ac3       0x5b ./source/semihost_hardfault.o
 .debug_line    0x00001b1e     0x1865 ./drivers/fsl_clock.o
 .debug_line    0x00003383      0x4e2 ./drivers/fsl_dac.o
 .debug_line    0x00003865      0x707 ./drivers/fsl_dma.o
 .debug_line    0x00003f6c      0x365 ./drivers/fsl_gpio.o
 .debug_line    0x000042d1     0x1a75 ./drivers/fsl_i2c.o
 .debug_line    0x00005d46     0x104f ./drivers/fsl_lpsci.o
 .debug_line    0x00006d95      0x31d ./drivers/fsl_pit.o
 .debug_line    0x000070b2      0x886 ./drivers/fsl_tpm.o
 .debug_line    0x00007938      0xfef ./drivers/fsl_uart.o
 .debug_line    0x00008927      0x34f ./board/board.o
 .debug_line    0x00008c76      0x42f ./board/clock_config.o
 .debug_line    0x000090a5       0x4b ./board/peripherals.o
 .debug_line    0x000090f0      0x610 ./board/pin_mux.o
 .debug_line    0x00009700      0x2ff ./CMSIS/system_MKL25Z4.o

.debug_str      0x00000000     0x61b6
 .debug_str     0x00000000      0xb5b ./utilities/fsl_debug_console.o
                                0xbd8 (size before relaxing)
 .debug_str     0x00000b5b      0x3a6 ./startup/startup_mkl25z4.o
                                0x50b (size before relaxing)
 .debug_str     0x00000f01     0x1606 ./source/Code_Braco.o
                               0x1e60 (size before relaxing)
 .debug_str     0x00002507       0x1f ./source/mtb.o
                                0x183 (size before relaxing)
 .debug_str     0x00002526       0x1f ./source/semihost_hardfault.o
                                0x183 (size before relaxing)
 .debug_str     0x00002545      0xd98 ./drivers/fsl_clock.o
                               0x1824 (size before relaxing)
 .debug_str     0x000032dd      0x22d ./drivers/fsl_dac.o
                                0x761 (size before relaxing)
 .debug_str     0x0000350a      0x730 ./drivers/fsl_dma.o
                                0xe49 (size before relaxing)
 .debug_str     0x00003c3a      0x134 ./drivers/fsl_gpio.o
                                0x84b (size before relaxing)
 .debug_str     0x00003d6e      0xa9f ./drivers/fsl_i2c.o
                               0x17b4 (size before relaxing)
 .debug_str     0x0000480d      0x8f2 ./drivers/fsl_lpsci.o
                               0x15f3 (size before relaxing)
 .debug_str     0x000050ff       0x6f ./drivers/fsl_pit.o
                                0x4f7 (size before relaxing)
 .debug_str     0x0000516e      0x3bb ./drivers/fsl_tpm.o
                               0x11bb (size before relaxing)
 .debug_str     0x00005529      0x7ed ./drivers/fsl_uart.o
                               0x15ff (size before relaxing)
 .debug_str     0x00005d16       0x35 ./board/board.o
                                0x7a1 (size before relaxing)
 .debug_str     0x00005d4b      0x25d ./board/clock_config.o
                                0xeaf (size before relaxing)
 .debug_str     0x00005fa8       0x17 ./board/peripherals.o
                                0x183 (size before relaxing)
 .debug_str     0x00005fbf      0x1b3 ./board/pin_mux.o
                                0x766 (size before relaxing)
 .debug_str     0x00006172       0x44 ./CMSIS/system_MKL25Z4.o
                                0x365 (size before relaxing)

.comment        0x00000000       0x76
 .comment       0x00000000       0x76 ./utilities/fsl_debug_console.o
                                 0x77 (size before relaxing)
 .comment       0x00000076       0x77 ./startup/startup_mkl25z4.o
 .comment       0x00000076       0x77 ./source/Code_Braco.o
 .comment       0x00000076       0x77 ./source/mtb.o
 .comment       0x00000076       0x77 ./source/semihost_hardfault.o
 .comment       0x00000076       0x77 ./drivers/fsl_clock.o
 .comment       0x00000076       0x77 ./drivers/fsl_dac.o
 .comment       0x00000076       0x77 ./drivers/fsl_dma.o
 .comment       0x00000076       0x77 ./drivers/fsl_gpio.o
 .comment       0x00000076       0x77 ./drivers/fsl_i2c.o
 .comment       0x00000076       0x77 ./drivers/fsl_lpsci.o
 .comment       0x00000076       0x77 ./drivers/fsl_pit.o
 .comment       0x00000076       0x77 ./drivers/fsl_tpm.o
 .comment       0x00000076       0x77 ./drivers/fsl_uart.o
 .comment       0x00000076       0x77 ./board/board.o
 .comment       0x00000076       0x77 ./board/clock_config.o
 .comment       0x00000076       0x77 ./board/peripherals.o
 .comment       0x00000076       0x77 ./board/pin_mux.o
 .comment       0x00000076       0x77 ./CMSIS/system_MKL25Z4.o
 .comment       0x00000076       0x77 c:/nxp/mcuxpressoide_11.1.0_3209/ide/plugins/com.nxp.mcuxpresso.tools.win32_11.1.0.201909161352/tools/bin/../lib/gcc/arm-none-eabi/8.3.1/../../../../arm-none-eabi/lib/thumb/v6-m/nofp\libcr_semihost_nf.a(_cr__main.o)
 .comment       0x00000076       0x77 c:/nxp/mcuxpressoide_11.1.0_3209/ide/plugins/com.nxp.mcuxpresso.tools.win32_11.1.0.201909161352/tools/bin/../lib/gcc/arm-none-eabi/8.3.1/../../../../arm-none-eabi/lib/thumb/v6-m/nofp\libcr_c.a(memcpy.o)
 .comment       0x00000076       0x77 c:/nxp/mcuxpressoide_11.1.0_3209/ide/plugins/com.nxp.mcuxpresso.tools.win32_11.1.0.201909161352/tools/bin/../lib/gcc/arm-none-eabi/8.3.1/../../../../arm-none-eabi/lib/thumb/v6-m/nofp\libcr_c.a(memset.o)
 .comment       0x00000076       0x77 c:/nxp/mcuxpressoide_11.1.0_3209/ide/plugins/com.nxp.mcuxpresso.tools.win32_11.1.0.201909161352/tools/bin/../lib/gcc/arm-none-eabi/8.3.1/../../../../arm-none-eabi/lib/thumb/v6-m/nofp\libcr_c.a(errno.o)
 .comment       0x00000076       0x77 c:/nxp/mcuxpressoide_11.1.0_3209/ide/plugins/com.nxp.mcuxpresso.tools.win32_11.1.0.201909161352/tools/bin/../lib/gcc/arm-none-eabi/8.3.1/../../../../arm-none-eabi/lib/thumb/v6-m/nofp\libcr_c.a(initio.o)
 .comment       0x00000076       0x77 c:/nxp/mcuxpressoide_11.1.0_3209/ide/plugins/com.nxp.mcuxpresso.tools.win32_11.1.0.201909161352/tools/bin/../lib/gcc/arm-none-eabi/8.3.1/../../../../arm-none-eabi/lib/thumb/v6-m/nofp\libcr_c.a(printf.o)
 .comment       0x00000076       0x77 c:/nxp/mcuxpressoide_11.1.0_3209/ide/plugins/com.nxp.mcuxpresso.tools.win32_11.1.0.201909161352/tools/bin/../lib/gcc/arm-none-eabi/8.3.1/../../../../arm-none-eabi/lib/thumb/v6-m/nofp\libcr_c.a(setvbuf.o)
 .comment       0x00000076       0x77 c:/nxp/mcuxpressoide_11.1.0_3209/ide/plugins/com.nxp.mcuxpresso.tools.win32_11.1.0.201909161352/tools/bin/../lib/gcc/arm-none-eabi/8.3.1/../../../../arm-none-eabi/lib/thumb/v6-m/nofp\libcr_c.a(strlen.o)
 .comment       0x00000076       0x77 c:/nxp/mcuxpressoide_11.1.0_3209/ide/plugins/com.nxp.mcuxpresso.tools.win32_11.1.0.201909161352/tools/bin/../lib/gcc/arm-none-eabi/8.3.1/../../../../arm-none-eabi/lib/thumb/v6-m/nofp\libcr_c.a(_deferredlazyseek.o)
 .comment       0x00000076       0x77 c:/nxp/mcuxpressoide_11.1.0_3209/ide/plugins/com.nxp.mcuxpresso.tools.win32_11.1.0.201909161352/tools/bin/../lib/gcc/arm-none-eabi/8.3.1/../../../../arm-none-eabi/lib/thumb/v6-m/nofp\libcr_c.a(_fdopen.o)
 .comment       0x00000076       0x77 c:/nxp/mcuxpressoide_11.1.0_3209/ide/plugins/com.nxp.mcuxpresso.tools.win32_11.1.0.201909161352/tools/bin/../lib/gcc/arm-none-eabi/8.3.1/../../../../arm-none-eabi/lib/thumb/v6-m/nofp\libcr_c.a(_fflush.o)
 .comment       0x00000076       0x77 c:/nxp/mcuxpressoide_11.1.0_3209/ide/plugins/com.nxp.mcuxpresso.tools.win32_11.1.0.201909161352/tools/bin/../lib/gcc/arm-none-eabi/8.3.1/../../../../arm-none-eabi/lib/thumb/v6-m/nofp\libcr_c.a(_writebuf.o)
 .comment       0x00000076       0x77 c:/nxp/mcuxpressoide_11.1.0_3209/ide/plugins/com.nxp.mcuxpresso.tools.win32_11.1.0.201909161352/tools/bin/../lib/gcc/arm-none-eabi/8.3.1/../../../../arm-none-eabi/lib/thumb/v6-m/nofp\libcr_c.a(alloc.o)
 .comment       0x00000076       0x77 c:/nxp/mcuxpressoide_11.1.0_3209/ide/plugins/com.nxp.mcuxpresso.tools.win32_11.1.0.201909161352/tools/bin/../lib/gcc/arm-none-eabi/8.3.1/../../../../arm-none-eabi/lib/thumb/v6-m/nofp\libcr_c.a(fclose.o)
 .comment       0x00000076       0x77 c:/nxp/mcuxpressoide_11.1.0_3209/ide/plugins/com.nxp.mcuxpresso.tools.win32_11.1.0.201909161352/tools/bin/../lib/gcc/arm-none-eabi/8.3.1/../../../../arm-none-eabi/lib/thumb/v6-m/nofp\libcr_c.a(fflush.o)
 .comment       0x00000076       0x77 c:/nxp/mcuxpressoide_11.1.0_3209/ide/plugins/com.nxp.mcuxpresso.tools.win32_11.1.0.201909161352/tools/bin/../lib/gcc/arm-none-eabi/8.3.1/../../../../arm-none-eabi/lib/thumb/v6-m/nofp\libcr_c.a(fseek.o)
 .comment       0x00000076       0x77 c:/nxp/mcuxpressoide_11.1.0_3209/ide/plugins/com.nxp.mcuxpresso.tools.win32_11.1.0.201909161352/tools/bin/../lib/gcc/arm-none-eabi/8.3.1/../../../../arm-none-eabi/lib/thumb/v6-m/nofp\libcr_c.a(ftell.o)
 .comment       0x00000076       0x77 c:/nxp/mcuxpressoide_11.1.0_3209/ide/plugins/com.nxp.mcuxpresso.tools.win32_11.1.0.201909161352/tools/bin/../lib/gcc/arm-none-eabi/8.3.1/../../../../arm-none-eabi/lib/thumb/v6-m/nofp\libcr_c.a(remove.o)
 .comment       0x00000076       0x77 c:/nxp/mcuxpressoide_11.1.0_3209/ide/plugins/com.nxp.mcuxpresso.tools.win32_11.1.0.201909161352/tools/bin/../lib/gcc/arm-none-eabi/8.3.1/../../../../arm-none-eabi/lib/thumb/v6-m/nofp\libcr_c.a(__init_alloc.o)
 .comment       0x00000076       0x77 c:/nxp/mcuxpressoide_11.1.0_3209/ide/plugins/com.nxp.mcuxpresso.tools.win32_11.1.0.201909161352/tools/bin/../lib/gcc/arm-none-eabi/8.3.1/../../../../arm-none-eabi/lib/thumb/v6-m/nofp\libcr_c.a(_cr_sbrk.o)
 .comment       0x00000076       0x77 c:/nxp/mcuxpressoide_11.1.0_3209/ide/plugins/com.nxp.mcuxpresso.tools.win32_11.1.0.201909161352/tools/bin/../lib/gcc/arm-none-eabi/8.3.1/../../../../arm-none-eabi/lib/thumb/v6-m/nofp\libcr_c.a(_do_fflush.o)
 .comment       0x00000076       0x77 c:/nxp/mcuxpressoide_11.1.0_3209/ide/plugins/com.nxp.mcuxpresso.tools.win32_11.1.0.201909161352/tools/bin/../lib/gcc/arm-none-eabi/8.3.1/../../../../arm-none-eabi/lib/thumb/v6-m/nofp\libcr_c.a(_cr_check_heap.o)
 .comment       0x00000076       0x77 c:/nxp/mcuxpressoide_11.1.0_3209/ide/plugins/com.nxp.mcuxpresso.tools.win32_11.1.0.201909161352/tools/bin/../lib/gcc/arm-none-eabi/8.3.1/thumb/v6-m/nofp\libcr_eabihelpers.a(double.o)
 .comment       0x00000076       0x77 c:/nxp/mcuxpressoide_11.1.0_3209/ide/plugins/com.nxp.mcuxpresso.tools.win32_11.1.0.201909161352/tools/bin/../lib/gcc/arm-none-eabi/8.3.1/thumb/v6-m/nofp\libcr_eabihelpers.a(float.o)
 .comment       0x00000076       0x77 c:/nxp/mcuxpressoide_11.1.0_3209/ide/plugins/com.nxp.mcuxpresso.tools.win32_11.1.0.201909161352/tools/bin/../lib/gcc/arm-none-eabi/8.3.1/../../../../arm-none-eabi/lib/thumb/v6-m/nofp\libcr_semihost_nf.a(__ciob.o)

.ARM.attributes
                0x00000000       0x2a
 .ARM.attributes
                0x00000000       0x2c ./utilities/fsl_debug_console.o
 .ARM.attributes
                0x0000002c       0x2c ./startup/startup_mkl25z4.o
 .ARM.attributes
                0x00000058       0x2c ./source/Code_Braco.o
 .ARM.attributes
                0x00000084       0x32 ./source/mtb.o
 .ARM.attributes
                0x000000b6       0x2c ./source/semihost_hardfault.o
 .ARM.attributes
                0x000000e2       0x2c ./drivers/fsl_clock.o
 .ARM.attributes
                0x0000010e       0x2c ./drivers/fsl_dac.o
 .ARM.attributes
                0x0000013a       0x2c ./drivers/fsl_dma.o
 .ARM.attributes
                0x00000166       0x2c ./drivers/fsl_gpio.o
 .ARM.attributes
                0x00000192       0x2c ./drivers/fsl_i2c.o
 .ARM.attributes
                0x000001be       0x2c ./drivers/fsl_lpsci.o
 .ARM.attributes
                0x000001ea       0x2c ./drivers/fsl_pit.o
 .ARM.attributes
                0x00000216       0x2c ./drivers/fsl_tpm.o
 .ARM.attributes
                0x00000242       0x2c ./drivers/fsl_uart.o
 .ARM.attributes
                0x0000026e       0x2c ./board/board.o
 .ARM.attributes
                0x0000029a       0x2c ./board/clock_config.o
 .ARM.attributes
                0x000002c6       0x2c ./board/peripherals.o
 .ARM.attributes
                0x000002f2       0x2c ./board/pin_mux.o
 .ARM.attributes
                0x0000031e       0x2c ./CMSIS/system_MKL25Z4.o
 .ARM.attributes
                0x0000034a       0x2c c:/nxp/mcuxpressoide_11.1.0_3209/ide/plugins/com.nxp.mcuxpresso.tools.win32_11.1.0.201909161352/tools/bin/../lib/gcc/arm-none-eabi/8.3.1/../../../../arm-none-eabi/lib/thumb/v6-m/nofp\libcr_semihost_nf.a(_cr__main.o)
 .ARM.attributes
                0x00000376       0x2c c:/nxp/mcuxpressoide_11.1.0_3209/ide/plugins/com.nxp.mcuxpresso.tools.win32_11.1.0.201909161352/tools/bin/../lib/gcc/arm-none-eabi/8.3.1/../../../../arm-none-eabi/lib/thumb/v6-m/nofp\libcr_c.a(memcpy.o)
 .ARM.attributes
                0x000003a2       0x2c c:/nxp/mcuxpressoide_11.1.0_3209/ide/plugins/com.nxp.mcuxpresso.tools.win32_11.1.0.201909161352/tools/bin/../lib/gcc/arm-none-eabi/8.3.1/../../../../arm-none-eabi/lib/thumb/v6-m/nofp\libcr_c.a(memset.o)
 .ARM.attributes
                0x000003ce       0x31 c:/nxp/mcuxpressoide_11.1.0_3209/ide/plugins/com.nxp.mcuxpresso.tools.win32_11.1.0.201909161352/tools/bin/../lib/gcc/arm-none-eabi/8.3.1/../../../../arm-none-eabi/lib/thumb/v6-m/nofp\libcr_c.a(errno.o)
 .ARM.attributes
                0x000003ff       0x2c c:/nxp/mcuxpressoide_11.1.0_3209/ide/plugins/com.nxp.mcuxpresso.tools.win32_11.1.0.201909161352/tools/bin/../lib/gcc/arm-none-eabi/8.3.1/../../../../arm-none-eabi/lib/thumb/v6-m/nofp\libcr_c.a(initio.o)
 .ARM.attributes
                0x0000042b       0x2c c:/nxp/mcuxpressoide_11.1.0_3209/ide/plugins/com.nxp.mcuxpresso.tools.win32_11.1.0.201909161352/tools/bin/../lib/gcc/arm-none-eabi/8.3.1/../../../../arm-none-eabi/lib/thumb/v6-m/nofp\libcr_c.a(printf.o)
 .ARM.attributes
                0x00000457       0x2c c:/nxp/mcuxpressoide_11.1.0_3209/ide/plugins/com.nxp.mcuxpresso.tools.win32_11.1.0.201909161352/tools/bin/../lib/gcc/arm-none-eabi/8.3.1/../../../../arm-none-eabi/lib/thumb/v6-m/nofp\libcr_c.a(setvbuf.o)
 .ARM.attributes
                0x00000483       0x2c c:/nxp/mcuxpressoide_11.1.0_3209/ide/plugins/com.nxp.mcuxpresso.tools.win32_11.1.0.201909161352/tools/bin/../lib/gcc/arm-none-eabi/8.3.1/../../../../arm-none-eabi/lib/thumb/v6-m/nofp\libcr_c.a(strlen.o)
 .ARM.attributes
                0x000004af       0x2c c:/nxp/mcuxpressoide_11.1.0_3209/ide/plugins/com.nxp.mcuxpresso.tools.win32_11.1.0.201909161352/tools/bin/../lib/gcc/arm-none-eabi/8.3.1/../../../../arm-none-eabi/lib/thumb/v6-m/nofp\libcr_c.a(_deferredlazyseek.o)
 .ARM.attributes
                0x000004db       0x2c c:/nxp/mcuxpressoide_11.1.0_3209/ide/plugins/com.nxp.mcuxpresso.tools.win32_11.1.0.201909161352/tools/bin/../lib/gcc/arm-none-eabi/8.3.1/../../../../arm-none-eabi/lib/thumb/v6-m/nofp\libcr_c.a(_fdopen.o)
 .ARM.attributes
                0x00000507       0x2c c:/nxp/mcuxpressoide_11.1.0_3209/ide/plugins/com.nxp.mcuxpresso.tools.win32_11.1.0.201909161352/tools/bin/../lib/gcc/arm-none-eabi/8.3.1/../../../../arm-none-eabi/lib/thumb/v6-m/nofp\libcr_c.a(_fflush.o)
 .ARM.attributes
                0x00000533       0x2c c:/nxp/mcuxpressoide_11.1.0_3209/ide/plugins/com.nxp.mcuxpresso.tools.win32_11.1.0.201909161352/tools/bin/../lib/gcc/arm-none-eabi/8.3.1/../../../../arm-none-eabi/lib/thumb/v6-m/nofp\libcr_c.a(_writebuf.o)
 .ARM.attributes
                0x0000055f       0x2c c:/nxp/mcuxpressoide_11.1.0_3209/ide/plugins/com.nxp.mcuxpresso.tools.win32_11.1.0.201909161352/tools/bin/../lib/gcc/arm-none-eabi/8.3.1/../../../../arm-none-eabi/lib/thumb/v6-m/nofp\libcr_c.a(alloc.o)
 .ARM.attributes
                0x0000058b       0x2c c:/nxp/mcuxpressoide_11.1.0_3209/ide/plugins/com.nxp.mcuxpresso.tools.win32_11.1.0.201909161352/tools/bin/../lib/gcc/arm-none-eabi/8.3.1/../../../../arm-none-eabi/lib/thumb/v6-m/nofp\libcr_c.a(fclose.o)
 .ARM.attributes
                0x000005b7       0x2c c:/nxp/mcuxpressoide_11.1.0_3209/ide/plugins/com.nxp.mcuxpresso.tools.win32_11.1.0.201909161352/tools/bin/../lib/gcc/arm-none-eabi/8.3.1/../../../../arm-none-eabi/lib/thumb/v6-m/nofp\libcr_c.a(fflush.o)
 .ARM.attributes
                0x000005e3       0x2c c:/nxp/mcuxpressoide_11.1.0_3209/ide/plugins/com.nxp.mcuxpresso.tools.win32_11.1.0.201909161352/tools/bin/../lib/gcc/arm-none-eabi/8.3.1/../../../../arm-none-eabi/lib/thumb/v6-m/nofp\libcr_c.a(fseek.o)
 .ARM.attributes
                0x0000060f       0x2c c:/nxp/mcuxpressoide_11.1.0_3209/ide/plugins/com.nxp.mcuxpresso.tools.win32_11.1.0.201909161352/tools/bin/../lib/gcc/arm-none-eabi/8.3.1/../../../../arm-none-eabi/lib/thumb/v6-m/nofp\libcr_c.a(ftell.o)
 .ARM.attributes
                0x0000063b       0x2c c:/nxp/mcuxpressoide_11.1.0_3209/ide/plugins/com.nxp.mcuxpresso.tools.win32_11.1.0.201909161352/tools/bin/../lib/gcc/arm-none-eabi/8.3.1/../../../../arm-none-eabi/lib/thumb/v6-m/nofp\libcr_c.a(remove.o)
 .ARM.attributes
                0x00000667       0x2c c:/nxp/mcuxpressoide_11.1.0_3209/ide/plugins/com.nxp.mcuxpresso.tools.win32_11.1.0.201909161352/tools/bin/../lib/gcc/arm-none-eabi/8.3.1/../../../../arm-none-eabi/lib/thumb/v6-m/nofp\libcr_c.a(__init_alloc.o)
 .ARM.attributes
                0x00000693       0x2c c:/nxp/mcuxpressoide_11.1.0_3209/ide/plugins/com.nxp.mcuxpresso.tools.win32_11.1.0.201909161352/tools/bin/../lib/gcc/arm-none-eabi/8.3.1/../../../../arm-none-eabi/lib/thumb/v6-m/nofp\libcr_c.a(_cr_sbrk.o)
 .ARM.attributes
                0x000006bf       0x2c c:/nxp/mcuxpressoide_11.1.0_3209/ide/plugins/com.nxp.mcuxpresso.tools.win32_11.1.0.201909161352/tools/bin/../lib/gcc/arm-none-eabi/8.3.1/../../../../arm-none-eabi/lib/thumb/v6-m/nofp\libcr_c.a(_do_fflush.o)
 .ARM.attributes
                0x000006eb       0x2c c:/nxp/mcuxpressoide_11.1.0_3209/ide/plugins/com.nxp.mcuxpresso.tools.win32_11.1.0.201909161352/tools/bin/../lib/gcc/arm-none-eabi/8.3.1/../../../../arm-none-eabi/lib/thumb/v6-m/nofp\libcr_c.a(_cr_check_heap.o)
 .ARM.attributes
                0x00000717       0x1c c:/nxp/mcuxpressoide_11.1.0_3209/ide/plugins/com.nxp.mcuxpresso.tools.win32_11.1.0.201909161352/tools/bin/../lib/gcc/arm-none-eabi/8.3.1/thumb/v6-m/nofp\libcr_eabihelpers.a(division_32.o)
 .ARM.attributes
                0x00000733       0x1c c:/nxp/mcuxpressoide_11.1.0_3209/ide/plugins/com.nxp.mcuxpresso.tools.win32_11.1.0.201909161352/tools/bin/../lib/gcc/arm-none-eabi/8.3.1/thumb/v6-m/nofp\libcr_eabihelpers.a(division_64.o)
 .ARM.attributes
                0x0000074f       0x1c c:/nxp/mcuxpressoide_11.1.0_3209/ide/plugins/com.nxp.mcuxpresso.tools.win32_11.1.0.201909161352/tools/bin/../lib/gcc/arm-none-eabi/8.3.1/thumb/v6-m/nofp\libcr_eabihelpers.a(division_idiv0.o)
 .ARM.attributes
                0x0000076b       0x2c c:/nxp/mcuxpressoide_11.1.0_3209/ide/plugins/com.nxp.mcuxpresso.tools.win32_11.1.0.201909161352/tools/bin/../lib/gcc/arm-none-eabi/8.3.1/thumb/v6-m/nofp\libcr_eabihelpers.a(double.o)
 .ARM.attributes
                0x00000797       0x2c c:/nxp/mcuxpressoide_11.1.0_3209/ide/plugins/com.nxp.mcuxpresso.tools.win32_11.1.0.201909161352/tools/bin/../lib/gcc/arm-none-eabi/8.3.1/thumb/v6-m/nofp\libcr_eabihelpers.a(float.o)
 .ARM.attributes
                0x000007c3       0x1c c:/nxp/mcuxpressoide_11.1.0_3209/ide/plugins/com.nxp.mcuxpresso.tools.win32_11.1.0.201909161352/tools/bin/../lib/gcc/arm-none-eabi/8.3.1/thumb/v6-m/nofp\libcr_eabihelpers.a(llong.o)
 .ARM.attributes
                0x000007df       0x1c c:/nxp/mcuxpressoide_11.1.0_3209/ide/plugins/com.nxp.mcuxpresso.tools.win32_11.1.0.201909161352/tools/bin/../lib/gcc/arm-none-eabi/8.3.1/thumb/v6-m/nofp\libcr_eabihelpers.a(memcpy.o)
 .ARM.attributes
                0x000007fb       0x31 c:/nxp/mcuxpressoide_11.1.0_3209/ide/plugins/com.nxp.mcuxpresso.tools.win32_11.1.0.201909161352/tools/bin/../lib/gcc/arm-none-eabi/8.3.1/../../../../arm-none-eabi/lib/thumb/v6-m/nofp\libcr_semihost_nf.a(__ciob.o)
 .ARM.attributes
                0x0000082c       0x1c c:/nxp/mcuxpressoide_11.1.0_3209/ide/plugins/com.nxp.mcuxpresso.tools.win32_11.1.0.201909161352/tools/bin/../lib/gcc/arm-none-eabi/8.3.1/../../../../arm-none-eabi/lib/thumb/v6-m/nofp\libcr_semihost_nf.a(__sys_appexit.o)
 .ARM.attributes
                0x00000848       0x1c c:/nxp/mcuxpressoide_11.1.0_3209/ide/plugins/com.nxp.mcuxpresso.tools.win32_11.1.0.201909161352/tools/bin/../lib/gcc/arm-none-eabi/8.3.1/../../../../arm-none-eabi/lib/thumb/v6-m/nofp\libcr_semihost_nf.a(__sys_close.o)
 .ARM.attributes
                0x00000864       0x1c c:/nxp/mcuxpressoide_11.1.0_3209/ide/plugins/com.nxp.mcuxpresso.tools.win32_11.1.0.201909161352/tools/bin/../lib/gcc/arm-none-eabi/8.3.1/../../../../arm-none-eabi/lib/thumb/v6-m/nofp\libcr_semihost_nf.a(__sys_flen.o)
 .ARM.attributes
                0x00000880       0x1c c:/nxp/mcuxpressoide_11.1.0_3209/ide/plugins/com.nxp.mcuxpresso.tools.win32_11.1.0.201909161352/tools/bin/../lib/gcc/arm-none-eabi/8.3.1/../../../../arm-none-eabi/lib/thumb/v6-m/nofp\libcr_semihost_nf.a(__sys_istty.o)
 .ARM.attributes
                0x0000089c       0x1c c:/nxp/mcuxpressoide_11.1.0_3209/ide/plugins/com.nxp.mcuxpresso.tools.win32_11.1.0.201909161352/tools/bin/../lib/gcc/arm-none-eabi/8.3.1/../../../../arm-none-eabi/lib/thumb/v6-m/nofp\libcr_semihost_nf.a(__sys_remove.o)
 .ARM.attributes
                0x000008b8       0x1c c:/nxp/mcuxpressoide_11.1.0_3209/ide/plugins/com.nxp.mcuxpresso.tools.win32_11.1.0.201909161352/tools/bin/../lib/gcc/arm-none-eabi/8.3.1/../../../../arm-none-eabi/lib/thumb/v6-m/nofp\libcr_semihost_nf.a(__sys_seek.o)
 .ARM.attributes
                0x000008d4       0x1c c:/nxp/mcuxpressoide_11.1.0_3209/ide/plugins/com.nxp.mcuxpresso.tools.win32_11.1.0.201909161352/tools/bin/../lib/gcc/arm-none-eabi/8.3.1/../../../../arm-none-eabi/lib/thumb/v6-m/nofp\libcr_semihost_nf.a(__sys_tmpnam.o)
 .ARM.attributes
                0x000008f0       0x1c c:/nxp/mcuxpressoide_11.1.0_3209/ide/plugins/com.nxp.mcuxpresso.tools.win32_11.1.0.201909161352/tools/bin/../lib/gcc/arm-none-eabi/8.3.1/../../../../arm-none-eabi/lib/thumb/v6-m/nofp\libcr_semihost_nf.a(__sys_write.o)

.debug_frame    0x00000000     0x18cc
 .debug_frame   0x00000000       0x4c ./utilities/fsl_debug_console.o
 .debug_frame   0x0000004c      0x3bc ./startup/startup_mkl25z4.o
 .debug_frame   0x00000408      0x2c8 ./source/Code_Braco.o
 .debug_frame   0x000006d0       0x20 ./source/semihost_hardfault.o
 .debug_frame   0x000006f0      0x458 ./drivers/fsl_clock.o
 .debug_frame   0x00000b48       0xd4 ./drivers/fsl_dac.o
 .debug_frame   0x00000c1c      0x17c ./drivers/fsl_dma.o
 .debug_frame   0x00000d98       0x40 ./drivers/fsl_gpio.o
 .debug_frame   0x00000dd8      0x378 ./drivers/fsl_i2c.o
 .debug_frame   0x00001150      0x244 ./drivers/fsl_lpsci.o
 .debug_frame   0x00001394       0x54 ./drivers/fsl_pit.o
 .debug_frame   0x000013e8      0x120 ./drivers/fsl_tpm.o
 .debug_frame   0x00001508      0x2a0 ./drivers/fsl_uart.o
 .debug_frame   0x000017a8       0x28 ./board/board.o
 .debug_frame   0x000017d0       0x58 ./board/clock_config.o
 .debug_frame   0x00001828       0x20 ./board/peripherals.o
 .debug_frame   0x00001848       0x48 ./board/pin_mux.o
 .debug_frame   0x00001890       0x3c ./CMSIS/system_MKL25Z4.o

Cross Reference Table

Symbol                                            File
ADC0_DriverIRQHandler                             ./startup/startup_mkl25z4.o
ADC0_IRQHandler                                   ./startup/startup_mkl25z4.o
ADC16_ClearStatusFlags                            ./drivers/fsl_adc16.o
ADC16_Deinit                                      ./drivers/fsl_adc16.o
ADC16_DoAutoCalibration                           ./drivers/fsl_adc16.o
ADC16_GetChannelStatusFlags                       ./drivers/fsl_adc16.o
ADC16_GetDefaultConfig                            ./drivers/fsl_adc16.o
ADC16_GetStatusFlags                              ./drivers/fsl_adc16.o
ADC16_Init                                        ./drivers/fsl_adc16.o
ADC16_SetChannelConfig                            ./drivers/fsl_adc16.o
ADC16_SetChannelMuxMode                           ./drivers/fsl_adc16.o
ADC16_SetHardwareAverage                          ./drivers/fsl_adc16.o
ADC16_SetHardwareCompareConfig                    ./drivers/fsl_adc16.o
BOARD_BootClockRUN                                ./board/clock_config.o
BOARD_BootClockVLPR                               ./board/clock_config.o
BOARD_InitBootClocks                              ./board/clock_config.o
                                                  ./source/Code_Braco.o
BOARD_InitBootPeripherals                         ./board/peripherals.o
                                                  ./source/Code_Braco.o
BOARD_InitBootPins                                ./board/pin_mux.o
                                                  ./source/Code_Braco.o
BOARD_InitDebugConsole                            ./board/board.o
                                                  ./source/Code_Braco.o
BOARD_InitPins                                    ./board/pin_mux.o
CLOCK_BootToBlpeMode                              ./drivers/fsl_clock.o
CLOCK_BootToBlpiMode                              ./drivers/fsl_clock.o
                                                  ./board/clock_config.o
CLOCK_BootToFeeMode                               ./drivers/fsl_clock.o
CLOCK_BootToFeiMode                               ./drivers/fsl_clock.o
CLOCK_BootToPeeMode                               ./drivers/fsl_clock.o
                                                  ./board/clock_config.o
CLOCK_CalcPllDiv                                  ./drivers/fsl_clock.o
CLOCK_ClearStatusFlags                            ./drivers/fsl_clock.o
CLOCK_DeinitOsc0                                  ./drivers/fsl_clock.o
CLOCK_EnablePll0                                  ./drivers/fsl_clock.o
CLOCK_EnableUsbfs0Clock                           ./drivers/fsl_clock.o
CLOCK_ExternalModeToFbeModeQuick                  ./drivers/fsl_clock.o
CLOCK_FllStableDelay                              ./drivers/fsl_clock.o
CLOCK_GetBusClkFreq                               ./drivers/fsl_clock.o
                                                  ./source/Code_Braco.o
CLOCK_GetCoreSysClkFreq                           ./drivers/fsl_clock.o
CLOCK_GetEr32kClkFreq                             ./drivers/fsl_clock.o
CLOCK_GetFixedFreqClkFreq                         ./drivers/fsl_clock.o
CLOCK_GetFlashClkFreq                             ./drivers/fsl_clock.o
CLOCK_GetFllFreq                                  ./drivers/fsl_clock.o
CLOCK_GetFreq                                     ./drivers/fsl_clock.o
CLOCK_GetInternalRefClkFreq                       ./drivers/fsl_clock.o
CLOCK_GetMode                                     ./drivers/fsl_clock.o
CLOCK_GetOsc0ErClkFreq                            ./drivers/fsl_clock.o
CLOCK_GetOutClkFreq                               ./drivers/fsl_clock.o
CLOCK_GetPlatClkFreq                              ./drivers/fsl_clock.o
CLOCK_GetPll0Freq                                 ./drivers/fsl_clock.o
CLOCK_GetPllFllSelClkFreq                         ./drivers/fsl_clock.o
                                                  ./board/board.o
                                                  ./source/Code_Braco.o
CLOCK_GetStatusFlags                              ./drivers/fsl_clock.o
CLOCK_InitOsc0                                    ./drivers/fsl_clock.o
                                                  ./board/clock_config.o
CLOCK_InternalModeToFbiModeQuick                  ./drivers/fsl_clock.o
CLOCK_SetBlpeMode                                 ./drivers/fsl_clock.o
CLOCK_SetBlpiMode                                 ./drivers/fsl_clock.o
CLOCK_SetExternalRefClkConfig                     ./drivers/fsl_clock.o
CLOCK_SetFbeMode                                  ./drivers/fsl_clock.o
CLOCK_SetFbiMode                                  ./drivers/fsl_clock.o
CLOCK_SetFeeMode                                  ./drivers/fsl_clock.o
CLOCK_SetFeiMode                                  ./drivers/fsl_clock.o
CLOCK_SetInternalRefClkConfig                     ./drivers/fsl_clock.o
                                                  ./board/clock_config.o
CLOCK_SetMcgConfig                                ./drivers/fsl_clock.o
CLOCK_SetOsc0MonitorMode                          ./drivers/fsl_clock.o
CLOCK_SetPbeMode                                  ./drivers/fsl_clock.o
CLOCK_SetPeeMode                                  ./drivers/fsl_clock.o
CLOCK_SetPll0MonitorMode                          ./drivers/fsl_clock.o
CLOCK_SetSimConfig                                ./drivers/fsl_clock.o
                                                  ./board/clock_config.o
CLOCK_TrimInternalRefClk                          ./drivers/fsl_clock.o
CMP0_DriverIRQHandler                             ./startup/startup_mkl25z4.o
CMP0_IRQHandler                                   ./startup/startup_mkl25z4.o
CMP_ClearStatusFlags                              ./drivers/fsl_cmp.o
CMP_Deinit                                        ./drivers/fsl_cmp.o
CMP_DisableInterrupts                             ./drivers/fsl_cmp.o
CMP_EnableDMA                                     ./drivers/fsl_cmp.o
CMP_EnableInterrupts                              ./drivers/fsl_cmp.o
CMP_GetDefaultConfig                              ./drivers/fsl_cmp.o
CMP_GetStatusFlags                                ./drivers/fsl_cmp.o
CMP_Init                                          ./drivers/fsl_cmp.o
CMP_SetDACConfig                                  ./drivers/fsl_cmp.o
CMP_SetFilterConfig                               ./drivers/fsl_cmp.o
CMP_SetInputChannels                              ./drivers/fsl_cmp.o
DAC0_DriverIRQHandler                             ./startup/startup_mkl25z4.o
DAC0_IRQHandler                                   ./startup/startup_mkl25z4.o
DAC_ClearBufferStatusFlags                        ./drivers/fsl_dac.o
DAC_Deinit                                        ./drivers/fsl_dac.o
DAC_DisableBufferInterrupts                       ./drivers/fsl_dac.o
DAC_EnableBufferInterrupts                        ./drivers/fsl_dac.o
DAC_GetBufferStatusFlags                          ./drivers/fsl_dac.o
DAC_GetDefaultBufferConfig                        ./drivers/fsl_dac.o
DAC_GetDefaultConfig                              ./drivers/fsl_dac.o
DAC_Init                                          ./drivers/fsl_dac.o
                                                  ./source/Code_Braco.o
DAC_SetBufferConfig                               ./drivers/fsl_dac.o
DAC_SetBufferReadPointer                          ./drivers/fsl_dac.o
                                                  ./source/Code_Braco.o
DAC_SetBufferValue                                ./drivers/fsl_dac.o
                                                  ./source/Code_Braco.o
DMA0_DriverIRQHandler                             ./drivers/fsl_dma.o
                                                  ./startup/startup_mkl25z4.o
DMA0_IRQHandler                                   ./startup/startup_mkl25z4.o
DMA1_DriverIRQHandler                             ./drivers/fsl_dma.o
                                                  ./startup/startup_mkl25z4.o
DMA1_IRQHandler                                   ./startup/startup_mkl25z4.o
DMA2_DriverIRQHandler                             ./drivers/fsl_dma.o
                                                  ./startup/startup_mkl25z4.o
DMA2_IRQHandler                                   ./startup/startup_mkl25z4.o
DMA3_DriverIRQHandler                             ./drivers/fsl_dma.o
                                                  ./startup/startup_mkl25z4.o
DMA3_IRQHandler                                   ./startup/startup_mkl25z4.o
DMAMUX_Deinit                                     ./drivers/fsl_dmamux.o
DMAMUX_Init                                       ./drivers/fsl_dmamux.o
DMA_AbortTransfer                                 ./drivers/fsl_dma.o
                                                  ./drivers/fsl_uart_dma.o
                                                  ./drivers/fsl_lpsci_dma.o
                                                  ./drivers/fsl_i2c_dma.o
DMA_CreateHandle                                  ./drivers/fsl_dma.o
DMA_Deinit                                        ./drivers/fsl_dma.o
DMA_HandleIRQ                                     ./drivers/fsl_dma.o
DMA_Init                                          ./drivers/fsl_dma.o
DMA_PrepareTransfer                               ./drivers/fsl_dma.o
                                                  ./drivers/fsl_uart_dma.o
                                                  ./drivers/fsl_lpsci_dma.o
DMA_ResetChannel                                  ./drivers/fsl_dma.o
DMA_SetCallback                                   ./drivers/fsl_dma.o
                                                  ./drivers/fsl_uart_dma.o
                                                  ./drivers/fsl_lpsci_dma.o
                                                  ./drivers/fsl_i2c_dma.o
DMA_SetChannelLinkConfig                          ./drivers/fsl_dma.o
DMA_SetModulo                                     ./drivers/fsl_dma.o
DMA_SetTransferConfig                             ./drivers/fsl_dma.o
DMA_SubmitTransfer                                ./drivers/fsl_dma.o
                                                  ./drivers/fsl_uart_dma.o
                                                  ./drivers/fsl_lpsci_dma.o
                                                  ./drivers/fsl_i2c_dma.o
DbgConsole_Deinit                                 ./utilities/fsl_debug_console.o
DbgConsole_Init                                   ./utilities/fsl_debug_console.o
                                                  ./board/board.o
FLASH_Erase                                       ./drivers/fsl_flash.o
FLASH_EraseAll                                    ./drivers/fsl_flash.o
FLASH_EraseAllExecuteOnlySegments                 ./drivers/fsl_flash.o
FLASH_GetProperty                                 ./drivers/fsl_flash.o
FLASH_GetSecurityState                            ./drivers/fsl_flash.o
FLASH_Init                                        ./drivers/fsl_flash.o
FLASH_IsExecuteOnly                               ./drivers/fsl_flash.o
FLASH_IsProtected                                 ./drivers/fsl_flash.o
FLASH_PflashGetPrefetchSpeculation                ./drivers/fsl_flash.o
FLASH_PflashGetProtection                         ./drivers/fsl_flash.o
FLASH_PflashSetPrefetchSpeculation                ./drivers/fsl_flash.o
                                                  ./drivers/fsl_smc.o
FLASH_PflashSetProtection                         ./drivers/fsl_flash.o
FLASH_PrepareExecuteInRamFunctions                ./drivers/fsl_flash.o
FLASH_Program                                     ./drivers/fsl_flash.o
FLASH_ProgramOnce                                 ./drivers/fsl_flash.o
FLASH_ReadOnce                                    ./drivers/fsl_flash.o
FLASH_ReadResource                                ./drivers/fsl_flash.o
FLASH_SecurityBypass                              ./drivers/fsl_flash.o
FLASH_SetCallback                                 ./drivers/fsl_flash.o
FLASH_SetProperty                                 ./drivers/fsl_flash.o
FLASH_VerifyErase                                 ./drivers/fsl_flash.o
FLASH_VerifyEraseAll                              ./drivers/fsl_flash.o
FLASH_VerifyEraseAllExecuteOnlySegments           ./drivers/fsl_flash.o
FLASH_VerifyProgram                               ./drivers/fsl_flash.o
FTFA_DriverIRQHandler                             ./startup/startup_mkl25z4.o
FTFA_IRQHandler                                   ./startup/startup_mkl25z4.o
Flash_Config                                      ./startup/startup_mkl25z4.o
GPIO_ClearPinsInterruptFlags                      ./drivers/fsl_gpio.o
GPIO_GetPinsInterruptFlags                        ./drivers/fsl_gpio.o
GPIO_PinInit                                      ./drivers/fsl_gpio.o
                                                  ./board/pin_mux.o
GetAccRoll                                        ./source/Code_Braco.o
HardFault_Handler                                 ./source/semihost_hardfault.o
                                                  ./startup/startup_mkl25z4.o
I2C0_DriverIRQHandler                             ./drivers/fsl_i2c.o
                                                  ./startup/startup_mkl25z4.o
I2C0_IRQHandler                                   ./startup/startup_mkl25z4.o
I2C1_DriverIRQHandler                             ./drivers/fsl_i2c.o
                                                  ./startup/startup_mkl25z4.o
I2C1_IRQHandler                                   ./startup/startup_mkl25z4.o
I2C_DisableInterrupts                             ./drivers/fsl_i2c.o
I2C_EnableInterrupts                              ./drivers/fsl_i2c.o
I2C_GetInstance                                   ./drivers/fsl_i2c.o
                                                  ./drivers/fsl_i2c_dma.o
I2C_MasterDeinit                                  ./drivers/fsl_i2c.o
I2C_MasterGetDefaultConfig                        ./drivers/fsl_i2c.o
I2C_MasterGetStatusFlags                          ./drivers/fsl_i2c.o
I2C_MasterInit                                    ./drivers/fsl_i2c.o
                                                  ./source/Code_Braco.o
I2C_MasterReadBlocking                            ./drivers/fsl_i2c.o
I2C_MasterRepeatedStart                           ./drivers/fsl_i2c.o
                                                  ./drivers/fsl_i2c_dma.o
I2C_MasterSetBaudRate                             ./drivers/fsl_i2c.o
I2C_MasterStart                                   ./drivers/fsl_i2c.o
                                                  ./drivers/fsl_i2c_dma.o
I2C_MasterStop                                    ./drivers/fsl_i2c.o
                                                  ./drivers/fsl_i2c_dma.o
I2C_MasterTransferAbort                           ./drivers/fsl_i2c.o
I2C_MasterTransferAbortDMA                        ./drivers/fsl_i2c_dma.o
I2C_MasterTransferBlocking                        ./drivers/fsl_i2c.o
                                                  ./source/Code_Braco.o
I2C_MasterTransferCreateHandle                    ./drivers/fsl_i2c.o
I2C_MasterTransferCreateHandleDMA                 ./drivers/fsl_i2c_dma.o
I2C_MasterTransferDMA                             ./drivers/fsl_i2c_dma.o
I2C_MasterTransferGetCount                        ./drivers/fsl_i2c.o
I2C_MasterTransferGetCountDMA                     ./drivers/fsl_i2c_dma.o
I2C_MasterTransferHandleIRQ                       ./drivers/fsl_i2c.o
I2C_MasterTransferNonBlocking                     ./drivers/fsl_i2c.o
I2C_MasterWriteBlocking                           ./drivers/fsl_i2c.o
I2C_SlaveDeinit                                   ./drivers/fsl_i2c.o
I2C_SlaveGetDefaultConfig                         ./drivers/fsl_i2c.o
I2C_SlaveInit                                     ./drivers/fsl_i2c.o
I2C_SlaveReadBlocking                             ./drivers/fsl_i2c.o
I2C_SlaveTransferAbort                            ./drivers/fsl_i2c.o
I2C_SlaveTransferCreateHandle                     ./drivers/fsl_i2c.o
I2C_SlaveTransferGetCount                         ./drivers/fsl_i2c.o
I2C_SlaveTransferHandleIRQ                        ./drivers/fsl_i2c.o
I2C_SlaveTransferNonBlocking                      ./drivers/fsl_i2c.o
I2C_SlaveWriteBlocking                            ./drivers/fsl_i2c.o
InstallIRQHandler                                 ./drivers/fsl_common.o
IntDefaultHandler                                 ./startup/startup_mkl25z4.o
LLWU_DriverIRQHandler                             ./startup/startup_mkl25z4.o
LLWU_IRQHandler                                   ./startup/startup_mkl25z4.o
LPSCI_ClearStatusFlags                            ./drivers/fsl_lpsci.o
LPSCI_Deinit                                      ./drivers/fsl_lpsci.o
                                                  ./utilities/fsl_debug_console.o
LPSCI_DisableInterrupts                           ./drivers/fsl_lpsci.o
LPSCI_EnableInterrupts                            ./drivers/fsl_lpsci.o
LPSCI_GetDefaultConfig                            ./drivers/fsl_lpsci.o
                                                  ./utilities/fsl_debug_console.o
LPSCI_GetEnabledInterrupts                        ./drivers/fsl_lpsci.o
LPSCI_GetInstance                                 ./drivers/fsl_lpsci.o
                                                  ./drivers/fsl_lpsci_dma.o
LPSCI_GetStatusFlags                              ./drivers/fsl_lpsci.o
LPSCI_Init                                        ./drivers/fsl_lpsci.o
                                                  ./utilities/fsl_debug_console.o
LPSCI_ReadBlocking                                ./drivers/fsl_lpsci.o
                                                  ./utilities/fsl_debug_console.o
LPSCI_SetBaudRate                                 ./drivers/fsl_lpsci.o
LPSCI_TransferAbortReceive                        ./drivers/fsl_lpsci.o
LPSCI_TransferAbortReceiveDMA                     ./drivers/fsl_lpsci_dma.o
LPSCI_TransferAbortSend                           ./drivers/fsl_lpsci.o
LPSCI_TransferAbortSendDMA                        ./drivers/fsl_lpsci_dma.o
LPSCI_TransferCreateHandle                        ./drivers/fsl_lpsci.o
LPSCI_TransferCreateHandleDMA                     ./drivers/fsl_lpsci_dma.o
LPSCI_TransferGetReceiveCount                     ./drivers/fsl_lpsci.o
LPSCI_TransferGetReceiveCountDMA                  ./drivers/fsl_lpsci_dma.o
LPSCI_TransferGetSendCount                        ./drivers/fsl_lpsci.o
LPSCI_TransferGetSendCountDMA                     ./drivers/fsl_lpsci_dma.o
LPSCI_TransferHandleErrorIRQ                      ./drivers/fsl_lpsci.o
LPSCI_TransferHandleIRQ                           ./drivers/fsl_lpsci.o
LPSCI_TransferReceiveDMA                          ./drivers/fsl_lpsci_dma.o
LPSCI_TransferReceiveNonBlocking                  ./drivers/fsl_lpsci.o
LPSCI_TransferSendDMA                             ./drivers/fsl_lpsci_dma.o
LPSCI_TransferSendNonBlocking                     ./drivers/fsl_lpsci.o
LPSCI_TransferStartRingBuffer                     ./drivers/fsl_lpsci.o
LPSCI_TransferStopRingBuffer                      ./drivers/fsl_lpsci.o
LPSCI_WriteBlocking                               ./drivers/fsl_lpsci.o
                                                  ./utilities/fsl_debug_console.o
LPTMR0_DriverIRQHandler                           ./startup/startup_mkl25z4.o
LPTMR0_IRQHandler                                 ./startup/startup_mkl25z4.o
LVD_LVW_DriverIRQHandler                          ./startup/startup_mkl25z4.o
LVD_LVW_IRQHandler                                ./startup/startup_mkl25z4.o
MCG_DriverIRQHandler                              ./startup/startup_mkl25z4.o
MCG_IRQHandler                                    ./startup/startup_mkl25z4.o
NMI_Handler                                       ./startup/startup_mkl25z4.o
P                                                 ./source/Kalman.o
PIT_Deinit                                        ./drivers/fsl_pit.o
PIT_DriverIRQHandler                              ./source/Code_Braco.o
                                                  ./startup/startup_mkl25z4.o
PIT_GetLifetimeTimerCount                         ./drivers/fsl_pit.o
PIT_IRQHandler                                    ./startup/startup_mkl25z4.o
PIT_Init                                          ./drivers/fsl_pit.o
                                                  ./source/Code_Braco.o
PORTA_DriverIRQHandler                            ./startup/startup_mkl25z4.o
PORTA_IRQHandler                                  ./startup/startup_mkl25z4.o
PORTD_DriverIRQHandler                            ./startup/startup_mkl25z4.o
PORTD_IRQHandler                                  ./startup/startup_mkl25z4.o
PendSV_Handler                                    ./startup/startup_mkl25z4.o
Q_angle                                           ./source/Kalman.o
Q_bias                                            ./source/Kalman.o
RTC_DriverIRQHandler                              ./startup/startup_mkl25z4.o
RTC_IRQHandler                                    ./startup/startup_mkl25z4.o
RTC_Seconds_DriverIRQHandler                      ./startup/startup_mkl25z4.o
RTC_Seconds_IRQHandler                            ./startup/startup_mkl25z4.o
R_measure                                         ./source/Kalman.o
Reserved20_DriverIRQHandler                       ./startup/startup_mkl25z4.o
Reserved20_IRQHandler                             ./startup/startup_mkl25z4.o
Reserved39_DriverIRQHandler                       ./startup/startup_mkl25z4.o
Reserved39_IRQHandler                             ./startup/startup_mkl25z4.o
Reserved45_DriverIRQHandler                       ./startup/startup_mkl25z4.o
Reserved45_IRQHandler                             ./startup/startup_mkl25z4.o