Archive member included to satisfy reference by file (symbol)

c:/nxp/mcuxpressoide_11.1.0_3209/ide/plugins/com.nxp.mcuxpresso.tools.win32_11.1.0.201909161352/tools/bin/../lib/gcc/arm-none-eabi/8.3.1/../../../../arm-none-eabi/lib/thumb/v6-m/nofp\libcr_nohost_nf.a(_cr__main.o)
                              ./startup/startup_mkl25z4.o (__main)
c:/nxp/mcuxpressoide_11.1.0_3209/ide/plugins/com.nxp.mcuxpresso.tools.win32_11.1.0.201909161352/tools/bin/../lib/gcc/arm-none-eabi/8.3.1/../../../../arm-none-eabi/lib/thumb/v6-m/nofp\libcr_nohost_nf.a(_cr_assert.o)
                              ./source/Code_Braco.o (__assertion_failed)
c:/nxp/mcuxpressoide_11.1.0_3209/ide/plugins/com.nxp.mcuxpresso.tools.win32_11.1.0.201909161352/tools/bin/../lib/gcc/arm-none-eabi/8.3.1/../../../../arm-none-eabi/lib/thumb/v6-m/nofp\libcr_nohost_nf.a(__ciob.o)
                              c:/nxp/mcuxpressoide_11.1.0_3209/ide/plugins/com.nxp.mcuxpresso.tools.win32_11.1.0.201909161352/tools/bin/../lib/gcc/arm-none-eabi/8.3.1/../../../../arm-none-eabi/lib/thumb/v6-m/nofp\libcr_nohost_nf.a(_cr_assert.o) (__Ciob)
c:/nxp/mcuxpressoide_11.1.0_3209/ide/plugins/com.nxp.mcuxpresso.tools.win32_11.1.0.201909161352/tools/bin/../lib/gcc/arm-none-eabi/8.3.1/../../../../arm-none-eabi/lib/thumb/v6-m/nofp\libcr_nohost_nf.a(__sys_appexit.o)
                              c:/nxp/mcuxpressoide_11.1.0_3209/ide/plugins/com.nxp.mcuxpresso.tools.win32_11.1.0.201909161352/tools/bin/../lib/gcc/arm-none-eabi/8.3.1/../../../../arm-none-eabi/lib/thumb/v6-m/nofp\libcr_nohost_nf.a(_cr_assert.o) (__sys_appexit)
c:/nxp/mcuxpressoide_11.1.0_3209/ide/plugins/com.nxp.mcuxpresso.tools.win32_11.1.0.201909161352/tools/bin/../lib/gcc/arm-none-eabi/8.3.1/../../../../arm-none-eabi/lib/thumb/v6-m/nofp\libcr_c.a(atan2f.o)
                              ./source/Code_Braco.o (atan2f)
c:/nxp/mcuxpressoide_11.1.0_3209/ide/plugins/com.nxp.mcuxpresso.tools.win32_11.1.0.201909161352/tools/bin/../lib/gcc/arm-none-eabi/8.3.1/../../../../arm-none-eabi/lib/thumb/v6-m/nofp\libcr_c.a(atanf.o)
                              c:/nxp/mcuxpressoide_11.1.0_3209/ide/plugins/com.nxp.mcuxpresso.tools.win32_11.1.0.201909161352/tools/bin/../lib/gcc/arm-none-eabi/8.3.1/../../../../arm-none-eabi/lib/thumb/v6-m/nofp\libcr_c.a(atan2f.o) (atanf)
c:/nxp/mcuxpressoide_11.1.0_3209/ide/plugins/com.nxp.mcuxpresso.tools.win32_11.1.0.201909161352/tools/bin/../lib/gcc/arm-none-eabi/8.3.1/../../../../arm-none-eabi/lib/thumb/v6-m/nofp\libcr_c.a(fabsf.o)
                              c:/nxp/mcuxpressoide_11.1.0_3209/ide/plugins/com.nxp.mcuxpresso.tools.win32_11.1.0.201909161352/tools/bin/../lib/gcc/arm-none-eabi/8.3.1/../../../../arm-none-eabi/lib/thumb/v6-m/nofp\libcr_c.a(atan2f.o) (fabsf)
c:/nxp/mcuxpressoide_11.1.0_3209/ide/plugins/com.nxp.mcuxpresso.tools.win32_11.1.0.201909161352/tools/bin/../lib/gcc/arm-none-eabi/8.3.1/../../../../arm-none-eabi/lib/thumb/v6-m/nofp\libcr_c.a(memcpy.o)
                              ./drivers/fsl_flash.o (memcpy)
c:/nxp/mcuxpressoide_11.1.0_3209/ide/plugins/com.nxp.mcuxpresso.tools.win32_11.1.0.201909161352/tools/bin/../lib/gcc/arm-none-eabi/8.3.1/../../../../arm-none-eabi/lib/thumb/v6-m/nofp\libcr_c.a(memset.o)
                              ./source/Code_Braco.o (memset)
c:/nxp/mcuxpressoide_11.1.0_3209/ide/plugins/com.nxp.mcuxpresso.tools.win32_11.1.0.201909161352/tools/bin/../lib/gcc/arm-none-eabi/8.3.1/../../../../arm-none-eabi/lib/thumb/v6-m/nofp\libcr_c.a(_deferredlazyseek.o)
                              c:/nxp/mcuxpressoide_11.1.0_3209/ide/plugins/com.nxp.mcuxpresso.tools.win32_11.1.0.201909161352/tools/bin/../lib/gcc/arm-none-eabi/8.3.1/../../../../arm-none-eabi/lib/thumb/v6-m/nofp\libcr_nohost_nf.a(_cr_assert.o) (__flsbuf)
c:/nxp/mcuxpressoide_11.1.0_3209/ide/plugins/com.nxp.mcuxpresso.tools.win32_11.1.0.201909161352/tools/bin/../lib/gcc/arm-none-eabi/8.3.1/../../../../arm-none-eabi/lib/thumb/v6-m/nofp\libcr_c.a(_fflush.o)
                              c:/nxp/mcuxpressoide_11.1.0_3209/ide/plugins/com.nxp.mcuxpresso.tools.win32_11.1.0.201909161352/tools/bin/../lib/gcc/arm-none-eabi/8.3.1/../../../../arm-none-eabi/lib/thumb/v6-m/nofp\libcr_c.a(_deferredlazyseek.o) (_fflush)
c:/nxp/mcuxpressoide_11.1.0_3209/ide/plugins/com.nxp.mcuxpresso.tools.win32_11.1.0.201909161352/tools/bin/../lib/gcc/arm-none-eabi/8.3.1/../../../../arm-none-eabi/lib/thumb/v6-m/nofp\libcr_c.a(_writebuf.o)
                              c:/nxp/mcuxpressoide_11.1.0_3209/ide/plugins/com.nxp.mcuxpresso.tools.win32_11.1.0.201909161352/tools/bin/../lib/gcc/arm-none-eabi/8.3.1/../../../../arm-none-eabi/lib/thumb/v6-m/nofp\libcr_c.a(_deferredlazyseek.o) (_Cwritebuf)
c:/nxp/mcuxpressoide_11.1.0_3209/ide/plugins/com.nxp.mcuxpresso.tools.win32_11.1.0.201909161352/tools/bin/../lib/gcc/arm-none-eabi/8.3.1/../../../../arm-none-eabi/lib/thumb/v6-m/nofp\libcr_c.a(alloc.o)
[...]
Memory Configuration

Name             Origin             Length             Attributes
PROGRAM_FLASH    0x00000000         0x00020000         xr
SRAM             0x1ffff000         0x00004000         xrw
*default*        0x00000000         0xffffffff

Linker script and memory map

LOAD ./utilities/fsl_debug_console.o
LOAD ./startup/startup_mkl25z4.o
LOAD ./source/Code_Braco.o
LOAD ./source/Kalman.o
LOAD ./source/mtb.o
LOAD ./source/semihost_hardfault.o
LOAD ./drivers/fsl_adc16.o
LOAD ./drivers/fsl_clock.o
LOAD ./drivers/fsl_cmp.o
LOAD ./drivers/fsl_common.o
LOAD ./drivers/fsl_dac.o
LOAD ./drivers/fsl_dma.o
LOAD ./drivers/fsl_dmamux.o
LOAD ./drivers/fsl_flash.o
LOAD ./drivers/fsl_gpio.o
LOAD ./drivers/fsl_i2c.o
LOAD ./drivers/fsl_i2c_dma.o
LOAD ./drivers/fsl_lpsci.o
LOAD ./drivers/fsl_lpsci_dma.o
LOAD ./drivers/fsl_lptmr.o
LOAD ./drivers/fsl_pit.o
LOAD ./drivers/fsl_smc.o
LOAD ./drivers/fsl_spi.o
LOAD ./drivers/fsl_tpm.o
LOAD ./drivers/fsl_uart.o
LOAD ./drivers/fsl_uart_dma.o
LOAD ./board/board.o
LOAD ./board/clock_config.o
LOAD ./board/peripherals.o
LOAD ./board/pin_mux.o
LOAD ./CMSIS/system_MKL25Z4.o
START GROUP
LOAD c:/nxp/mcuxpressoide_11.1.0_3209/ide/plugins/com.nxp.mcuxpresso.tools.win32_11.1.0.201909161352/tools/bin/../lib/gcc/arm-none-eabi/8.3.1/../../../../arm-none-eabi/lib/thumb/v6-m/nofp\libcr_nohost_nf.a
LOAD c:/nxp/mcuxpressoide_11.1.0_3209/ide/plugins/com.nxp.mcuxpresso.tools.win32_11.1.0.201909161352/tools/bin/../lib/gcc/arm-none-eabi/8.3.1/../../../../arm-none-eabi/lib/thumb/v6-m/nofp\libcr_c.a
LOAD c:/nxp/mcuxpressoide_11.1.0_3209/ide/plugins/com.nxp.mcuxpresso.tools.win32_11.1.0.201909161352/tools/bin/../lib/gcc/arm-none-eabi/8.3.1/thumb/v6-m/nofp\libcr_eabihelpers.a
LOAD c:/nxp/mcuxpressoide_11.1.0_3209/ide/plugins/com.nxp.mcuxpresso.tools.win32_11.1.0.201909161352/tools/bin/../lib/gcc/arm-none-eabi/8.3.1/thumb/v6-m/nofp\libgcc.a
END GROUP
                0x00000000                __base_PROGRAM_FLASH = 0x0
                0x00000000                __base_Flash = 0x0
                0x00020000                __top_PROGRAM_FLASH = 0x20000
                0x00020000                __top_Flash = 0x20000
                0x1ffff000                __base_SRAM = 0x1ffff000
                0x1ffff000                __base_RAM = 0x1ffff000
                0x20003000                __top_SRAM = 0x20003000
                0x20003000                __top_RAM = 0x20003000

.text           0x00000000     0x595c
 FILL mask 0xff
                0x00000000                __vectors_start__ = ABSOLUTE (.)
 *(SORT_BY_ALIGNMENT(.isr_vector))
 .isr_vector    0x00000000       0xc0 ./startup/startup_mkl25z4.o
                0x00000000                g_pfnVectors
                0x00000000                __Vectors
                0x000000c0                . = ALIGN (0x4)
                0x000000c0                __section_table_start = .
                0x000000c0                __data_section_table = .
                0x000000c0        0x4 LONG 0x595c LOADADDR (.data)
                0x000000c4        0x4 LONG 0x1ffff080 ADDR (.data)
                0x000000c8        0x4 LONG 0x29c SIZEOF (.data)
                0x000000cc                __data_section_table_end = .
                0x000000cc                __bss_section_table = .
                0x000000cc        0x4 LONG 0x1ffff31c ADDR (.bss)
                0x000000d0        0x4 LONG 0x128 SIZEOF (.bss)
                0x000000d4                __bss_section_table_end = .
                0x000000d4                __section_table_end = .
 *(SORT_BY_ALIGNMENT(.after_vectors*))
 .after_vectors.reset
                0x000000d4       0x4c ./startup/startup_mkl25z4.o
                0x000000d4                ResetISR
 .after_vectors.init_data
                0x00000120       0x12 ./startup/startup_mkl25z4.o
                0x00000120                data_init
 .after_vectors.init_bss
                0x00000132       0x10 ./startup/startup_mkl25z4.o
                0x00000132                bss_init
 .after_vectors
                0x00000142      0x10c ./startup/startup_mkl25z4.o
                0x00000142                NMI_Handler
                0x00000146                SVC_Handler
                0x00000148                PendSV_Handler
                0x0000014a                SysTick_Handler
                0x0000014c                LPTMR0_DriverIRQHandler
                0x0000014c                PORTD_DriverIRQHandler
                0x0000014c                CMP0_DriverIRQHandler
                0x0000014c                ADC0_DriverIRQHandler
                0x0000014c                TPM0_DriverIRQHandler
                0x0000014c                TPM2_DriverIRQHandler
                0x0000014c                Reserved39_DriverIRQHandler
                0x0000014c                RTC_DriverIRQHandler
                0x0000014c                TSI0_DriverIRQHandler
                0x0000014c                RTC_Seconds_DriverIRQHandler
                0x0000014c                TPM1_DriverIRQHandler
                0x0000014c                PORTA_DriverIRQHandler
                0x0000014c                LLWU_DriverIRQHandler
                0x0000014c                MCG_DriverIRQHandler
                0x0000014c                Reserved45_DriverIRQHandler
                0x0000014c                Reserved20_DriverIRQHandler
                0x0000014c                DAC0_DriverIRQHandler
                0x0000014c                FTFA_DriverIRQHandler
                0x0000014c                IntDefaultHandler
                0x0000014c                USB0_DriverIRQHandler
                0x0000014c                LVD_LVW_DriverIRQHandler
                0x0000014e                DMA0_IRQHandler
                0x00000156                DMA1_IRQHandler
                0x0000015e                DMA2_IRQHandler
                0x00000166                DMA3_IRQHandler
                0x0000016e                Reserved20_IRQHandler
                0x00000176                FTFA_IRQHandler
                0x0000017e                LVD_LVW_IRQHandler
                0x00000186                LLWU_IRQHandler
                0x0000018e                I2C0_IRQHandler
                0x00000196                I2C1_IRQHandler
                0x0000019e                SPI0_IRQHandler
                0x000001a6                SPI1_IRQHandler
                0x000001ae                UART0_IRQHandler
                0x000001b6                UART1_IRQHandler
                0x000001be                UART2_IRQHandler
                0x000001c6                ADC0_IRQHandler
                0x000001ce                CMP0_IRQHandler
                0x000001d6                TPM0_IRQHandler
                0x000001de                TPM1_IRQHandler
                0x000001e6                TPM2_IRQHandler
                0x000001ee                RTC_IRQHandler
                0x000001f6                RTC_Seconds_IRQHandler
                0x000001fe                PIT_IRQHandler
                0x00000206                Reserved39_IRQHandler
                0x0000020e                USB0_IRQHandler
                0x00000216                DAC0_IRQHandler
                0x0000021e                TSI0_IRQHandler
                0x00000226                MCG_IRQHandler
                0x0000022e                LPTMR0_IRQHandler
                0x00000236                Reserved45_IRQHandler
                0x0000023e                PORTA_IRQHandler
                0x00000246                PORTD_IRQHandler
                0x00000400                . = 0x400
 *fill*         0x0000024e      0x1b2 ff
                0x00000400                PROVIDE (__FLASH_CONFIG_START__ = .)
 *(SORT_BY_ALIGNMENT(.FlashConfig))
 .FlashConfig   0x00000400       0x10 ./startup/startup_mkl25z4.o
                0x00000400                Flash_Config
                0x00000410                PROVIDE (__FLASH_CONFIG_END__ = .)
                0x00000001                ASSERT (! ((__FLASH_CONFIG_START__ == __FLASH_CONFIG_END__)), Linker Flash Config Support Enabled, but no .FlashConfig section provided within application)
 *(SORT_BY_ALIGNMENT(.text*))
 .text.DbgConsole_Init
                0x00000410       0xf0 ./utilities/fsl_debug_console.o
                0x00000410                DbgConsole_Init
 .text.__sys_write
                0x00000500       0x58 ./utilities/fsl_debug_console.o
                0x00000500                __sys_write
 .text.NVIC_EnableIRQ
                0x00000558       0x2c ./source/Code_Braco.o
 .text.ACC_Read
                0x00000584       0x90 ./source/Code_Braco.o
 .text.ACC_Write
                0x00000614       0x88 ./source/Code_Braco.o
 .text.PIT_GetDefaultConfig
                0x0000069c       0x28 ./source/Code_Braco.o
 .text.inicializar_dac
                0x000006c4       0x7c ./source/Code_Braco.o
                0x000006c4                inicializar_dac
 .text.configurar_interrupcao_Hz
                0x00000740       0xb8 ./source/Code_Braco.o
                0x00000740                configurar_interrupcao_Hz
 .text.inicializar_PWMs
                0x000007f8       0x64 ./source/Code_Braco.o
                0x000007f8                inicializar_PWMs
 .text.atualizar_motores
                0x0000085c       0x2c ./source/Code_Braco.o
                0x0000085c                atualizar_motores
 .text.inicializar_I2Cs
                0x00000888       0x70 ./source/Code_Braco.o
                0x00000888                inicializar_I2Cs
 .text.selecionar_sensor
                0x000008f8      0x130 ./source/Code_Braco.o
                0x000008f8                selecionar_sensor
 .text.inicializar_sensores
                0x00000a28       0x54 ./source/Code_Braco.o
                0x00000a28                inicializar_sensores
 .text.rotina_interrupcao
                0x00000a7c       0x4c ./source/Code_Braco.o
                0x00000a7c                rotina_interrupcao
 .text.PIT_DriverIRQHandler
                0x00000ac8       0x3c ./source/Code_Braco.o
                0x00000ac8                PIT_DriverIRQHandler
 .text.main     0x00000b04      0x10c ./source/Code_Braco.o
                0x00000b04                main
 .text.HardFault_Handler
                0x00000c10       0x30 ./source/semihost_hardfault.o
                0x00000c10                HardFault_Handler
 .text.CLOCK_SetEr32kClock
                0x00000c40       0x34 ./drivers/fsl_clock.o
 .text.CLOCK_SetPllFllSelClock
                0x00000c74       0x38 ./drivers/fsl_clock.o
 .text.CLOCK_GetMcgExtClkFreq
                0x00000cac       0x28 ./drivers/fsl_clock.o
 .text.CLOCK_GetFllExtRefClkFreq
                0x00000cd4       0xa4 ./drivers/fsl_clock.o
 .text.CLOCK_GetInternalRefClkSelectFreq
                0x00000d78       0x40 ./drivers/fsl_clock.o
 .text.CLOCK_GetFllRefClkFreq
                0x00000db8       0x2c ./drivers/fsl_clock.o
 .text.CLOCK_GetOscRangeFromFreq
                0x00000de4       0x4c ./drivers/fsl_clock.o
 .text.CLOCK_GetPllFllSelClkFreq
                0x00000e30       0x4c ./drivers/fsl_clock.o
                0x00000e30                CLOCK_GetPllFllSelClkFreq
 .text.CLOCK_GetBusClkFreq
                0x00000e7c       0x50 ./drivers/fsl_clock.o
                0x00000e7c                CLOCK_GetBusClkFreq
 .text.CLOCK_SetSimConfig
                0x00000ecc       0x38 ./drivers/fsl_clock.o
                0x00000ecc                CLOCK_SetSimConfig
 .text.CLOCK_GetOutClkFreq
                0x00000f04       0x68 ./drivers/fsl_clock.o
                0x00000f04                CLOCK_GetOutClkFreq
 .text.CLOCK_GetFllFreq
                0x00000f6c       0x84 ./drivers/fsl_clock.o
                0x00000f6c                CLOCK_GetFllFreq
 .text.CLOCK_GetPll0Freq
                0x00000ff0       0x70 ./drivers/fsl_clock.o
                0x00000ff0                CLOCK_GetPll0Freq
 .text.CLOCK_SetInternalRefClkConfig
                0x00001060      0x124 ./drivers/fsl_clock.o
                0x00001060                CLOCK_SetInternalRefClkConfig
 .text.CLOCK_EnablePll0
                0x00001184       0x90 ./drivers/fsl_clock.o
                0x00001184                CLOCK_EnablePll0
 .text.CLOCK_InitOsc0
                0x00001214       0x94 ./drivers/fsl_clock.o
                0x00001214                CLOCK_InitOsc0
 .text.CLOCK_SetPbeMode
                0x000012a8       0xb0 ./drivers/fsl_clock.o
                0x000012a8                CLOCK_SetPbeMode
 .text.CLOCK_BootToPeeMode
                0x00001358       0x70 ./drivers/fsl_clock.o
                0x00001358                CLOCK_BootToPeeMode
 .text.CLOCK_EnableClock
                0x000013c8       0x34 ./drivers/fsl_dac.o
 .text.DAC_GetInstance
                0x000013fc       0x48 ./drivers/fsl_dac.o
 .text.DAC_Init
                0x00001444       0x80 ./drivers/fsl_dac.o
                0x00001444                DAC_Init
 .text.DAC_SetBufferValue
                0x000014c4       0x64 ./drivers/fsl_dac.o
                0x000014c4                DAC_SetBufferValue
 .text.DAC_SetBufferReadPointer
                0x00001528       0x60 ./drivers/fsl_dac.o
                0x00001528                DAC_SetBufferReadPointer
 .text.DMA_ClearChannelStatusFlags
                0x00001588       0x54 ./drivers/fsl_dma.o
 .text.DMA_HandleIRQ
                0x000015dc       0x4c ./drivers/fsl_dma.o
                0x000015dc                DMA_HandleIRQ
 .text.DMA0_DriverIRQHandler
                0x00001628       0x18 ./drivers/fsl_dma.o
                0x00001628                DMA0_DriverIRQHandler
 .text.DMA1_DriverIRQHandler
                0x00001640       0x18 ./drivers/fsl_dma.o
                0x00001640                DMA1_DriverIRQHandler
 .text.DMA2_DriverIRQHandler
                0x00001658       0x18 ./drivers/fsl_dma.o
                0x00001658                DMA2_DriverIRQHandler
 .text.DMA3_DriverIRQHandler
                0x00001670       0x18 ./drivers/fsl_dma.o
                0x00001670                DMA3_DriverIRQHandler
 .text.GPIO_PinInit
                0x00001688       0x64 ./drivers/fsl_gpio.o
                0x00001688                GPIO_PinInit
 .text.CLOCK_EnableClock
                0x000016ec       0x34 ./drivers/fsl_i2c.o
 .text.I2C_GetInstance
                0x00001720       0x4c ./drivers/fsl_i2c.o
                0x00001720                I2C_GetInstance
 .text.I2C_CheckAndClearError
                0x0000176c       0x40 ./drivers/fsl_i2c.o
 .text.I2C_TransferCommonIRQHandler
                0x000017ac       0x54 ./drivers/fsl_i2c.o
 .text.I2C_MasterInit
                0x00001800       0xfc ./drivers/fsl_i2c.o
                0x00001800                I2C_MasterInit
 .text.I2C_MasterSetBaudRate
                0x000018fc       0xf0 ./drivers/fsl_i2c.o
                0x000018fc                I2C_MasterSetBaudRate
 .text.I2C_MasterStart
                0x000019ec       0x74 ./drivers/fsl_i2c.o
                0x000019ec                I2C_MasterStart
 .text.I2C_MasterRepeatedStart
                0x00001a60       0xbc ./drivers/fsl_i2c.o
                0x00001a60                I2C_MasterRepeatedStart
 .text.I2C_MasterWriteBlocking
                0x00001b1c       0xec ./drivers/fsl_i2c.o
                0x00001b1c                I2C_MasterWriteBlocking
 .text.I2C_MasterTransferBlocking
                0x00001c08      0x230 ./drivers/fsl_i2c.o
                0x00001c08                I2C_MasterTransferBlocking
 .text.I2C0_DriverIRQHandler
                0x00001e38       0x20 ./drivers/fsl_i2c.o
                0x00001e38                I2C0_DriverIRQHandler
 .text.I2C1_DriverIRQHandler
                0x00001e58       0x20 ./drivers/fsl_i2c.o
                0x00001e58                I2C1_DriverIRQHandler
 .text.CLOCK_EnableClock
                0x00001e78       0x34 ./drivers/fsl_lpsci.o
 .text.LPSCI_GetInstance
                0x00001eac       0x48 ./drivers/fsl_lpsci.o
                0x00001eac                LPSCI_GetInstance
 .text.LPSCI_Init
                0x00001ef4      0x258 ./drivers/fsl_lpsci.o
                0x00001ef4                LPSCI_Init
 .text.LPSCI_GetDefaultConfig
                0x0000214c       0x44 ./drivers/fsl_lpsci.o
                0x0000214c                LPSCI_GetDefaultConfig
 .text.LPSCI_ClearStatusFlags
                0x00002190       0x94 ./drivers/fsl_lpsci.o
                0x00002190                LPSCI_ClearStatusFlags
 .text.LPSCI_WriteBlocking
                0x00002224       0x4c ./drivers/fsl_lpsci.o
                0x00002224                LPSCI_WriteBlocking
 .text.LPSCI_ReadBlocking
                0x00002270       0xc0 ./drivers/fsl_lpsci.o
                0x00002270                LPSCI_ReadBlocking
 .text.UART0_DriverIRQHandler
                0x00002330       0x24 ./drivers/fsl_lpsci.o
                0x00002330                UART0_DriverIRQHandler
 .text.CLOCK_EnableClock
                0x00002354       0x34 ./drivers/fsl_pit.o
 .text.PIT_GetInstance
                0x00002388       0x48 ./drivers/fsl_pit.o
 .text.PIT_Init
                0x000023d0       0x6c ./drivers/fsl_pit.o
                0x000023d0                PIT_Init
 .text.SPI_CommonIRQHandler
                0x0000243c       0x54 ./drivers/fsl_spi.o
 .text.SPI0_DriverIRQHandler
                0x00002490       0x30 ./drivers/fsl_spi.o
                0x00002490                SPI0_DriverIRQHandler
 .text.SPI1_DriverIRQHandler
                0x000024c0       0x30 ./drivers/fsl_spi.o
                0x000024c0                SPI1_DriverIRQHandler
 .text.CLOCK_EnableClock
                0x000024f0       0x34 ./drivers/fsl_tpm.o
 .text.TPM_GetInstance
                0x00002524       0x54 ./drivers/fsl_tpm.o
 .text.TPM_Init
                0x00002578       0xd0 ./drivers/fsl_tpm.o
                0x00002578                TPM_Init
 .text.TPM_SetupPwm
                0x00002648      0x1f8 ./drivers/fsl_tpm.o
                0x00002648                TPM_SetupPwm
 .text.CLOCK_EnableClock
                0x00002840       0x34 ./drivers/fsl_uart.o
 .text.UART_GetInstance
                0x00002874       0x54 ./drivers/fsl_uart.o
                0x00002874                UART_GetInstance
 .text.UART_Init
                0x000028c8      0x1e0 ./drivers/fsl_uart.o
                0x000028c8                UART_Init
 .text.UART_GetDefaultConfig
                0x00002aa8       0x44 ./drivers/fsl_uart.o
                0x00002aa8                UART_GetDefaultConfig
 .text.UART_ReadBlocking
                0x00002aec       0x98 ./drivers/fsl_uart.o
                0x00002aec                UART_ReadBlocking
 .text.UART1_DriverIRQHandler
                0x00002b84       0x24 ./drivers/fsl_uart.o
                0x00002b84                UART1_DriverIRQHandler
 .text.UART2_DriverIRQHandler
                0x00002ba8       0x24 ./drivers/fsl_uart.o
                0x00002ba8                UART2_DriverIRQHandler
 .text.CLOCK_SetLpsci0Clock
                0x00002bcc       0x38 ./board/board.o
 .text.BOARD_InitDebugConsole
                0x00002c04       0x30 ./board/board.o
                0x00002c04                BOARD_InitDebugConsole
 .text.CLOCK_SetTpmClock
                0x00002c34       0x38 ./board/clock_config.o
 .text.CLOCK_SetSimSafeDivs
                0x00002c6c       0x20 ./board/clock_config.o
 .text.CLOCK_SetXtal0Freq
                0x00002c8c       0x1c ./board/clock_config.o
 .text.CLOCK_SetXtal32Freq
                0x00002ca8       0x1c ./board/clock_config.o
 .text.CLOCK_CONFIG_SetFllExtRefDiv
                0x00002cc4       0x3c ./board/clock_config.o
 .text.BOARD_BootClockRUN
                0x00002d00       0x74 ./board/clock_config.o
                0x00002d00                BOARD_BootClockRUN
 .text.CLOCK_EnableClock
                0x00002d74       0x34 ./board/pin_mux.o
 .text.PORT_SetPinMux
                0x00002da8       0x40 ./board/pin_mux.o
 .text.BOARD_InitPins
                0x00002de8      0x1b0 ./board/pin_mux.o
                0x00002de8                BOARD_InitPins
 .text.SystemInit
                0x00002f98       0x18 ./CMSIS/system_MKL25Z4.o
                0x00002f98                SystemInit
 .text.__assertion_failed
                0x00002fb0       0x4c c:/nxp/mcuxpressoide_11.1.0_3209/ide/plugins/com.nxp.mcuxpresso.tools.win32_11.1.0.201909161352/tools/bin/../lib/gcc/arm-none-eabi/8.3.1/../../../../arm-none-eabi/lib/thumb/v6-m/nofp\libcr_nohost_nf.a(_cr_assert.o)
                0x00002fb0                __assertion_failed
 .text._deferredlazyseek
                0x00002ffc       0x40 c:/nxp/mcuxpressoide_11.1.0_3209/ide/plugins/com.nxp.mcuxpresso.tools.win32_11.1.0.201909161352/tools/bin/../lib/gcc/arm-none-eabi/8.3.1/../../../../arm-none-eabi/lib/thumb/v6-m/nofp\libcr_c.a(_deferredlazyseek.o)
                0x00002ffc                _deferredlazyseek
 .text.__flsbuf
                0x0000303c      0x14c c:/nxp/mcuxpressoide_11.1.0_3209/ide/plugins/com.nxp.mcuxpresso.tools.win32_11.1.0.201909161352/tools/bin/../lib/gcc/arm-none-eabi/8.3.1/../../../../arm-none-eabi/lib/thumb/v6-m/nofp\libcr_c.a(_deferredlazyseek.o)
                0x0000303c                __flsbuf
 .text._fflush  0x00003188       0x5c c:/nxp/mcuxpressoide_11.1.0_3209/ide/plugins/com.nxp.mcuxpresso.tools.win32_11.1.0.201909161352/tools/bin/../lib/gcc/arm-none-eabi/8.3.1/../../../../arm-none-eabi/lib/thumb/v6-m/nofp\libcr_c.a(_fflush.o)
                0x00003188                _fflush
 .text._Cwritebuf
                0x000031e4       0x68 c:/nxp/mcuxpressoide_11.1.0_3209/ide/plugins/com.nxp.mcuxpresso.tools.win32_11.1.0.201909161352/tools/bin/../lib/gcc/arm-none-eabi/8.3.1/../../../../arm-none-eabi/lib/thumb/v6-m/nofp\libcr_c.a(_writebuf.o)
                0x000031e4                _Cwritebuf
 .text.malloc   0x0000324c       0xcc c:/nxp/mcuxpressoide_11.1.0_3209/ide/plugins/com.nxp.mcuxpresso.tools.win32_11.1.0.201909161352/tools/bin/../lib/gcc/arm-none-eabi/8.3.1/../../../../arm-none-eabi/lib/thumb/v6-m/nofp\libcr_c.a(alloc.o)
                0x0000324c                malloc
 .text._Csys_alloc
                0x00003318       0x20 c:/nxp/mcuxpressoide_11.1.0_3209/ide/plugins/com.nxp.mcuxpresso.tools.win32_11.1.0.201909161352/tools/bin/../lib/gcc/arm-none-eabi/8.3.1/../../../../arm-none-eabi/lib/thumb/v6-m/nofp\libcr_c.a(alloc.o)
                0x00003318                _Csys_alloc
 .text.fseek    0x00003338       0xf0 c:/nxp/mcuxpressoide_11.1.0_3209/ide/plugins/com.nxp.mcuxpresso.tools.win32_11.1.0.201909161352/tools/bin/../lib/gcc/arm-none-eabi/8.3.1/../../../../arm-none-eabi/lib/thumb/v6-m/nofp\libcr_c.a(fseek.o)
                0x00003338                fseek
 .text.ftell    0x00003428       0x48 c:/nxp/mcuxpressoide_11.1.0_3209/ide/plugins/com.nxp.mcuxpresso.tools.win32_11.1.0.201909161352/tools/bin/../lib/gcc/arm-none-eabi/8.3.1/../../../../arm-none-eabi/lib/thumb/v6-m/nofp\libcr_c.a(ftell.o)
                0x00003428                ftell
 .text._initio  0x00003470       0x7c c:/nxp/mcuxpressoide_11.1.0_3209/ide/plugins/com.nxp.mcuxpresso.tools.win32_11.1.0.201909161352/tools/bin/../lib/gcc/arm-none-eabi/8.3.1/../../../../arm-none-eabi/lib/thumb/v6-m/nofp\libcr_c.a(initio.o)
                0x00003470                _initio
 .text.__vfprintf
                0x000034ec      0xcd8 c:/nxp/mcuxpressoide_11.1.0_3209/ide/plugins/com.nxp.mcuxpresso.tools.win32_11.1.0.201909161352/tools/bin/../lib/gcc/arm-none-eabi/8.3.1/../../../../arm-none-eabi/lib/thumb/v6-m/nofp\libcr_c.a(printf.o)
                0x000034ec                __vfprintf
 .text._vsnprintf
                0x000041c4       0x70 c:/nxp/mcuxpressoide_11.1.0_3209/ide/plugins/com.nxp.mcuxpresso.tools.win32_11.1.0.201909161352/tools/bin/../lib/gcc/arm-none-eabi/8.3.1/../../../../arm-none-eabi/lib/thumb/v6-m/nofp\libcr_c.a(printf.o)
                0x000041c4                _vsnprintf
 .text._printf  0x00004234       0x50 c:/nxp/mcuxpressoide_11.1.0_3209/ide/plugins/com.nxp.mcuxpresso.tools.win32_11.1.0.201909161352/tools/bin/../lib/gcc/arm-none-eabi/8.3.1/../../../../arm-none-eabi/lib/thumb/v6-m/nofp\libcr_c.a(printf.o)
                0x00004234                _printf
 .text.setvbuf  0x00004284       0x4c c:/nxp/mcuxpressoide_11.1.0_3209/ide/plugins/com.nxp.mcuxpresso.tools.win32_11.1.0.201909161352/tools/bin/../lib/gcc/arm-none-eabi/8.3.1/../../../../arm-none-eabi/lib/thumb/v6-m/nofp\libcr_c.a(setvbuf.o)
                0x00004284                setvbuf
 .text.strlen   0x000042d0       0x58 c:/nxp/mcuxpressoide_11.1.0_3209/ide/plugins/com.nxp.mcuxpresso.tools.win32_11.1.0.201909161352/tools/bin/../lib/gcc/arm-none-eabi/8.3.1/../../../../arm-none-eabi/lib/thumb/v6-m/nofp\libcr_c.a(strlen.o)
                0x000042d0                strlen
 .text._sbrk    0x00004328       0x40 c:/nxp/mcuxpressoide_11.1.0_3209/ide/plugins/com.nxp.mcuxpresso.tools.win32_11.1.0.201909161352/tools/bin/../lib/gcc/arm-none-eabi/8.3.1/../../../../arm-none-eabi/lib/thumb/v6-m/nofp\libcr_c.a(_cr_sbrk.o)
                0x00004328                _sbrk
 .text._fdopen  0x00004368       0x74 c:/nxp/mcuxpressoide_11.1.0_3209/ide/plugins/com.nxp.mcuxpresso.tools.win32_11.1.0.201909161352/tools/bin/../lib/gcc/arm-none-eabi/8.3.1/../../../../arm-none-eabi/lib/thumb/v6-m/nofp\libcr_c.a(_fdopen.o)
                0x00004368                _fdopen
 .text.fclose   0x000043dc       0x5c c:/nxp/mcuxpressoide_11.1.0_3209/ide/plugins/com.nxp.mcuxpresso.tools.win32_11.1.0.201909161352/tools/bin/../lib/gcc/arm-none-eabi/8.3.1/../../../../arm-none-eabi/lib/thumb/v6-m/nofp\libcr_c.a(fclose.o)
                0x000043dc                fclose
 .text.fflush   0x00004438       0x44 c:/nxp/mcuxpressoide_11.1.0_3209/ide/plugins/com.nxp.mcuxpresso.tools.win32_11.1.0.201909161352/tools/bin/../lib/gcc/arm-none-eabi/8.3.1/../../../../arm-none-eabi/lib/thumb/v6-m/nofp\libcr_c.a(fflush.o)
                0x00004438                fflush
 .text.__check_heap_overflow
                0x0000447c       0x14 c:/nxp/mcuxpressoide_11.1.0_3209/ide/plugins/com.nxp.mcuxpresso.tools.win32_11.1.0.201909161352/tools/bin/../lib/gcc/arm-none-eabi/8.3.1/../../../../arm-none-eabi/lib/thumb/v6-m/nofp\libcr_c.a(_cr_check_heap.o)
                0x0000447c                __check_heap_overflow
 .text._do_fflush
                0x00004490       0x44 c:/nxp/mcuxpressoide_11.1.0_3209/ide/plugins/com.nxp.mcuxpresso.tools.win32_11.1.0.201909161352/tools/bin/../lib/gcc/arm-none-eabi/8.3.1/../../../../arm-none-eabi/lib/thumb/v6-m/nofp\libcr_c.a(_do_fflush.o)
                0x00004490                _do_fflush
 .text.__aeabi_ddiv
                0x000044d4      0x148 c:/nxp/mcuxpressoide_11.1.0_3209/ide/plugins/com.nxp.mcuxpresso.tools.win32_11.1.0.201909161352/tools/bin/../lib/gcc/arm-none-eabi/8.3.1/thumb/v6-m/nofp\libcr_eabihelpers.a(double.o)
                0x000044d4                __aeabi_ddiv
 .text.__aeabi_d2uiz
                0x0000461c       0x34 c:/nxp/mcuxpressoide_11.1.0_3209/ide/plugins/com.nxp.mcuxpresso.tools.win32_11.1.0.201909161352/tools/bin/../lib/gcc/arm-none-eabi/8.3.1/thumb/v6-m/nofp\libcr_eabihelpers.a(double.o)
                0x0000461c                __aeabi_d2uiz
 .text.__aeabi_fmul
                0x00004650       0xc4 c:/nxp/mcuxpressoide_11.1.0_3209/ide/plugins/com.nxp.mcuxpresso.tools.win32_11.1.0.201909161352/tools/bin/../lib/gcc/arm-none-eabi/8.3.1/thumb/v6-m/nofp\libcr_eabihelpers.a(float.o)
                0x00004650                __aeabi_fmul
 .text.__aeabi_fdiv
                0x00004714       0xdc c:/nxp/mcuxpressoide_11.1.0_3209/ide/plugins/com.nxp.mcuxpresso.tools.win32_11.1.0.201909161352/tools/bin/../lib/gcc/arm-none-eabi/8.3.1/thumb/v6-m/nofp\libcr_eabihelpers.a(float.o)
                0x00004714                __aeabi_fdiv
 .text.__aeabi_f2d
                0x000047f0       0x3c c:/nxp/mcuxpressoide_11.1.0_3209/ide/plugins/com.nxp.mcuxpresso.tools.win32_11.1.0.201909161352/tools/bin/../lib/gcc/arm-none-eabi/8.3.1/thumb/v6-m/nofp\libcr_eabihelpers.a(float.o)
                0x000047f0                __aeabi_f2d
 .text.UART_EnableTx
                0x0000482c       0x40 ./utilities/fsl_debug_console.o
 .text.UART_EnableRx
                0x0000486c       0x40 ./utilities/fsl_debug_console.o
 .text.LPSCI_EnableTx
                0x000048ac       0x40 ./utilities/fsl_debug_console.o
 .text.LPSCI_EnableRx
                0x000048ec       0x40 ./utilities/fsl_debug_console.o
 .text.EnableIRQ
                0x0000492c       0x2c ./source/Code_Braco.o
 .text.ACC_Init
                0x00004958       0xce ./source/Code_Braco.o
 .text.GPIO_SetPinsOutput
                0x00004a26       0x18 ./source/Code_Braco.o
 .text.GPIO_ClearPinsOutput
                0x00004a3e       0x18 ./source/Code_Braco.o
 .text.GPIO_TogglePinsOutput
                0x00004a56       0x18 ./source/Code_Braco.o
 .text.DAC_Enable
                0x00004a6e       0x4a ./source/Code_Braco.o
 .text.PIT_EnableInterrupts
                0x00004ab8       0x42 ./source/Code_Braco.o
 .text.PIT_GetStatusFlags
                0x00004afa       0x2c ./source/Code_Braco.o
 .text.PIT_ClearStatusFlags
                0x00004b26       0x2e ./source/Code_Braco.o
 .text.PIT_SetTimerPeriod
                0x00004b54       0x28 ./source/Code_Braco.o
 .text.PIT_StartTimer
                0x00004b7c       0x3e ./source/Code_Braco.o
 .text.TPM_StartTimer
                0x00004bba       0x3a ./source/Code_Braco.o
 .text.delay    0x00004bf4       0x2a ./source/Code_Braco.o
                0x00004bf4                delay
 .text.OSC_SetExtRefClkConfig
                0x00004c1e       0x3e ./drivers/fsl_clock.o
 .text.OSC_SetCapLoad
                0x00004c5c       0x42 ./drivers/fsl_clock.o
 .text.CLOCK_GetPll0RefFreq
                0x00004c9e       0x10 ./drivers/fsl_clock.o
 .text.CLOCK_SetExternalRefClkConfig
                0x00004cae       0x16 ./drivers/fsl_clock.o
                0x00004cae                CLOCK_SetExternalRefClkConfig
 .text.GPIO_WritePinOutput
                0x00004cc4       0x34 ./drivers/fsl_gpio.o
 .text.I2C_MasterClearStatusFlags
                0x00004cf8       0x38 ./drivers/fsl_i2c.o
 .text.I2C_MasterStop
                0x00004d30       0x64 ./drivers/fsl_i2c.o
                0x00004d30                I2C_MasterStop
 .text.I2C_MasterGetStatusFlags
                0x00004d94       0x32 ./drivers/fsl_i2c.o
                0x00004d94                I2C_MasterGetStatusFlags
 .text.I2C_MasterReadBlocking
                0x00004dc6       0xea ./drivers/fsl_i2c.o
                0x00004dc6                I2C_MasterReadBlocking
 .text.LPSCI_GetStatusFlags
                0x00004eb0       0x26 ./drivers/fsl_lpsci.o
                0x00004eb0                LPSCI_GetStatusFlags
 .text.UART_GetStatusFlags
                0x00004ed6       0x26 ./drivers/fsl_uart.o
                0x00004ed6                UART_GetStatusFlags
 .text.UART_WriteBlocking
                0x00004efc       0x3a ./drivers/fsl_uart.o
                0x00004efc                UART_WriteBlocking
 .text.BOARD_InitBootClocks
                0x00004f36        0xe ./board/clock_config.o
                0x00004f36                BOARD_InitBootClocks
 .text.BOARD_InitBootPeripherals
                0x00004f44        0xa ./board/peripherals.o
                0x00004f44                BOARD_InitBootPeripherals
 .text.BOARD_InitBootPins
                0x00004f4e        0xe ./board/pin_mux.o
                0x00004f4e                BOARD_InitBootPins
 .text.__main   0x00004f5c        0xc c:/nxp/mcuxpressoide_11.1.0_3209/ide/plugins/com.nxp.mcuxpresso.tools.win32_11.1.0.201909161352/tools/bin/../lib/gcc/arm-none-eabi/8.3.1/../../../../arm-none-eabi/lib/thumb/v6-m/nofp\libcr_nohost_nf.a(_cr__main.o)
                0x00004f5c                __main
 .text.__sys_appexit
                0x00004f68        0x2 c:/nxp/mcuxpressoide_11.1.0_3209/ide/plugins/com.nxp.mcuxpresso.tools.win32_11.1.0.201909161352/tools/bin/../lib/gcc/arm-none-eabi/8.3.1/../../../../arm-none-eabi/lib/thumb/v6-m/nofp\libcr_nohost_nf.a(__sys_appexit.o)
                0x00004f68                __sys_appexit
                0x00004f68                __exit
 .text.memset   0x00004f6a        0x8 c:/nxp/mcuxpressoide_11.1.0_3209/ide/plugins/com.nxp.mcuxpresso.tools.win32_11.1.0.201909161352/tools/bin/../lib/gcc/arm-none-eabi/8.3.1/../../../../arm-none-eabi/lib/thumb/v6-m/nofp\libcr_c.a(memset.o)
                0x00004f6a                memset
 .text.free     0x00004f72       0x2c c:/nxp/mcuxpressoide_11.1.0_3209/ide/plugins/com.nxp.mcuxpresso.tools.win32_11.1.0.201909161352/tools/bin/../lib/gcc/arm-none-eabi/8.3.1/../../../../arm-none-eabi/lib/thumb/v6-m/nofp\libcr_c.a(alloc.o)
                0x00004f72                free
 .text.fputs    0x00004f9e       0x2e c:/nxp/mcuxpressoide_11.1.0_3209/ide/plugins/com.nxp.mcuxpresso.tools.win32_11.1.0.201909161352/tools/bin/../lib/gcc/arm-none-eabi/8.3.1/../../../../arm-none-eabi/lib/thumb/v6-m/nofp\libcr_c.a(fputs.o)
                0x00004f9e                fputs
 .text.no_fp_display
                0x00004fcc        0x4 c:/nxp/mcuxpressoide_11.1.0_3209/ide/plugins/com.nxp.mcuxpresso.tools.win32_11.1.0.201909161352/tools/bin/../lib/gcc/arm-none-eabi/8.3.1/../../../../arm-none-eabi/lib/thumb/v6-m/nofp\libcr_c.a(printf.o)
 .text.remove   0x00004fd0       0x12 c:/nxp/mcuxpressoide_11.1.0_3209/ide/plugins/com.nxp.mcuxpresso.tools.win32_11.1.0.201909161352/tools/bin/../lib/gcc/arm-none-eabi/8.3.1/../../../../arm-none-eabi/lib/thumb/v6-m/nofp\libcr_c.a(remove.o)
                0x00004fd0                remove
 .text.__aeabi_division_idivmod
                0x00004fe2       0x78 c:/nxp/mcuxpressoide_11.1.0_3209/ide/plugins/com.nxp.mcuxpresso.tools.win32_11.1.0.201909161352/tools/bin/../lib/gcc/arm-none-eabi/8.3.1/thumb/v6-m/nofp\libcr_eabihelpers.a(division_32.o)
                0x00004fe2                __aeabi_idivmod
                0x00004fe2                __aeabi_idiv
                0x00004fe8                __aeabi_uidivmod
                0x00004fe8                __aeabi_uidiv
 .text.__aeabi_division_uldivmod
                0x0000505a       0x5a c:/nxp/mcuxpressoide_11.1.0_3209/ide/plugins/com.nxp.mcuxpresso.tools.win32_11.1.0.201909161352/tools/bin/../lib/gcc/arm-none-eabi/8.3.1/thumb/v6-m/nofp\libcr_eabihelpers.a(division_64.o)
                0x0000505a                __aeabi_uldivmod
 .text.__aeabi_division_idiv0
                0x000050b4        0x2 c:/nxp/mcuxpressoide_11.1.0_3209/ide/plugins/com.nxp.mcuxpresso.tools.win32_11.1.0.201909161352/tools/bin/../lib/gcc/arm-none-eabi/8.3.1/thumb/v6-m/nofp\libcr_eabihelpers.a(division_idiv0.o)
                0x000050b4                __aeabi_idiv0
 .text.__aeabi_f2uiz
                0x000050b6       0x2a c:/nxp/mcuxpressoide_11.1.0_3209/ide/plugins/com.nxp.mcuxpresso.tools.win32_11.1.0.201909161352/tools/bin/../lib/gcc/arm-none-eabi/8.3.1/thumb/v6-m/nofp\libcr_eabihelpers.a(float.o)
                0x000050b6                __aeabi_f2uiz
 .text.__aeabi_llong_lmul
                0x000050e0       0x2e c:/nxp/mcuxpressoide_11.1.0_3209/ide/plugins/com.nxp.mcuxpresso.tools.win32_11.1.0.201909161352/tools/bin/../lib/gcc/arm-none-eabi/8.3.1/thumb/v6-m/nofp\libcr_eabihelpers.a(llong.o)
                0x000050e0                __aeabi_lmul
 .text.__aeabi_memset_lowlevel
                0x0000510e       0x2a c:/nxp/mcuxpressoide_11.1.0_3209/ide/plugins/com.nxp.mcuxpresso.tools.win32_11.1.0.201909161352/tools/bin/../lib/gcc/arm-none-eabi/8.3.1/thumb/v6-m/nofp\libcr_eabihelpers.a(memcpy.o)
                0x0000510e                __aeabi_lowlevel_memset
 .text.__sys_close
                0x00005138        0x6 c:/nxp/mcuxpressoide_11.1.0_3209/ide/plugins/com.nxp.mcuxpresso.tools.win32_11.1.0.201909161352/tools/bin/../lib/gcc/arm-none-eabi/8.3.1/../../../../arm-none-eabi/lib/thumb/v6-m/nofp\libcr_nohost_nf.a(__sys_close.o)
                0x00005138                __sys_close
 .text.__sys_flen
                0x0000513e        0x6 c:/nxp/mcuxpressoide_11.1.0_3209/ide/plugins/com.nxp.mcuxpresso.tools.win32_11.1.0.201909161352/tools/bin/../lib/gcc/arm-none-eabi/8.3.1/../../../../arm-none-eabi/lib/thumb/v6-m/nofp\libcr_nohost_nf.a(__sys_flen.o)
                0x0000513e                __sys_flen
 .text.__sys_istty
                0x00005144        0x6 c:/nxp/mcuxpressoide_11.1.0_3209/ide/plugins/com.nxp.mcuxpresso.tools.win32_11.1.0.201909161352/tools/bin/../lib/gcc/arm-none-eabi/8.3.1/../../../../arm-none-eabi/lib/thumb/v6-m/nofp\libcr_nohost_nf.a(__sys_istty.o)
                0x00005144                __sys_istty
 .text.__sys_remove
                0x0000514a        0x6 c:/nxp/mcuxpressoide_11.1.0_3209/ide/plugins/com.nxp.mcuxpresso.tools.win32_11.1.0.201909161352/tools/bin/../lib/gcc/arm-none-eabi/8.3.1/../../../../arm-none-eabi/lib/thumb/v6-m/nofp\libcr_nohost_nf.a(__sys_remove.o)
                0x0000514a                __sys_remove
 .text.__sys_seek
                0x00005150        0x6 c:/nxp/mcuxpressoide_11.1.0_3209/ide/plugins/com.nxp.mcuxpresso.tools.win32_11.1.0.201909161352/tools/bin/../lib/gcc/arm-none-eabi/8.3.1/../../../../arm-none-eabi/lib/thumb/v6-m/nofp\libcr_nohost_nf.a(__sys_seek.o)
                0x00005150                __sys_seek
 .text.__sys_tmpnam
                0x00005156        0x6 c:/nxp/mcuxpressoide_11.1.0_3209/ide/plugins/com.nxp.mcuxpresso.tools.win32_11.1.0.201909161352/tools/bin/../lib/gcc/arm-none-eabi/8.3.1/../../../../arm-none-eabi/lib/thumb/v6-m/nofp\libcr_nohost_nf.a(__sys_tmpnam.o)
                0x00005156                __sys_tmpnam
 *(SORT_BY_ALIGNMENT(.rodata) SORT_BY_ALIGNMENT(.rodata.*) SORT_BY_ALIGNMENT(.constdata) SORT_BY_ALIGNMENT(.constdata.*))
 .rodata.PIT_GetDefaultConfig.str1.4
                0x0000515c       0x92 ./source/Code_Braco.o
 *fill*         0x000051ee        0x2 ff
 .rodata        0x000051f0        0xc ./source/Code_Braco.o
 .rodata.inicializar_sensores.str1.4
                0x000051fc       0x19 ./source/Code_Braco.o
 *fill*         0x00005215        0x3 ff
 .rodata.rotina_interrupcao.str1.4
                0x00005218       0x2a ./source/Code_Braco.o
 *fill*         0x00005242        0x2 ff
 .rodata.main.str1.4
                0x00005244       0xd8 ./source/Code_Braco.o
 .rodata.CLOCK_GetMcgExtClkFreq.str1.4
                0x0000531c       0x1f ./drivers/fsl_clock.o
 *fill*         0x0000533b        0x1 ff
 .rodata.CLOCK_GetPll0Freq.str1.4
                0x0000533c       0x1e ./drivers/fsl_clock.o
 *fill*         0x0000535a        0x2 ff
 .rodata.CLOCK_EnablePll0.str1.4
                0x0000535c       0x1a ./drivers/fsl_clock.o
 *fill*         0x00005376        0x2 ff
 .rodata.CLOCK_SetPbeMode.str1.4
                0x00005378       0x1b ./drivers/fsl_clock.o
 *fill*         0x00005393        0x1 ff
 .rodata.CLOCK_BootToPeeMode.str1.4
                0x00005394       0x1b ./drivers/fsl_clock.o
 *fill*         0x000053af        0x1 ff
 .rodata.fllFactorTable.5230
                0x000053b0       0x10 ./drivers/fsl_clock.o
 .rodata.DAC_GetInstance.str1.4
                0x000053c0       0x32 ./drivers/fsl_dac.o
 *fill*         0x000053f2        0x2 ff
 .rodata.DAC_Init.str1.4
                0x000053f4       0x1f ./drivers/fsl_dac.o
 *fill*         0x00005413        0x1 ff
 .rodata.DAC_SetBufferValue.str1.4
                0x00005414       0x28 ./drivers/fsl_dac.o
 .rodata.DAC_SetBufferReadPointer.str1.4
                0x0000543c       0x28 ./drivers/fsl_dac.o
 .rodata.DMA_ClearChannelStatusFlags.str1.4
                0x00005464       0x3d ./drivers/fsl_dma.o
 *fill*         0x000054a1        0x3 ff
 .rodata.DMA_HandleIRQ.str1.4
                0x000054a4       0x20 ./drivers/fsl_dma.o
 .rodata.GPIO_PinInit.str1.4
                0x000054c4       0x18 ./drivers/fsl_gpio.o
 .rodata.s_i2cDividerTable
                0x000054dc       0x80 ./drivers/fsl_i2c.o
 .rodata.s_i2cBases
                0x0000555c        0x8 ./drivers/fsl_i2c.o
 .rodata.s_i2cClocks
                0x00005564        0x8 ./drivers/fsl_i2c.o
 .rodata.I2C_GetInstance.str1.4
                0x0000556c       0x33 ./drivers/fsl_i2c.o
 *fill*         0x0000559f        0x1 ff
 .rodata.I2C_MasterInit.str1.4
                0x000055a0       0x2d ./drivers/fsl_i2c.o
 *fill*         0x000055cd        0x3 ff
 .rodata.I2C_MasterTransferBlocking.str1.4
                0x000055d0       0x16 ./drivers/fsl_i2c.o
 *fill*         0x000055e6        0x2 ff
 .rodata.LPSCI_GetInstance.str1.4
                0x000055e8       0x37 ./drivers/fsl_lpsci.o
 *fill*         0x0000561f        0x1 ff
 .rodata.LPSCI_Init.str1.4
                0x00005620       0x44 ./drivers/fsl_lpsci.o
 .rodata.LPSCI_GetDefaultConfig.str1.4
                0x00005664       0x1a ./drivers/fsl_lpsci.o
 *fill*         0x0000567e        0x2 ff
 .rodata.LPSCI_WriteBlocking.str1.4
                0x00005680       0x18 ./drivers/fsl_lpsci.o
 .rodata.LPSCI_ReadBlocking.str1.4
                0x00005698       0x18 ./drivers/fsl_lpsci.o
 .rodata.PIT_GetInstance.str1.4
                0x000056b0       0x32 ./drivers/fsl_pit.o
 *fill*         0x000056e2        0x2 ff
 .rodata.PIT_Init.str1.4
                0x000056e4       0x17 ./drivers/fsl_pit.o
 *fill*         0x000056fb        0x1 ff
 .rodata.SPI0_DriverIRQHandler.str1.4
                0x000056fc       0x21 ./drivers/fsl_spi.o
 *fill*         0x0000571d        0x3 ff
 .rodata.SPI1_DriverIRQHandler.str1.4
                0x00005720       0x21 ./drivers/fsl_spi.o
 *fill*         0x00005741        0x3 ff
 .rodata.s_tpmBases
                0x00005744        0xc ./drivers/fsl_tpm.o
 .rodata.s_tpmClocks
                0x00005750        0xc ./drivers/fsl_tpm.o
 .rodata.TPM_GetInstance.str1.4
                0x0000575c       0x29 ./drivers/fsl_tpm.o
 *fill*         0x00005785        0x3 ff
 .rodata.TPM_Init.str1.4
                0x00005788       0x17 ./drivers/fsl_tpm.o
 *fill*         0x0000579f        0x1 ff
 .rodata.TPM_SetupPwm.str1.4
                0x000057a0       0x71 ./drivers/fsl_tpm.o
 *fill*         0x00005811        0x3 ff
 .rodata.s_uartBases
                0x00005814        0xc ./drivers/fsl_uart.o
 .rodata.s_uartClock
                0x00005820        0xc ./drivers/fsl_uart.o
 .rodata.UART_GetInstance.str1.4
                0x0000582c       0x2c ./drivers/fsl_uart.o
 .rodata.UART_Init.str1.4
                0x00005858       0x43 ./drivers/fsl_uart.o
 *fill*         0x0000589b        0x1 ff
 .rodata.UART_GetDefaultConfig.str1.4
                0x0000589c       0x19 ./drivers/fsl_uart.o
 *fill*         0x000058b5        0x3 ff
 .rodata.UART_ReadBlocking.str1.4
                0x000058b8       0x18 ./drivers/fsl_uart.o
                                 0x17 (size before relaxing)
 .rodata.mcgConfig_BOARD_BootClockRUN
                0x000058d0        0xa ./board/clock_config.o
                0x000058d0                mcgConfig_BOARD_BootClockRUN
 *fill*         0x000058da        0x2 ff
 .rodata.simConfig_BOARD_BootClockRUN
                0x000058dc        0x8 ./board/clock_config.o
                0x000058dc                simConfig_BOARD_BootClockRUN
 .rodata.oscConfig_BOARD_BootClockRUN
                0x000058e4        0x8 ./board/clock_config.o
                0x000058e4                oscConfig_BOARD_BootClockRUN
 .rodata        0x000058ec        0x2 ./board/pin_mux.o
 *fill*         0x000058ee        0x2 ff
 .rodata.__num_Ciob_streams
                0x000058f0        0x4 c:/nxp/mcuxpressoide_11.1.0_3209/ide/plugins/com.nxp.mcuxpresso.tools.win32_11.1.0.201909161352/tools/bin/../lib/gcc/arm-none-eabi/8.3.1/../../../../arm-none-eabi/lib/thumb/v6-m/nofp\libcr_nohost_nf.a(__ciob.o)
                0x000058f0                __num_Ciob_streams
 .rodata.__assertion_failed.str1.1
                0x000058f4       0x15 c:/nxp/mcuxpressoide_11.1.0_3209/ide/plugins/com.nxp.mcuxpresso.tools.win32_11.1.0.201909161352/tools/bin/../lib/gcc/arm-none-eabi/8.3.1/../../../../arm-none-eabi/lib/thumb/v6-m/nofp\libcr_nohost_nf.a(_cr_assert.o)
 .rodata._Csys_alloc.str1.1
                0x00005909       0x18 c:/nxp/mcuxpressoide_11.1.0_3209/ide/plugins/com.nxp.mcuxpresso.tools.win32_11.1.0.201909161352/tools/bin/../lib/gcc/arm-none-eabi/8.3.1/../../../../arm-none-eabi/lib/thumb/v6-m/nofp\libcr_c.a(alloc.o)
 .rodata._initio.str1.1
                0x00005921        0x4 c:/nxp/mcuxpressoide_11.1.0_3209/ide/plugins/com.nxp.mcuxpresso.tools.win32_11.1.0.201909161352/tools/bin/../lib/gcc/arm-none-eabi/8.3.1/../../../../arm-none-eabi/lib/thumb/v6-m/nofp\libcr_c.a(initio.o)
 .rodata.__vfprintf.str1.1
                0x00005925       0x35 c:/nxp/mcuxpressoide_11.1.0_3209/ide/plugins/com.nxp.mcuxpresso.tools.win32_11.1.0.201909161352/tools/bin/../lib/gcc/arm-none-eabi/8.3.1/../../../../arm-none-eabi/lib/thumb/v6-m/nofp\libcr_c.a(printf.o)
                                 0x38 (size before relaxing)
                0x0000595c                . = ALIGN (0x4)
 *fill*         0x0000595a        0x2 ff

.glue_7         0x0000595c        0x0
 .glue_7        0x0000595c        0x0 linker stubs

.glue_7t        0x0000595c        0x0
 .glue_7t       0x0000595c        0x0 linker stubs

.vfp11_veneer   0x0000595c        0x0
 .vfp11_veneer  0x0000595c        0x0 linker stubs

.v4_bx          0x0000595c        0x0
 .v4_bx         0x0000595c        0x0 linker stubs

.iplt           0x0000595c        0x0
 .iplt          0x0000595c        0x0 ./utilities/fsl_debug_console.o

.rel.dyn        0x0000595c        0x0
 .rel.iplt      0x0000595c        0x0 ./utilities/fsl_debug_console.o

.ARM.extab
 *(SORT_BY_ALIGNMENT(.ARM.extab*) SORT_BY_ALIGNMENT(.gnu.linkonce.armextab.*))
                0x0000595c                __exidx_start = .

.ARM.exidx
 *(SORT_BY_ALIGNMENT(.ARM.exidx*) SORT_BY_ALIGNMENT(.gnu.linkonce.armexidx.*))
                0x0000595c                __exidx_end = .
                0x0000595c                _etext = .

.m_usb_data
 *(SORT_BY_ALIGNMENT(m_usb_bdt))

.mtb_buffer_default
                0x1ffff000       0x80
 *(SORT_BY_ALIGNMENT(.mtb*))
 .mtb.$RAM1     0x1ffff000       0x80 ./source/mtb.o
                0x1ffff000                __mtb_buffer__

.uninit_RESERVED
                0x1ffff080        0x0
                0x1ffff080                _start_uninit_RESERVED = .
 *(SORT_BY_ALIGNMENT(.bss.$RESERVED*))
                0x1ffff080                . = ALIGN (0x4)
                0x1ffff080                _end_uninit_RESERVED = .

.data           0x1ffff080      0x29c load address 0x0000595c
 FILL mask 0xff
                0x1ffff080                _data = .
                [!provide]                PROVIDE (__start_data_RAM = .)
                [!provide]                PROVIDE (__start_data_SRAM = .)
 *(SORT_BY_ALIGNMENT(vtable))
 *(SORT_BY_ALIGNMENT(.ramfunc*))
 *(SORT_BY_ALIGNMENT(CodeQuickAccess))
 *(SORT_BY_ALIGNMENT(DataQuickAccess))
 *(SORT_BY_ALIGNMENT(RamFunction))
 *(SORT_BY_ALIGNMENT(.data*))
 .data.acc_1    0x1ffff080       0xa0 ./source/Code_Braco.o
                0x1ffff080                acc_1
 .data.acc_2    0x1ffff120       0xa0 ./source/Code_Braco.o
                0x1ffff120                acc_2
 .data.acc_3    0x1ffff1c0       0xa0 ./source/Code_Braco.o
                0x1ffff1c0                acc_3
 .data.acc_4    0x1ffff260       0xa0 ./source/Code_Braco.o
                0x1ffff260                acc_4
 .data.teste_motor1
                0x1ffff300        0x4 ./source/Code_Braco.o
                0x1ffff300                teste_motor1
 .data.teste_motor2
                0x1ffff304        0x4 ./source/Code_Braco.o
                0x1ffff304                teste_motor2
 .data.teste_motor3
                0x1ffff308        0x4 ./source/Code_Braco.o
                0x1ffff308                teste_motor3
 .data.s_slowIrcFreq
                0x1ffff30c        0x4 ./drivers/fsl_clock.o
 .data.s_fastIrcFreq
                0x1ffff310        0x4 ./drivers/fsl_clock.o
 .data.SystemCoreClock
                0x1ffff314        0x4 ./CMSIS/system_MKL25Z4.o
                0x1ffff314                SystemCoreClock
 .data.terminou_rotina
                0x1ffff318        0x1 ./source/Code_Braco.o
                0x1ffff318                terminou_rotina
                0x1ffff31c                . = ALIGN (0x4)
 *fill*         0x1ffff319        0x3 ff
                0x1ffff31c                _edata = .
                [!provide]                PROVIDE (__end_data_RAM = .)
                [!provide]                PROVIDE (__end_data_SRAM = .)

.igot.plt       0x1ffff31c        0x0 load address 0x00005bf8
 .igot.plt      0x1ffff31c        0x0 ./utilities/fsl_debug_console.o

.bss            0x1ffff31c      0x128
                0x1ffff31c                _bss = .
                [!provide]                PROVIDE (__start_bss_RAM = .)
                [!provide]                PROVIDE (__start_bss_SRAM = .)
 *(SORT_BY_ALIGNMENT(.bss*))
 .bss.s_debugConsole
                0x1ffff31c       0x10 ./utilities/fsl_debug_console.o
 .bss.interruption
                0x1ffff32c        0x4 ./source/Code_Braco.o
                0x1ffff32c                interruption
 .bss.DAC_CONFIG.6126
                0x1ffff330        0x2 ./source/Code_Braco.o
 *fill*         0x1ffff332        0x2 
 .bss.g_xtal0Freq
                0x1ffff334        0x4 ./drivers/fsl_clock.o
                0x1ffff334                g_xtal0Freq
 .bss.g_xtal32Freq
                0x1ffff338        0x4 ./drivers/fsl_clock.o
                0x1ffff338                g_xtal32Freq
 .bss.s_DMAHandle
                0x1ffff33c       0x10 ./drivers/fsl_dma.o
 .bss.s_i2cHandle
                0x1ffff34c        0x8 ./drivers/fsl_i2c.o
 .bss.s_i2cMasterIsr
                0x1ffff354        0x4 ./drivers/fsl_i2c.o
 .bss.s_i2cSlaveIsr
                0x1ffff358        0x4 ./drivers/fsl_i2c.o
 .bss.s_lpsciHandle
                0x1ffff35c        0x4 ./drivers/fsl_lpsci.o
 .bss.s_lpsciIsr
                0x1ffff360        0x4 ./drivers/fsl_lpsci.o
 .bss.s_spiHandle
                0x1ffff364        0x8 ./drivers/fsl_spi.o
 .bss.s_spiMasterIsr
                0x1ffff36c        0x4 ./drivers/fsl_spi.o
 .bss.s_spiSlaveIsr
                0x1ffff370        0x4 ./drivers/fsl_spi.o
 .bss.s_uartHandle
                0x1ffff374        0xc ./drivers/fsl_uart.o
 .bss.s_uartIsr
                0x1ffff380        0x4 ./drivers/fsl_uart.o
 .bss.__Ciob    0x1ffff384       0xb4 c:/nxp/mcuxpressoide_11.1.0_3209/ide/plugins/com.nxp.mcuxpresso.tools.win32_11.1.0.201909161352/tools/bin/../lib/gcc/arm-none-eabi/8.3.1/../../../../arm-none-eabi/lib/thumb/v6-m/nofp\libcr_nohost_nf.a(__ciob.o)
                0x1ffff384                __Ciob
 .bss.errno     0x1ffff438        0x4 c:/nxp/mcuxpressoide_11.1.0_3209/ide/plugins/com.nxp.mcuxpresso.tools.win32_11.1.0.201909161352/tools/bin/../lib/gcc/arm-none-eabi/8.3.1/../../../../arm-none-eabi/lib/thumb/v6-m/nofp\libcr_c.a(errno.o)
                0x1ffff438                errno
 .bss.__end_of_heap
                0x1ffff43c        0x4 c:/nxp/mcuxpressoide_11.1.0_3209/ide/plugins/com.nxp.mcuxpresso.tools.win32_11.1.0.201909161352/tools/bin/../lib/gcc/arm-none-eabi/8.3.1/../../../../arm-none-eabi/lib/thumb/v6-m/nofp\libcr_c.a(__init_alloc.o)
                0x1ffff43c                __end_of_heap
 .bss.__heaps   0x1ffff440        0x4 c:/nxp/mcuxpressoide_11.1.0_3209/ide/plugins/com.nxp.mcuxpresso.tools.win32_11.1.0.201909161352/tools/bin/../lib/gcc/arm-none-eabi/8.3.1/../../../../arm-none-eabi/lib/thumb/v6-m/nofp\libcr_c.a(__init_alloc.o)
                0x1ffff440                __heaps
 *(SORT_BY_ALIGNMENT(COMMON))
                0x1ffff444                . = ALIGN (0x4)
                0x1ffff444                _ebss = .
                [!provide]                PROVIDE (__end_bss_RAM = .)
                [!provide]                PROVIDE (__end_bss_SRAM = .)
                [!provide]                PROVIDE (end = .)

.noinit         0x1ffff444        0x0
                0x1ffff444                _noinit = .
                [!provide]                PROVIDE (__start_noinit_RAM = .)
                [!provide]                PROVIDE (__start_noinit_SRAM = .)
 *(SORT_BY_ALIGNMENT(.noinit*))
                0x1ffff444                . = ALIGN (0x4)
                0x1ffff444                _end_noinit = .
                [!provide]                PROVIDE (__end_noinit_RAM = .)
                [!provide]                PROVIDE (__end_noinit_SRAM = .)
                0x00000400                _HeapSize = 0x400

.heap           0x1ffff444      0x400
                0x1ffff444                _pvHeapStart = .
                0x1ffff844                . = (. + _HeapSize)
 *fill*         0x1ffff444      0x400 
                0x1ffff844                . = ALIGN (0x4)
                0x1ffff844                _pvHeapLimit = .
                0x00000400                _StackSize = 0x400

.heap2stackfill
                0x1ffff844      0x400
                0x1ffffc44                . = (. + _StackSize)
 *fill*         0x1ffff844      0x400 

.stack          0x20002c00        0x0
                0x20002c00                _vStackBase = .
                0x20002c00                . = ALIGN (0x4)
                0x20003000                _vStackTop = (. + _StackSize)
                0x00000000                _image_start = LOADADDR (.text)
                0x00005bf8                _image_end = (LOADADDR (.data) + SIZEOF (.data))
                0x00005bf8                _image_size = (_image_end - _image_start)
OUTPUT(MKL25Z128xxx4_Project.axf elf32-littlearm)

.debug_info     0x00000000     0xf179
 .debug_info    0x00000000      0xa38 ./utilities/fsl_debug_console.o
 .debug_info    0x00000a38      0x4df ./startup/startup_mkl25z4.o
 .debug_info    0x00000f17     0x216f ./source/Code_Braco.o
 .debug_info    0x00003086       0x53 ./source/mtb.o
 .debug_info    0x000030d9       0x3c ./source/semihost_hardfault.o
 .debug_info    0x00003115     0x1a97 ./drivers/fsl_clock.o
 .debug_info    0x00004bac      0x8ba ./drivers/fsl_dac.o
 .debug_info    0x00005466      0xf4e ./drivers/fsl_dma.o
 .debug_info    0x000063b4      0x566 ./drivers/fsl_gpio.o
 .debug_info    0x0000691a     0x1a9a ./drivers/fsl_i2c.o
 .debug_info    0x000083b4     0x1469 ./drivers/fsl_lpsci.o
 .debug_info    0x0000981d      0x62e ./drivers/fsl_pit.o
 .debug_info    0x00009e4b     0x1411 ./drivers/fsl_spi.o
 .debug_info    0x0000b25c      0xc74 ./drivers/fsl_tpm.o
 .debug_info    0x0000bed0     0x140a ./drivers/fsl_uart.o
 .debug_info    0x0000d2da      0x80b ./board/board.o
 .debug_info    0x0000dae5      0xb4b ./board/clock_config.o
 .debug_info    0x0000e630       0x3c ./board/peripherals.o
 .debug_info    0x0000e66c      0x6d4 ./board/pin_mux.o
 .debug_info    0x0000ed40      0x439 ./CMSIS/system_MKL25Z4.o

.debug_abbrev   0x00000000     0x2adc
 .debug_abbrev  0x00000000      0x22c ./utilities/fsl_debug_console.o
 .debug_abbrev  0x0000022c      0x18d ./startup/startup_mkl25z4.o
 .debug_abbrev  0x000003b9      0x381 ./source/Code_Braco.o
 .debug_abbrev  0x0000073a       0x46 ./source/mtb.o
 .debug_abbrev  0x00000780       0x31 ./source/semihost_hardfault.o
 .debug_abbrev  0x000007b1      0x36f ./drivers/fsl_clock.o
 .debug_abbrev  0x00000b20      0x237 ./drivers/fsl_dac.o
 .debug_abbrev  0x00000d57      0x2ec ./drivers/fsl_dma.o
 .debug_abbrev  0x00001043      0x1b8 ./drivers/fsl_gpio.o
 .debug_abbrev  0x000011fb      0x36e ./drivers/fsl_i2c.o
 .debug_abbrev  0x00001569      0x309 ./drivers/fsl_lpsci.o
 .debug_abbrev  0x00001872      0x221 ./drivers/fsl_pit.o
 .debug_abbrev  0x00001a93      0x323 ./drivers/fsl_spi.o
 .debug_abbrev  0x00001db6      0x282 ./drivers/fsl_tpm.o
 .debug_abbrev  0x00002038      0x323 ./drivers/fsl_uart.o
 .debug_abbrev  0x0000235b      0x1a7 ./board/board.o
 .debug_abbrev  0x00002502      0x249 ./board/clock_config.o
 .debug_abbrev  0x0000274b       0x31 ./board/peripherals.o
 .debug_abbrev  0x0000277c      0x20a ./board/pin_mux.o
 .debug_abbrev  0x00002986      0x156 ./CMSIS/system_MKL25Z4.o

.debug_aranges  0x00000000      0xd80
 .debug_aranges
                0x00000000       0x58 ./utilities/fsl_debug_console.o
 .debug_aranges
                0x00000058      0x160 ./startup/startup_mkl25z4.o
 .debug_aranges
                0x000001b8      0x148 ./source/Code_Braco.o
 .debug_aranges
                0x00000300       0x18 ./source/mtb.o
 .debug_aranges
                0x00000318       0x20 ./source/semihost_hardfault.o
 .debug_aranges
                0x00000338      0x1d8 ./drivers/fsl_clock.o
 .debug_aranges
                0x00000510       0x90 ./drivers/fsl_dac.o
 .debug_aranges
                0x000005a0       0xd0 ./drivers/fsl_dma.o
 .debug_aranges
                0x00000670       0x40 ./drivers/fsl_gpio.o
 .debug_aranges
                0x000006b0      0x178 ./drivers/fsl_i2c.o
 .debug_aranges
                0x00000828      0x118 ./drivers/fsl_lpsci.o
 .debug_aranges
                0x00000940       0x48 ./drivers/fsl_pit.o
 .debug_aranges
                0x00000988      0x130 ./drivers/fsl_spi.o
 .debug_aranges
                0x00000ab8       0x88 ./drivers/fsl_tpm.o
 .debug_aranges
                0x00000b40      0x130 ./drivers/fsl_uart.o
 .debug_aranges
                0x00000c70       0x28 ./board/board.o
 .debug_aranges
                0x00000c98       0x68 ./board/clock_config.o
 .debug_aranges
                0x00000d00       0x20 ./board/peripherals.o
 .debug_aranges
                0x00000d20       0x38 ./board/pin_mux.o
 .debug_aranges
                0x00000d58       0x28 ./CMSIS/system_MKL25Z4.o

.debug_ranges   0x00000000      0xc38
 .debug_ranges  0x00000000       0x48 ./utilities/fsl_debug_console.o
 .debug_ranges  0x00000048      0x150 ./startup/startup_mkl25z4.o
 .debug_ranges  0x00000198      0x138 ./source/Code_Braco.o
 .debug_ranges  0x000002d0       0x10 ./source/semihost_hardfault.o
 .debug_ranges  0x000002e0      0x1c8 ./drivers/fsl_clock.o
 .debug_ranges  0x000004a8       0x80 ./drivers/fsl_dac.o
 .debug_ranges  0x00000528       0xc0 ./drivers/fsl_dma.o
 .debug_ranges  0x000005e8       0x30 ./drivers/fsl_gpio.o
 .debug_ranges  0x00000618      0x168 ./drivers/fsl_i2c.o
 .debug_ranges  0x00000780      0x108 ./drivers/fsl_lpsci.o
 .debug_ranges  0x00000888       0x38 ./drivers/fsl_pit.o
 .debug_ranges  0x000008c0      0x120 ./drivers/fsl_spi.o
 .debug_ranges  0x000009e0       0x78 ./drivers/fsl_tpm.o
 .debug_ranges  0x00000a58      0x120 ./drivers/fsl_uart.o
 .debug_ranges  0x00000b78       0x18 ./board/board.o
 .debug_ranges  0x00000b90       0x58 ./board/clock_config.o
 .debug_ranges  0x00000be8       0x10 ./board/peripherals.o
 .debug_ranges  0x00000bf8       0x28 ./board/pin_mux.o
 .debug_ranges  0x00000c20       0x18 ./CMSIS/system_MKL25Z4.o

.debug_macro    0x00000000     0x9468
 .debug_macro   0x00000000      0x13a ./utilities/fsl_debug_console.o
 .debug_macro   0x0000013a      0xaae ./utilities/fsl_debug_console.o
 .debug_macro   0x00000be8       0x10 ./utilities/fsl_debug_console.o
 .debug_macro   0x00000bf8       0x16 ./utilities/fsl_debug_console.o
 .debug_macro   0x00000c0e       0x10 ./utilities/fsl_debug_console.o
 .debug_macro   0x00000c1e      0x12e ./utilities/fsl_debug_console.o
 .debug_macro   0x00000d4c       0x28 ./utilities/fsl_debug_console.o
 .debug_macro   0x00000d74       0xc4 ./utilities/fsl_debug_console.o
 .debug_macro   0x00000e38       0x16 ./utilities/fsl_debug_console.o
 .debug_macro   0x00000e4e       0x22 ./utilities/fsl_debug_console.o
 .debug_macro   0x00000e70      0x5b3 ./utilities/fsl_debug_console.o
 .debug_macro   0x00001423       0x10 ./utilities/fsl_debug_console.o
 .debug_macro   0x00001433       0x3f ./utilities/fsl_debug_console.o
 .debug_macro   0x00001472       0x3a ./utilities/fsl_debug_console.o
 .debug_macro   0x000014ac       0x26 ./utilities/fsl_debug_console.o
 .debug_macro   0x000014d2      0x329 ./utilities/fsl_debug_console.o
 .debug_macro   0x000017fb       0x30 ./utilities/fsl_debug_console.o
 .debug_macro   0x0000182b     0x51e2 ./utilities/fsl_debug_console.o
 .debug_macro   0x00006a0d     0x1352 ./utilities/fsl_debug_console.o
 .debug_macro   0x00007d5f       0x3a ./utilities/fsl_debug_console.o
 .debug_macro   0x00007d99       0xf4 ./utilities/fsl_debug_console.o
 .debug_macro   0x00007e8d       0x35 ./utilities/fsl_debug_console.o
 .debug_macro   0x00007ec2       0xd2 ./utilities/fsl_debug_console.o
 .debug_macro   0x00007f94       0x2e ./utilities/fsl_debug_console.o
 .debug_macro   0x00007fc2       0x10 ./utilities/fsl_debug_console.o
 .debug_macro   0x00007fd2       0x10 ./utilities/fsl_debug_console.o
 .debug_macro   0x00007fe2       0x29 ./startup/startup_mkl25z4.o
 .debug_macro   0x0000800b      0x1a8 ./source/Code_Braco.o
 .debug_macro   0x000081b3       0x1c ./source/Code_Braco.o
 .debug_macro   0x000081cf       0x10 ./source/Code_Braco.o
 .debug_macro   0x000081df       0x1c ./source/Code_Braco.o
 .debug_macro   0x000081fb       0x1c ./source/Code_Braco.o
 .debug_macro   0x00008217       0x10 ./source/Code_Braco.o
 .debug_macro   0x00008227      0x112 ./source/Code_Braco.o
 .debug_macro   0x00008339      0x119 ./source/Code_Braco.o
 .debug_macro   0x00008452       0x34 ./source/Code_Braco.o
 .debug_macro   0x00008486       0x34 ./source/Code_Braco.o
 .debug_macro   0x000084ba       0x10 ./source/Code_Braco.o
 .debug_macro   0x000084ca       0x10 ./source/Code_Braco.o
 .debug_macro   0x000084da       0x10 ./source/Code_Braco.o
 .debug_macro   0x000084ea       0xa0 ./source/Code_Braco.o
 .debug_macro   0x0000858a       0x2f ./source/mtb.o
 .debug_macro   0x000085b9       0x82 ./source/mtb.o
 .debug_macro   0x0000863b       0x10 ./source/mtb.o
 .debug_macro   0x0000864b       0x11 ./source/semihost_hardfault.o
 .debug_macro   0x0000865c      0x196 ./drivers/fsl_clock.o
 .debug_macro   0x000087f2       0xec ./drivers/fsl_dac.o
 .debug_macro   0x000088de       0xec ./drivers/fsl_dma.o
 .debug_macro   0x000089ca       0xec ./drivers/fsl_gpio.o
 .debug_macro   0x00008ab6       0xeb ./drivers/fsl_i2c.o
 .debug_macro   0x00008ba1       0xec ./drivers/fsl_lpsci.o
 .debug_macro   0x00008c8d       0xec ./drivers/fsl_pit.o
 .debug_macro   0x00008d79       0xeb ./drivers/fsl_spi.o
 .debug_macro   0x00008e64       0x10 ./drivers/fsl_spi.o
 .debug_macro   0x00008e74       0xf2 ./drivers/fsl_tpm.o
 .debug_macro   0x00008f66       0xf2 ./drivers/fsl_uart.o
 .debug_macro   0x00009058      0x12b ./board/board.o
 .debug_macro   0x00009183      0x12f ./board/clock_config.o
 .debug_macro   0x000092b2       0x1b ./board/peripherals.o
 .debug_macro   0x000092cd       0xf7 ./board/pin_mux.o
 .debug_macro   0x000093c4       0x10 ./board/pin_mux.o
 .debug_macro   0x000093d4       0x94 ./CMSIS/system_MKL25Z4.o

.debug_line     0x00000000     0x90cb
 .debug_line    0x00000000      0x553 ./utilities/fsl_debug_console.o
 .debug_line    0x00000553      0x1e7 ./startup/startup_mkl25z4.o
 .debug_line    0x0000073a      0xec7 ./source/Code_Braco.o
 .debug_line    0x00001601       0xd1 ./source/mtb.o
 .debug_line    0x000016d2       0x5a ./source/semihost_hardfault.o
 .debug_line    0x0000172c     0x1321 ./drivers/fsl_clock.o
 .debug_line    0x00002a4d      0x56a ./drivers/fsl_dac.o
 .debug_line    0x00002fb7      0x773 ./drivers/fsl_dma.o
 .debug_line    0x0000372a      0x3bb ./drivers/fsl_gpio.o
 .debug_line    0x00003ae5     0x12e6 ./drivers/fsl_i2c.o
 .debug_line    0x00004dcb      0xda2 ./drivers/fsl_lpsci.o
 .debug_line    0x00005b6d      0x3d7 ./drivers/fsl_pit.o
 .debug_line    0x00005f44      0xb24 ./drivers/fsl_spi.o
 .debug_line    0x00006a68      0x83c ./drivers/fsl_tpm.o
 .debug_line    0x000072a4      0xd91 ./drivers/fsl_uart.o
 .debug_line    0x00008035      0x43e ./board/board.o
 .debug_line    0x00008473      0x496 ./board/clock_config.o
 .debug_line    0x00008909       0x5c ./board/peripherals.o
 .debug_line    0x00008965      0x427 ./board/pin_mux.o
 .debug_line    0x00008d8c      0x33f ./CMSIS/system_MKL25Z4.o

.debug_str      0x00000000    0x3987d
 .debug_str     0x00000000    0x31618 ./utilities/fsl_debug_console.o
                              0x31882 (size before relaxing)
 .debug_str     0x00031618      0x3e1 ./startup/startup_mkl25z4.o
                               0x3216 (size before relaxing)
 .debug_str     0x000319f9     0x2a2c ./source/Code_Braco.o
                              0x33df3 (size before relaxing)
 .debug_str     0x00034425      0x532 ./source/mtb.o
                               0x3322 (size before relaxing)
 .debug_str     0x00034957       0x1f ./source/semihost_hardfault.o
                               0x2e0f (size before relaxing)
 .debug_str     0x00034976     0x158d ./drivers/fsl_clock.o
                              0x3231d (size before relaxing)
 .debug_str     0x00035f03      0x262 ./drivers/fsl_dac.o
                              0x30f0a (size before relaxing)
 .debug_str     0x00036165      0x76c ./drivers/fsl_dma.o
                              0x315eb (size before relaxing)
 .debug_str     0x000368d1      0x14f ./drivers/fsl_gpio.o
                              0x30b82 (size before relaxing)
 .debug_str     0x00036a20      0xac9 ./drivers/fsl_i2c.o
                              0x31af7 (size before relaxing)
 .debug_str     0x000374e9      0x921 ./drivers/fsl_lpsci.o
                              0x31925 (size before relaxing)
 .debug_str     0x00037e0a       0x78 ./drivers/fsl_pit.o
                              0x30ca0 (size before relaxing)
 .debug_str     0x00037e82      0x7b1 ./drivers/fsl_spi.o
                              0x316e7 (size before relaxing)
 .debug_str     0x00038633      0x3e8 ./drivers/fsl_tpm.o
                              0x31507 (size before relaxing)
 .debug_str     0x00038a1b      0x832 ./drivers/fsl_uart.o
                              0x31948 (size before relaxing)
 .debug_str     0x0003924d       0x4c ./board/board.o
                              0x317b1 (size before relaxing)
 .debug_str     0x00039299      0x360 ./board/clock_config.o
                              0x312c7 (size before relaxing)
 .debug_str     0x000395f9       0x31 ./board/peripherals.o
                               0x2e20 (size before relaxing)
 .debug_str     0x0003962a      0x204 ./board/pin_mux.o
                              0x310aa (size before relaxing)
 .debug_str     0x0003982e       0x4f ./CMSIS/system_MKL25Z4.o
                              0x2fc87 (size before relaxing)

.comment        0x00000000       0x76
 .comment       0x00000000       0x76 ./utilities/fsl_debug_console.o
                                 0x77 (size before relaxing)
 .comment       0x00000076       0x77 ./startup/startup_mkl25z4.o
 .comment       0x00000076       0x77 ./source/Code_Braco.o
 .comment       0x00000076       0x77 ./source/mtb.o
 .comment       0x00000076       0x77 ./source/semihost_hardfault.o
 .comment       0x00000076       0x77 ./drivers/fsl_clock.o
 .comment       0x00000076       0x77 ./drivers/fsl_dac.o
 .comment       0x00000076       0x77 ./drivers/fsl_dma.o
 .comment       0x00000076       0x77 ./drivers/fsl_gpio.o
 .comment       0x00000076       0x77 ./drivers/fsl_i2c.o
 .comment       0x00000076       0x77 ./drivers/fsl_lpsci.o
 .comment       0x00000076       0x77 ./drivers/fsl_pit.o
 .comment       0x00000076       0x77 ./drivers/fsl_spi.o
 .comment       0x00000076       0x77 ./drivers/fsl_tpm.o
 .comment       0x00000076       0x77 ./drivers/fsl_uart.o
 .comment       0x00000076       0x77 ./board/board.o
 .comment       0x00000076       0x77 ./board/clock_config.o
 .comment       0x00000076       0x77 ./board/peripherals.o
 .comment       0x00000076       0x77 ./board/pin_mux.o
 .comment       0x00000076       0x77 ./CMSIS/system_MKL25Z4.o
 .comment       0x00000076       0x77 c:/nxp/mcuxpressoide_11.1.0_3209/ide/plugins/com.nxp.mcuxpresso.tools.win32_11.1.0.201909161352/tools/bin/../lib/gcc/arm-none-eabi/8.3.1/../../../../arm-none-eabi/lib/thumb/v6-m/nofp\libcr_nohost_nf.a(_cr__main.o)
 .comment       0x00000076       0x77 c:/nxp/mcuxpressoide_11.1.0_3209/ide/plugins/com.nxp.mcuxpresso.tools.win32_11.1.0.201909161352/tools/bin/../lib/gcc/arm-none-eabi/8.3.1/../../../../arm-none-eabi/lib/thumb/v6-m/nofp\libcr_nohost_nf.a(_cr_assert.o)
 .comment       0x00000076       0x77 c:/nxp/mcuxpressoide_11.1.0_3209/ide/plugins/com.nxp.mcuxpresso.tools.win32_11.1.0.201909161352/tools/bin/../lib/gcc/arm-none-eabi/8.3.1/../../../../arm-none-eabi/lib/thumb/v6-m/nofp\libcr_nohost_nf.a(__ciob.o)
 .comment       0x00000076       0x77 c:/nxp/mcuxpressoide_11.1.0_3209/ide/plugins/com.nxp.mcuxpresso.tools.win32_11.1.0.201909161352/tools/bin/../lib/gcc/arm-none-eabi/8.3.1/../../../../arm-none-eabi/lib/thumb/v6-m/nofp\libcr_nohost_nf.a(__sys_appexit.o)
 .comment       0x00000076       0x77 c:/nxp/mcuxpressoide_11.1.0_3209/ide/plugins/com.nxp.mcuxpresso.tools.win32_11.1.0.201909161352/tools/bin/../lib/gcc/arm-none-eabi/8.3.1/../../../../arm-none-eabi/lib/thumb/v6-m/nofp\libcr_c.a(memset.o)
 .comment       0x00000076       0x77 c:/nxp/mcuxpressoide_11.1.0_3209/ide/plugins/com.nxp.mcuxpresso.tools.win32_11.1.0.201909161352/tools/bin/../lib/gcc/arm-none-eabi/8.3.1/../../../../arm-none-eabi/lib/thumb/v6-m/nofp\libcr_c.a(_deferredlazyseek.o)
 .comment       0x00000076       0x77 c:/nxp/mcuxpressoide_11.1.0_3209/ide/plugins/com.nxp.mcuxpresso.tools.win32_11.1.0.201909161352/tools/bin/../lib/gcc/arm-none-eabi/8.3.1/../../../../arm-none-eabi/lib/thumb/v6-m/nofp\libcr_c.a(_fflush.o)
 .comment       0x00000076       0x77 c:/nxp/mcuxpressoide_11.1.0_3209/ide/plugins/com.nxp.mcuxpresso.tools.win32_11.1.0.201909161352/tools/bin/../lib/gcc/arm-none-eabi/8.3.1/../../../../arm-none-eabi/lib/thumb/v6-m/nofp\libcr_c.a(_writebuf.o)
 .comment       0x00000076       0x77 c:/nxp/mcuxpressoide_11.1.0_3209/ide/plugins/com.nxp.mcuxpresso.tools.win32_11.1.0.201909161352/tools/bin/../lib/gcc/arm-none-eabi/8.3.1/../../../../arm-none-eabi/lib/thumb/v6-m/nofp\libcr_c.a(alloc.o)
 .comment       0x00000076       0x77 c:/nxp/mcuxpressoide_11.1.0_3209/ide/plugins/com.nxp.mcuxpresso.tools.win32_11.1.0.201909161352/tools/bin/../lib/gcc/arm-none-eabi/8.3.1/../../../../arm-none-eabi/lib/thumb/v6-m/nofp\libcr_c.a(errno.o)
 .comment       0x00000076       0x77 c:/nxp/mcuxpressoide_11.1.0_3209/ide/plugins/com.nxp.mcuxpresso.tools.win32_11.1.0.201909161352/tools/bin/../lib/gcc/arm-none-eabi/8.3.1/../../../../arm-none-eabi/lib/thumb/v6-m/nofp\libcr_c.a(fputs.o)
 .comment       0x00000076       0x77 c:/nxp/mcuxpressoide_11.1.0_3209/ide/plugins/com.nxp.mcuxpresso.tools.win32_11.1.0.201909161352/tools/bin/../lib/gcc/arm-none-eabi/8.3.1/../../../../arm-none-eabi/lib/thumb/v6-m/nofp\libcr_c.a(fseek.o)
 .comment       0x00000076       0x77 c:/nxp/mcuxpressoide_11.1.0_3209/ide/plugins/com.nxp.mcuxpresso.tools.win32_11.1.0.201909161352/tools/bin/../lib/gcc/arm-none-eabi/8.3.1/../../../../arm-none-eabi/lib/thumb/v6-m/nofp\libcr_c.a(ftell.o)
 .comment       0x00000076       0x77 c:/nxp/mcuxpressoide_11.1.0_3209/ide/plugins/com.nxp.mcuxpresso.tools.win32_11.1.0.201909161352/tools/bin/../lib/gcc/arm-none-eabi/8.3.1/../../../../arm-none-eabi/lib/thumb/v6-m/nofp\libcr_c.a(initio.o)
 .comment       0x00000076       0x77 c:/nxp/mcuxpressoide_11.1.0_3209/ide/plugins/com.nxp.mcuxpresso.tools.win32_11.1.0.201909161352/tools/bin/../lib/gcc/arm-none-eabi/8.3.1/../../../../arm-none-eabi/lib/thumb/v6-m/nofp\libcr_c.a(printf.o)
 .comment       0x00000076       0x77 c:/nxp/mcuxpressoide_11.1.0_3209/ide/plugins/com.nxp.mcuxpresso.tools.win32_11.1.0.201909161352/tools/bin/../lib/gcc/arm-none-eabi/8.3.1/../../../../arm-none-eabi/lib/thumb/v6-m/nofp\libcr_c.a(setvbuf.o)
 .comment       0x00000076       0x77 c:/nxp/mcuxpressoide_11.1.0_3209/ide/plugins/com.nxp.mcuxpresso.tools.win32_11.1.0.201909161352/tools/bin/../lib/gcc/arm-none-eabi/8.3.1/../../../../arm-none-eabi/lib/thumb/v6-m/nofp\libcr_c.a(strlen.o)
 .comment       0x00000076       0x77 c:/nxp/mcuxpressoide_11.1.0_3209/ide/plugins/com.nxp.mcuxpresso.tools.win32_11.1.0.201909161352/tools/bin/../lib/gcc/arm-none-eabi/8.3.1/../../../../arm-none-eabi/lib/thumb/v6-m/nofp\libcr_c.a(__init_alloc.o)
 .comment       0x00000076       0x77 c:/nxp/mcuxpressoide_11.1.0_3209/ide/plugins/com.nxp.mcuxpresso.tools.win32_11.1.0.201909161352/tools/bin/../lib/gcc/arm-none-eabi/8.3.1/../../../../arm-none-eabi/lib/thumb/v6-m/nofp\libcr_c.a(_cr_sbrk.o)
 .comment       0x00000076       0x77 c:/nxp/mcuxpressoide_11.1.0_3209/ide/plugins/com.nxp.mcuxpresso.tools.win32_11.1.0.201909161352/tools/bin/../lib/gcc/arm-none-eabi/8.3.1/../../../../arm-none-eabi/lib/thumb/v6-m/nofp\libcr_c.a(_fdopen.o)
 .comment       0x00000076       0x77 c:/nxp/mcuxpressoide_11.1.0_3209/ide/plugins/com.nxp.mcuxpresso.tools.win32_11.1.0.201909161352/tools/bin/../lib/gcc/arm-none-eabi/8.3.1/../../../../arm-none-eabi/lib/thumb/v6-m/nofp\libcr_c.a(fclose.o)
 .comment       0x00000076       0x77 c:/nxp/mcuxpressoide_11.1.0_3209/ide/plugins/com.nxp.mcuxpresso.tools.win32_11.1.0.201909161352/tools/bin/../lib/gcc/arm-none-eabi/8.3.1/../../../../arm-none-eabi/lib/thumb/v6-m/nofp\libcr_c.a(fflush.o)
 .comment       0x00000076       0x77 c:/nxp/mcuxpressoide_11.1.0_3209/ide/plugins/com.nxp.mcuxpresso.tools.win32_11.1.0.201909161352/tools/bin/../lib/gcc/arm-none-eabi/8.3.1/../../../../arm-none-eabi/lib/thumb/v6-m/nofp\libcr_c.a(remove.o)
 .comment       0x00000076       0x77 c:/nxp/mcuxpressoide_11.1.0_3209/ide/plugins/com.nxp.mcuxpresso.tools.win32_11.1.0.201909161352/tools/bin/../lib/gcc/arm-none-eabi/8.3.1/../../../../arm-none-eabi/lib/thumb/v6-m/nofp\libcr_c.a(_cr_check_heap.o)
 .comment       0x00000076       0x77 c:/nxp/mcuxpressoide_11.1.0_3209/ide/plugins/com.nxp.mcuxpresso.tools.win32_11.1.0.201909161352/tools/bin/../lib/gcc/arm-none-eabi/8.3.1/../../../../arm-none-eabi/lib/thumb/v6-m/nofp\libcr_c.a(_do_fflush.o)
 .comment       0x00000076       0x77 c:/nxp/mcuxpressoide_11.1.0_3209/ide/plugins/com.nxp.mcuxpresso.tools.win32_11.1.0.201909161352/tools/bin/../lib/gcc/arm-none-eabi/8.3.1/thumb/v6-m/nofp\libcr_eabihelpers.a(double.o)
 .comment       0x00000076       0x77 c:/nxp/mcuxpressoide_11.1.0_3209/ide/plugins/com.nxp.mcuxpresso.tools.win32_11.1.0.201909161352/tools/bin/../lib/gcc/arm-none-eabi/8.3.1/thumb/v6-m/nofp\libcr_eabihelpers.a(float.o)
 .comment       0x00000076       0x77 c:/nxp/mcuxpressoide_11.1.0_3209/ide/plugins/com.nxp.mcuxpresso.tools.win32_11.1.0.201909161352/tools/bin/../lib/gcc/arm-none-eabi/8.3.1/../../../../arm-none-eabi/lib/thumb/v6-m/nofp\libcr_nohost_nf.a(__sys_close.o)
 .comment       0x00000076       0x77 c:/nxp/mcuxpressoide_11.1.0_3209/ide/plugins/com.nxp.mcuxpresso.tools.win32_11.1.0.201909161352/tools/bin/../lib/gcc/arm-none-eabi/8.3.1/../../../../arm-none-eabi/lib/thumb/v6-m/nofp\libcr_nohost_nf.a(__sys_flen.o)
 .comment       0x00000076       0x77 c:/nxp/mcuxpressoide_11.1.0_3209/ide/plugins/com.nxp.mcuxpresso.tools.win32_11.1.0.201909161352/tools/bin/../lib/gcc/arm-none-eabi/8.3.1/../../../../arm-none-eabi/lib/thumb/v6-m/nofp\libcr_nohost_nf.a(__sys_istty.o)
 .comment       0x00000076       0x77 c:/nxp/mcuxpressoide_11.1.0_3209/ide/plugins/com.nxp.mcuxpresso.tools.win32_11.1.0.201909161352/tools/bin/../lib/gcc/arm-none-eabi/8.3.1/../../../../arm-none-eabi/lib/thumb/v6-m/nofp\libcr_nohost_nf.a(__sys_remove.o)
 .comment       0x00000076       0x77 c:/nxp/mcuxpressoide_11.1.0_3209/ide/plugins/com.nxp.mcuxpresso.tools.win32_11.1.0.201909161352/tools/bin/../lib/gcc/arm-none-eabi/8.3.1/../../../../arm-none-eabi/lib/thumb/v6-m/nofp\libcr_nohost_nf.a(__sys_seek.o)
 .comment       0x00000076       0x77 c:/nxp/mcuxpressoide_11.1.0_3209/ide/plugins/com.nxp.mcuxpresso.tools.win32_11.1.0.201909161352/tools/bin/../lib/gcc/arm-none-eabi/8.3.1/../../../../arm-none-eabi/lib/thumb/v6-m/nofp\libcr_nohost_nf.a(__sys_tmpnam.o)

.ARM.attributes
                0x00000000       0x2a
 .ARM.attributes
                0x00000000       0x2c ./utilities/fsl_debug_console.o
 .ARM.attributes
                0x0000002c       0x2c ./startup/startup_mkl25z4.o
 .ARM.attributes
                0x00000058       0x2c ./source/Code_Braco.o
 .ARM.attributes
                0x00000084       0x32 ./source/mtb.o
 .ARM.attributes
                0x000000b6       0x2c ./source/semihost_hardfault.o
 .ARM.attributes
                0x000000e2       0x2c ./drivers/fsl_clock.o
 .ARM.attributes
                0x0000010e       0x2c ./drivers/fsl_dac.o
 .ARM.attributes
                0x0000013a       0x2c ./drivers/fsl_dma.o
 .ARM.attributes
                0x00000166       0x2c ./drivers/fsl_gpio.o
 .ARM.attributes
                0x00000192       0x2c ./drivers/fsl_i2c.o
 .ARM.attributes
                0x000001be       0x2c ./drivers/fsl_lpsci.o
 .ARM.attributes
                0x000001ea       0x2c ./drivers/fsl_pit.o
 .ARM.attributes
                0x00000216       0x2c ./drivers/fsl_spi.o
 .ARM.attributes
                0x00000242       0x2c ./drivers/fsl_tpm.o
 .ARM.attributes
                0x0000026e       0x2c ./drivers/fsl_uart.o
 .ARM.attributes
                0x0000029a       0x2c ./board/board.o
 .ARM.attributes
                0x000002c6       0x2c ./board/clock_config.o
 .ARM.attributes
                0x000002f2       0x2c ./board/peripherals.o
 .ARM.attributes
                0x0000031e       0x2c ./board/pin_mux.o
 .ARM.attributes
                0x0000034a       0x2c ./CMSIS/system_MKL25Z4.o
 .ARM.attributes
                0x00000376       0x2c c:/nxp/mcuxpressoide_11.1.0_3209/ide/plugins/com.nxp.mcuxpresso.tools.win32_11.1.0.201909161352/tools/bin/../lib/gcc/arm-none-eabi/8.3.1/../../../../arm-none-eabi/lib/thumb/v6-m/nofp\libcr_nohost_nf.a(_cr__main.o)
 .ARM.attributes
                0x000003a2       0x2c c:/nxp/mcuxpressoide_11.1.0_3209/ide/plugins/com.nxp.mcuxpresso.tools.win32_11.1.0.201909161352/tools/bin/../lib/gcc/arm-none-eabi/8.3.1/../../../../arm-none-eabi/lib/thumb/v6-m/nofp\libcr_nohost_nf.a(_cr_assert.o)
 .ARM.attributes
                0x000003ce       0x31 c:/nxp/mcuxpressoide_11.1.0_3209/ide/plugins/com.nxp.mcuxpresso.tools.win32_11.1.0.201909161352/tools/bin/../lib/gcc/arm-none-eabi/8.3.1/../../../../arm-none-eabi/lib/thumb/v6-m/nofp\libcr_nohost_nf.a(__ciob.o)
 .ARM.attributes
                0x000003ff       0x2c c:/nxp/mcuxpressoide_11.1.0_3209/ide/plugins/com.nxp.mcuxpresso.tools.win32_11.1.0.201909161352/tools/bin/../lib/gcc/arm-none-eabi/8.3.1/../../../../arm-none-eabi/lib/thumb/v6-m/nofp\libcr_nohost_nf.a(__sys_appexit.o)
 .ARM.attributes
                0x0000042b       0x2c c:/nxp/mcuxpressoide_11.1.0_3209/ide/plugins/com.nxp.mcuxpresso.tools.win32_11.1.0.201909161352/tools/bin/../lib/gcc/arm-none-eabi/8.3.1/../../../../arm-none-eabi/lib/thumb/v6-m/nofp\libcr_c.a(memset.o)
 .ARM.attributes
                0x00000457       0x2c c:/nxp/mcuxpressoide_11.1.0_3209/ide/plugins/com.nxp.mcuxpresso.tools.win32_11.1.0.201909161352/tools/bin/../lib/gcc/arm-none-eabi/8.3.1/../../../../arm-none-eabi/lib/thumb/v6-m/nofp\libcr_c.a(_deferredlazyseek.o)
 .ARM.attributes
                0x00000483       0x2c c:/nxp/mcuxpressoide_11.1.0_3209/ide/plugins/com.nxp.mcuxpresso.tools.win32_11.1.0.201909161352/tools/bin/../lib/gcc/arm-none-eabi/8.3.1/../../../../arm-none-eabi/lib/thumb/v6-m/nofp\libcr_c.a(_fflush.o)
 .ARM.attributes
                0x000004af       0x2c c:/nxp/mcuxpressoide_11.1.0_3209/ide/plugins/com.nxp.mcuxpresso.tools.win32_11.1.0.201909161352/tools/bin/../lib/gcc/arm-none-eabi/8.3.1/../../../../arm-none-eabi/lib/thumb/v6-m/nofp\libcr_c.a(_writebuf.o)
 .ARM.attributes
                0x000004db       0x2c c:/nxp/mcuxpressoide_11.1.0_3209/ide/plugins/com.nxp.mcuxpresso.tools.win32_11.1.0.201909161352/tools/bin/../lib/gcc/arm-none-eabi/8.3.1/../../../../arm-none-eabi/lib/thumb/v6-m/nofp\libcr_c.a(alloc.o)
 .ARM.attributes
                0x00000507       0x31 c:/nxp/mcuxpressoide_11.1.0_3209/ide/plugins/com.nxp.mcuxpresso.tools.win32_11.1.0.201909161352/tools/bin/../lib/gcc/arm-none-eabi/8.3.1/../../../../arm-none-eabi/lib/thumb/v6-m/nofp\libcr_c.a(errno.o)
 .ARM.attributes
                0x00000538       0x2c c:/nxp/mcuxpressoide_11.1.0_3209/ide/plugins/com.nxp.mcuxpresso.tools.win32_11.1.0.201909161352/tools/bin/../lib/gcc/arm-none-eabi/8.3.1/../../../../arm-none-eabi/lib/thumb/v6-m/nofp\libcr_c.a(fputs.o)
 .ARM.attributes
                0x00000564       0x2c c:/nxp/mcuxpressoide_11.1.0_3209/ide/plugins/com.nxp.mcuxpresso.tools.win32_11.1.0.201909161352/tools/bin/../lib/gcc/arm-none-eabi/8.3.1/../../../../arm-none-eabi/lib/thumb/v6-m/nofp\libcr_c.a(fseek.o)
 .ARM.attributes
                0x00000590       0x2c c:/nxp/mcuxpressoide_11.1.0_3209/ide/plugins/com.nxp.mcuxpresso.tools.win32_11.1.0.201909161352/tools/bin/../lib/gcc/arm-none-eabi/8.3.1/../../../../arm-none-eabi/lib/thumb/v6-m/nofp\libcr_c.a(ftell.o)
 .ARM.attributes
                0x000005bc       0x2c c:/nxp/mcuxpressoide_11.1.0_3209/ide/plugins/com.nxp.mcuxpresso.tools.win32_11.1.0.201909161352/tools/bin/../lib/gcc/arm-none-eabi/8.3.1/../../../../arm-none-eabi/lib/thumb/v6-m/nofp\libcr_c.a(initio.o)
 .ARM.attributes
                0x000005e8       0x2c c:/nxp/mcuxpressoide_11.1.0_3209/ide/plugins/com.nxp.mcuxpresso.tools.win32_11.1.0.201909161352/tools/bin/../lib/gcc/arm-none-eabi/8.3.1/../../../../arm-none-eabi/lib/thumb/v6-m/nofp\libcr_c.a(printf.o)
 .ARM.attributes
                0x00000614       0x2c c:/nxp/mcuxpressoide_11.1.0_3209/ide/plugins/com.nxp.mcuxpresso.tools.win32_11.1.0.201909161352/tools/bin/../lib/gcc/arm-none-eabi/8.3.1/../../../../arm-none-eabi/lib/thumb/v6-m/nofp\libcr_c.a(setvbuf.o)
 .ARM.attributes
                0x00000640       0x2c c:/nxp/mcuxpressoide_11.1.0_3209/ide/plugins/com.nxp.mcuxpresso.tools.win32_11.1.0.201909161352/tools/bin/../lib/gcc/arm-none-eabi/8.3.1/../../../../arm-none-eabi/lib/thumb/v6-m/nofp\libcr_c.a(strlen.o)
 .ARM.attributes
                0x0000066c       0x2c c:/nxp/mcuxpressoide_11.1.0_3209/ide/plugins/com.nxp.mcuxpresso.tools.win32_11.1.0.201909161352/tools/bin/../lib/gcc/arm-none-eabi/8.3.1/../../../../arm-none-eabi/lib/thumb/v6-m/nofp\libcr_c.a(__init_alloc.o)
 .ARM.attributes
                0x00000698       0x2c c:/nxp/mcuxpressoide_11.1.0_3209/ide/plugins/com.nxp.mcuxpresso.tools.win32_11.1.0.201909161352/tools/bin/../lib/gcc/arm-none-eabi/8.3.1/../../../../arm-none-eabi/lib/thumb/v6-m/nofp\libcr_c.a(_cr_sbrk.o)
 .ARM.attributes
                0x000006c4       0x2c c:/nxp/mcuxpressoide_11.1.0_3209/ide/plugins/com.nxp.mcuxpresso.tools.win32_11.1.0.201909161352/tools/bin/../lib/gcc/arm-none-eabi/8.3.1/../../../../arm-none-eabi/lib/thumb/v6-m/nofp\libcr_c.a(_fdopen.o)
 .ARM.attributes
                0x000006f0       0x2c c:/nxp/mcuxpressoide_11.1.0_3209/ide/plugins/com.nxp.mcuxpresso.tools.win32_11.1.0.201909161352/tools/bin/../lib/gcc/arm-none-eabi/8.3.1/../../../../arm-none-eabi/lib/thumb/v6-m/nofp\libcr_c.a(fclose.o)
 .ARM.attributes
                0x0000071c       0x2c c:/nxp/mcuxpressoide_11.1.0_3209/ide/plugins/com.nxp.mcuxpresso.tools.win32_11.1.0.201909161352/tools/bin/../lib/gcc/arm-none-eabi/8.3.1/../../../../arm-none-eabi/lib/thumb/v6-m/nofp\libcr_c.a(fflush.o)
 .ARM.attributes
                0x00000748       0x2c c:/nxp/mcuxpressoide_11.1.0_3209/ide/plugins/com.nxp.mcuxpresso.tools.win32_11.1.0.201909161352/tools/bin/../lib/gcc/arm-none-eabi/8.3.1/../../../../arm-none-eabi/lib/thumb/v6-m/nofp\libcr_c.a(remove.o)
 .ARM.attributes
                0x00000774       0x2c c:/nxp/mcuxpressoide_11.1.0_3209/ide/plugins/com.nxp.mcuxpresso.tools.win32_11.1.0.201909161352/tools/bin/../lib/gcc/arm-none-eabi/8.3.1/../../../../arm-none-eabi/lib/thumb/v6-m/nofp\libcr_c.a(_cr_check_heap.o)
 .ARM.attributes
                0x000007a0       0x2c c:/nxp/mcuxpressoide_11.1.0_3209/ide/plugins/com.nxp.mcuxpresso.tools.win32_11.1.0.201909161352/tools/bin/../lib/gcc/arm-none-eabi/8.3.1/../../../../arm-none-eabi/lib/thumb/v6-m/nofp\libcr_c.a(_do_fflush.o)
 .ARM.attributes
                0x000007cc       0x1c c:/nxp/mcuxpressoide_11.1.0_3209/ide/plugins/com.nxp.mcuxpresso.tools.win32_11.1.0.201909161352/tools/bin/../lib/gcc/arm-none-eabi/8.3.1/thumb/v6-m/nofp\libcr_eabihelpers.a(division_32.o)
 .ARM.attributes
                0x000007e8       0x1c c:/nxp/mcuxpressoide_11.1.0_3209/ide/plugins/com.nxp.mcuxpresso.tools.win32_11.1.0.201909161352/tools/bin/../lib/gcc/arm-none-eabi/8.3.1/thumb/v6-m/nofp\libcr_eabihelpers.a(division_64.o)
 .ARM.attributes
                0x00000804       0x1c c:/nxp/mcuxpressoide_11.1.0_3209/ide/plugins/com.nxp.mcuxpresso.tools.win32_11.1.0.201909161352/tools/bin/../lib/gcc/arm-none-eabi/8.3.1/thumb/v6-m/nofp\libcr_eabihelpers.a(division_idiv0.o)
 .ARM.attributes
                0x00000820       0x2c c:/nxp/mcuxpressoide_11.1.0_3209/ide/plugins/com.nxp.mcuxpresso.tools.win32_11.1.0.201909161352/tools/bin/../lib/gcc/arm-none-eabi/8.3.1/thumb/v6-m/nofp\libcr_eabihelpers.a(double.o)
 .ARM.attributes
                0x0000084c       0x2c c:/nxp/mcuxpressoide_11.1.0_3209/ide/plugins/com.nxp.mcuxpresso.tools.win32_11.1.0.201909161352/tools/bin/../lib/gcc/arm-none-eabi/8.3.1/thumb/v6-m/nofp\libcr_eabihelpers.a(float.o)
 .ARM.attributes
                0x00000878       0x1c c:/nxp/mcuxpressoide_11.1.0_3209/ide/plugins/com.nxp.mcuxpresso.tools.win32_11.1.0.201909161352/tools/bin/../lib/gcc/arm-none-eabi/8.3.1/thumb/v6-m/nofp\libcr_eabihelpers.a(llong.o)
 .ARM.attributes
                0x00000894       0x1c c:/nxp/mcuxpressoide_11.1.0_3209/ide/plugins/com.nxp.mcuxpresso.tools.win32_11.1.0.201909161352/tools/bin/../lib/gcc/arm-none-eabi/8.3.1/thumb/v6-m/nofp\libcr_eabihelpers.a(memcpy.o)
 .ARM.attributes
                0x000008b0       0x2c c:/nxp/mcuxpressoide_11.1.0_3209/ide/plugins/com.nxp.mcuxpresso.tools.win32_11.1.0.201909161352/tools/bin/../lib/gcc/arm-none-eabi/8.3.1/../../../../arm-none-eabi/lib/thumb/v6-m/nofp\libcr_nohost_nf.a(__sys_close.o)
 .ARM.attributes
                0x000008dc       0x2c c:/nxp/mcuxpressoide_11.1.0_3209/ide/plugins/com.nxp.mcuxpresso.tools.win32_11.1.0.201909161352/tools/bin/../lib/gcc/arm-none-eabi/8.3.1/../../../../arm-none-eabi/lib/thumb/v6-m/nofp\libcr_nohost_nf.a(__sys_flen.o)
 .ARM.attributes
                0x00000908       0x2c c:/nxp/mcuxpressoide_11.1.0_3209/ide/plugins/com.nxp.mcuxpresso.tools.win32_11.1.0.201909161352/tools/bin/../lib/gcc/arm-none-eabi/8.3.1/../../../../arm-none-eabi/lib/thumb/v6-m/nofp\libcr_nohost_nf.a(__sys_istty.o)
 .ARM.attributes
                0x00000934       0x2c c:/nxp/mcuxpressoide_11.1.0_3209/ide/plugins/com.nxp.mcuxpresso.tools.win32_11.1.0.201909161352/tools/bin/../lib/gcc/arm-none-eabi/8.3.1/../../../../arm-none-eabi/lib/thumb/v6-m/nofp\libcr_nohost_nf.a(__sys_remove.o)
 .ARM.attributes
                0x00000960       0x2c c:/nxp/mcuxpressoide_11.1.0_3209/ide/plugins/com.nxp.mcuxpresso.tools.win32_11.1.0.201909161352/tools/bin/../lib/gcc/arm-none-eabi/8.3.1/../../../../arm-none-eabi/lib/thumb/v6-m/nofp\libcr_nohost_nf.a(__sys_seek.o)
 .ARM.attributes
                0x0000098c       0x2c c:/nxp/mcuxpressoide_11.1.0_3209/ide/plugins/com.nxp.mcuxpresso.tools.win32_11.1.0.201909161352/tools/bin/../lib/gcc/arm-none-eabi/8.3.1/../../../../arm-none-eabi/lib/thumb/v6-m/nofp\libcr_nohost_nf.a(__sys_tmpnam.o)

.debug_frame    0x00000000     0x2dc8
 .debug_frame   0x00000000      0x10c ./utilities/fsl_debug_console.o
 .debug_frame   0x0000010c      0x3b0 ./startup/startup_mkl25z4.o
 .debug_frame   0x000004bc      0x4e0 ./source/Code_Braco.o
 .debug_frame   0x0000099c       0x20 ./source/semihost_hardfault.o
 .debug_frame   0x000009bc      0x6e0 ./drivers/fsl_clock.o
 .debug_frame   0x0000109c      0x1f0 ./drivers/fsl_dac.o
 .debug_frame   0x0000128c      0x2e0 ./drivers/fsl_dma.o
 .debug_frame   0x0000156c       0xb0 ./drivers/fsl_gpio.o
 .debug_frame   0x0000161c      0x58c ./drivers/fsl_i2c.o
 .debug_frame   0x00001ba8      0x418 ./drivers/fsl_lpsci.o
 .debug_frame   0x00001fc0       0xd4 ./drivers/fsl_pit.o
 .debug_frame   0x00002094      0x468 ./drivers/fsl_spi.o
 .debug_frame   0x000024fc      0x1d0 ./drivers/fsl_tpm.o
 .debug_frame   0x000026cc      0x468 ./drivers/fsl_uart.o
 .debug_frame   0x00002b34       0x50 ./board/board.o
 .debug_frame   0x00002b84      0x140 ./board/clock_config.o
 .debug_frame   0x00002cc4       0x2c ./board/peripherals.o
 .debug_frame   0x00002cf0       0x8c ./board/pin_mux.o
 .debug_frame   0x00002d7c       0x4c ./CMSIS/system_MKL25Z4.o

Cross Reference Table

Symbol                                            File
ADC0_DriverIRQHandler                             ./startup/startup_mkl25z4.o
ADC0_IRQHandler                                   ./startup/startup_mkl25z4.o
ADC16_ClearStatusFlags                            ./drivers/fsl_adc16.o
ADC16_Deinit                                      ./drivers/fsl_adc16.o
ADC16_DoAutoCalibration                           ./drivers/fsl_adc16.o
ADC16_GetChannelStatusFlags                       ./drivers/fsl_adc16.o
ADC16_GetDefaultConfig                            ./drivers/fsl_adc16.o
ADC16_GetStatusFlags                              ./drivers/fsl_adc16.o
ADC16_Init                                        ./drivers/fsl_adc16.o
ADC16_SetChannelConfig                            ./drivers/fsl_adc16.o
ADC16_SetChannelMuxMode                           ./drivers/fsl_adc16.o
ADC16_SetHardwareAverage                          ./drivers/fsl_adc16.o
ADC16_SetHardwareCompareConfig                    ./drivers/fsl_adc16.o
BOARD_BootClockRUN                                ./board/clock_config.o
BOARD_BootClockVLPR                               ./board/clock_config.o
BOARD_InitBootClocks                              ./board/clock_config.o
                                                  ./source/Code_Braco.o
BOARD_InitBootPeripherals                         ./board/peripherals.o
                                                  ./source/Code_Braco.o
BOARD_InitBootPins                                ./board/pin_mux.o
                                                  ./source/Code_Braco.o
BOARD_InitDebugConsole                            ./board/board.o
                                                  ./source/Code_Braco.o
BOARD_InitPins                                    ./board/pin_mux.o
CLOCK_BootToBlpeMode                              ./drivers/fsl_clock.o
CLOCK_BootToBlpiMode                              ./drivers/fsl_clock.o
                                                  ./board/clock_config.o
CLOCK_BootToFeeMode                               ./drivers/fsl_clock.o
CLOCK_BootToFeiMode                               ./drivers/fsl_clock.o
CLOCK_BootToPeeMode                               ./drivers/fsl_clock.o
                                                  ./board/clock_config.o
CLOCK_CalcPllDiv                                  ./drivers/fsl_clock.o
CLOCK_ClearStatusFlags                            ./drivers/fsl_clock.o
CLOCK_DeinitOsc0                                  ./drivers/fsl_clock.o
CLOCK_EnablePll0                                  ./drivers/fsl_clock.o
CLOCK_EnableUsbfs0Clock                           ./drivers/fsl_clock.o
CLOCK_ExternalModeToFbeModeQuick                  ./drivers/fsl_clock.o
CLOCK_FllStableDelay                              ./drivers/fsl_clock.o
CLOCK_GetBusClkFreq                               ./drivers/fsl_clock.o
                                                  ./source/Code_Braco.o
CLOCK_GetCoreSysClkFreq                           ./drivers/fsl_clock.o
CLOCK_GetEr32kClkFreq                             ./drivers/fsl_clock.o
CLOCK_GetFixedFreqClkFreq                         ./drivers/fsl_clock.o
CLOCK_GetFlashClkFreq                             ./drivers/fsl_clock.o
CLOCK_GetFllFreq                                  ./drivers/fsl_clock.o
CLOCK_GetFreq                                     ./drivers/fsl_clock.o
CLOCK_GetInternalRefClkFreq                       ./drivers/fsl_clock.o
CLOCK_GetMode                                     ./drivers/fsl_clock.o
CLOCK_GetOsc0ErClkFreq                            ./drivers/fsl_clock.o
CLOCK_GetOutClkFreq                               ./drivers/fsl_clock.o
CLOCK_GetPlatClkFreq                              ./drivers/fsl_clock.o
CLOCK_GetPll0Freq                                 ./drivers/fsl_clock.o
CLOCK_GetPllFllSelClkFreq                         ./drivers/fsl_clock.o
                                                  ./board/board.o
                                                  ./source/Code_Braco.o
CLOCK_GetStatusFlags                              ./drivers/fsl_clock.o
CLOCK_InitOsc0                                    ./drivers/fsl_clock.o
                                                  ./board/clock_config.o
CLOCK_InternalModeToFbiModeQuick                  ./drivers/fsl_clock.o
CLOCK_SetBlpeMode                                 ./drivers/fsl_clock.o
CLOCK_SetBlpiMode                                 ./drivers/fsl_clock.o
CLOCK_SetExternalRefClkConfig                     ./drivers/fsl_clock.o
CLOCK_SetFbeMode                                  ./drivers/fsl_clock.o
CLOCK_SetFbiMode                                  ./drivers/fsl_clock.o
CLOCK_SetFeeMode                                  ./drivers/fsl_clock.o
CLOCK_SetFeiMode                                  ./drivers/fsl_clock.o
CLOCK_SetInternalRefClkConfig                     ./drivers/fsl_clock.o
                                                  ./board/clock_config.o
CLOCK_SetMcgConfig                                ./drivers/fsl_clock.o
CLOCK_SetOsc0MonitorMode                          ./drivers/fsl_clock.o
CLOCK_SetPbeMode                                  ./drivers/fsl_clock.o
CLOCK_SetPeeMode                                  ./drivers/fsl_clock.o
CLOCK_SetPll0MonitorMode                          ./drivers/fsl_clock.o
CLOCK_SetSimConfig                                ./drivers/fsl_clock.o
                                                  ./board/clock_config.o
CLOCK_TrimInternalRefClk                          ./drivers/fsl_clock.o
CMP0_DriverIRQHandler                             ./startup/startup_mkl25z4.o
CMP0_IRQHandler                                   ./startup/startup_mkl25z4.o
CMP_ClearStatusFlags                              ./drivers/fsl_cmp.o
CMP_Deinit                                        ./drivers/fsl_cmp.o
CMP_DisableInterrupts                             ./drivers/fsl_cmp.o
CMP_EnableDMA                                     ./drivers/fsl_cmp.o
CMP_EnableInterrupts                              ./drivers/fsl_cmp.o
CMP_GetDefaultConfig                              ./drivers/fsl_cmp.o
CMP_GetStatusFlags                                ./drivers/fsl_cmp.o
CMP_Init                                          ./drivers/fsl_cmp.o
CMP_SetDACConfig                                  ./drivers/fsl_cmp.o
CMP_SetFilterConfig                               ./drivers/fsl_cmp.o