12:47:02 **** Build of configuration Debug for project Ident_elo_4 ****
make -r -j4 all 
Building file: ../utilities/fsl_debug_console.c
Building file: ../startup/startup_mkl25z4.c
Building file: ../source/Code_Braco.c
Building file: ../source/mtb.c
Invoking: MCU C Compiler
Invoking: MCU C Compiler
arm-none-eabi-gcc -D__REDLIB__ -DCPU_MKL25Z128VLK4 -DCPU_MKL25Z128VLK4_cm0plus -DSDK_OS_BAREMETAL -DFSL_RTOS_BM -DSDK_DEBUGCONSOLE=0 -DCR_INTEGER_PRINTF -DPRINTF_FLOAT_ENABLE=0 -D__MCUXPRESSO -D__USE_CMSIS -DDEBUG -I"C:\Users\davia\OneDrive\Documentos\Mestrado_Softwares\Braco_Codigos\Projeto_Robo_Completo_v1\Ident_elo_4\drivers" -I"C:\Users\davia\OneDrive\Documentos\Mestrado_Softwares\Braco_Codigos\Projeto_Robo_Completo_v1\Ident_elo_4\board" -I"C:\Users\davia\OneDrive\Documentos\Mestrado_Softwares\Braco_Codigos\Projeto_Robo_Completo_v1\Ident_elo_4\CMSIS_driver" -I"C:\Users\davia\OneDrive\Documentos\Mestrado_Softwares\Braco_Codigos\Projeto_Robo_Completo_v1\Ident_elo_4\CMSIS" -I"C:\Users\davia\OneDrive\Documentos\Mestrado_Softwares\Braco_Codigos\Projeto_Robo_Completo_v1\Ident_elo_4\utilities" -I"C:\Users\davia\OneDrive\Documentos\Mestrado_Softwares\Braco_Codigos\Projeto_Robo_Completo_v1\Ident_elo_4\board" -I"C:\Users\davia\OneDrive\Documentos\Mestrado_Softwares\Braco_Codigos\Projeto_Robo_Completo_v1\Ident_elo_4\source" -I"C:\Users\davia\OneDrive\Documentos\Mestrado_Softwares\Braco_Codigos\Projeto_Robo_Completo_v1\Ident_elo_4" -I"C:\Users\davia\OneDrive\Documentos\Mestrado_Softwares\Braco_Codigos\Projeto_Robo_Completo_v1\Ident_elo_4\drivers" -I"C:\Users\davia\OneDrive\Documentos\Mestrado_Softwares\Braco_Codigos\Projeto_Robo_Completo_v1\Ident_elo_4\CMSIS" -I"C:\Users\davia\OneDrive\Documentos\Mestrado_Softwares\Braco_Codigos\Projeto_Robo_Completo_v1\Ident_elo_4\utilities" -I"C:\Users\davia\OneDrive\Documentos\Mestrado_Softwares\Braco_Codigos\Projeto_Robo_Completo_v1\Ident_elo_4\CMSIS_driver" -I"C:\Users\davia\OneDrive\Documentos\Mestrado_Softwares\Braco_Codigos\Projeto_Robo_Completo_v1\Ident_elo_4\startup" -O0 -fno-common -g3 -Wall -c -fmessage-length=0 -fno-builtin -ffunction-sections -fdata-sections -fmerge-constants -fmacro-prefix-map="../utilities/"=. -mcpu=cortex-m0plus -mthumb -D__REDLIB__ -fstack-usage -specs=redlib.specs -MMD -MP -MF"utilities/fsl_debug_console.d" -MT"utilities/fsl_debug_console.o" -MT"utilities/fsl_debug_console.d" -o "utilities/fsl_debug_console.o" "../utilities/fsl_debug_console.c"
Invoking: MCU C Compiler
Invoking: MCU C Compiler
arm-none-eabi-gcc -D__REDLIB__ -DCPU_MKL25Z128VLK4 -DCPU_MKL25Z128VLK4_cm0plus -DSDK_OS_BAREMETAL -DFSL_RTOS_BM -DSDK_DEBUGCONSOLE=0 -DCR_INTEGER_PRINTF -DPRINTF_FLOAT_ENABLE=0 -D__MCUXPRESSO -D__USE_CMSIS -DDEBUG -I"C:\Users\davia\OneDrive\Documentos\Mestrado_Softwares\Braco_Codigos\Projeto_Robo_Completo_v1\Ident_elo_4\drivers" -I"C:\Users\davia\OneDrive\Documentos\Mestrado_Softwares\Braco_Codigos\Projeto_Robo_Completo_v1\Ident_elo_4\board" -I"C:\Users\davia\OneDrive\Documentos\Mestrado_Softwares\Braco_Codigos\Projeto_Robo_Completo_v1\Ident_elo_4\CMSIS_driver" -I"C:\Users\davia\OneDrive\Documentos\Mestrado_Softwares\Braco_Codigos\Projeto_Robo_Completo_v1\Ident_elo_4\CMSIS" -I"C:\Users\davia\OneDrive\Documentos\Mestrado_Softwares\Braco_Codigos\Projeto_Robo_Completo_v1\Ident_elo_4\utilities" -I"C:\Users\davia\OneDrive\Documentos\Mestrado_Softwares\Braco_Codigos\Projeto_Robo_Completo_v1\Ident_elo_4\board" -I"C:\Users\davia\OneDrive\Documentos\Mestrado_Softwares\Braco_Codigos\Projeto_Robo_Completo_v1\Ident_elo_4\source" -I"C:\Users\davia\OneDrive\Documentos\Mestrado_Softwares\Braco_Codigos\Projeto_Robo_Completo_v1\Ident_elo_4" -I"C:\Users\davia\OneDrive\Documentos\Mestrado_Softwares\Braco_Codigos\Projeto_Robo_Completo_v1\Ident_elo_4\drivers" -I"C:\Users\davia\OneDrive\Documentos\Mestrado_Softwares\Braco_Codigos\Projeto_Robo_Completo_v1\Ident_elo_4\CMSIS" -I"C:\Users\davia\OneDrive\Documentos\Mestrado_Softwares\Braco_Codigos\Projeto_Robo_Completo_v1\Ident_elo_4\utilities" -I"C:\Users\davia\OneDrive\Documentos\Mestrado_Softwares\Braco_Codigos\Projeto_Robo_Completo_v1\Ident_elo_4\CMSIS_driver" -I"C:\Users\davia\OneDrive\Documentos\Mestrado_Softwares\Braco_Codigos\Projeto_Robo_Completo_v1\Ident_elo_4\startup" -O0 -fno-common -g3 -Wall -c -fmessage-length=0 -fno-builtin -ffunction-sections -fdata-sections -fmerge-constants -fmacro-prefix-map="../startup/"=. -mcpu=cortex-m0plus -mthumb -D__REDLIB__ -fstack-usage -specs=redlib.specs -MMD -MP -MF"startup/startup_mkl25z4.d" -MT"startup/startup_mkl25z4.o" -MT"startup/startup_mkl25z4.d" -o "startup/startup_mkl25z4.o" "../startup/startup_mkl25z4.c"
arm-none-eabi-gcc -D__REDLIB__ -DCPU_MKL25Z128VLK4 -DCPU_MKL25Z128VLK4_cm0plus -DSDK_OS_BAREMETAL -DFSL_RTOS_BM -DSDK_DEBUGCONSOLE=0 -DCR_INTEGER_PRINTF -DPRINTF_FLOAT_ENABLE=0 -D__MCUXPRESSO -D__USE_CMSIS -DDEBUG -I"C:\Users\davia\OneDrive\Documentos\Mestrado_Softwares\Braco_Codigos\Projeto_Robo_Completo_v1\Ident_elo_4\drivers" -I"C:\Users\davia\OneDrive\Documentos\Mestrado_Softwares\Braco_Codigos\Projeto_Robo_Completo_v1\Ident_elo_4\board" -I"C:\Users\davia\OneDrive\Documentos\Mestrado_Softwares\Braco_Codigos\Projeto_Robo_Completo_v1\Ident_elo_4\CMSIS_driver" -I"C:\Users\davia\OneDrive\Documentos\Mestrado_Softwares\Braco_Codigos\Projeto_Robo_Completo_v1\Ident_elo_4\CMSIS" -I"C:\Users\davia\OneDrive\Documentos\Mestrado_Softwares\Braco_Codigos\Projeto_Robo_Completo_v1\Ident_elo_4\utilities" -I"C:\Users\davia\OneDrive\Documentos\Mestrado_Softwares\Braco_Codigos\Projeto_Robo_Completo_v1\Ident_elo_4\board" -I"C:\Users\davia\OneDrive\Documentos\Mestrado_Softwares\Braco_Codigos\Projeto_Robo_Completo_v1\Ident_elo_4\source" -I"C:\Users\davia\OneDrive\Documentos\Mestrado_Softwares\Braco_Codigos\Projeto_Robo_Completo_v1\Ident_elo_4" -I"C:\Users\davia\OneDrive\Documentos\Mestrado_Softwares\Braco_Codigos\Projeto_Robo_Completo_v1\Ident_elo_4\drivers" -I"C:\Users\davia\OneDrive\Documentos\Mestrado_Softwares\Braco_Codigos\Projeto_Robo_Completo_v1\Ident_elo_4\CMSIS" -I"C:\Users\davia\OneDrive\Documentos\Mestrado_Softwares\Braco_Codigos\Projeto_Robo_Completo_v1\Ident_elo_4\utilities" -I"C:\Users\davia\OneDrive\Documentos\Mestrado_Softwares\Braco_Codigos\Projeto_Robo_Completo_v1\Ident_elo_4\CMSIS_driver" -I"C:\Users\davia\OneDrive\Documentos\Mestrado_Softwares\Braco_Codigos\Projeto_Robo_Completo_v1\Ident_elo_4\startup" -O0 -fno-common -g3 -Wall -c -fmessage-length=0 -fno-builtin -ffunction-sections -fdata-sections -fmerge-constants -fmacro-prefix-map="../source/"=. -mcpu=cortex-m0plus -mthumb -D__REDLIB__ -fstack-usage -specs=redlib.specs -MMD -MP -MF"source/Code_Braco.d" -MT"source/Code_Braco.o" -MT"source/Code_Braco.d" -o "source/Code_Braco.o" "../source/Code_Braco.c"
arm-none-eabi-gcc -D__REDLIB__ -DCPU_MKL25Z128VLK4 -DCPU_MKL25Z128VLK4_cm0plus -DSDK_OS_BAREMETAL -DFSL_RTOS_BM -DSDK_DEBUGCONSOLE=0 -DCR_INTEGER_PRINTF -DPRINTF_FLOAT_ENABLE=0 -D__MCUXPRESSO -D__USE_CMSIS -DDEBUG -I"C:\Users\davia\OneDrive\Documentos\Mestrado_Softwares\Braco_Codigos\Projeto_Robo_Completo_v1\Ident_elo_4\drivers" -I"C:\Users\davia\OneDrive\Documentos\Mestrado_Softwares\Braco_Codigos\Projeto_Robo_Completo_v1\Ident_elo_4\board" -I"C:\Users\davia\OneDrive\Documentos\Mestrado_Softwares\Braco_Codigos\Projeto_Robo_Completo_v1\Ident_elo_4\CMSIS_driver" -I"C:\Users\davia\OneDrive\Documentos\Mestrado_Softwares\Braco_Codigos\Projeto_Robo_Completo_v1\Ident_elo_4\CMSIS" -I"C:\Users\davia\OneDrive\Documentos\Mestrado_Softwares\Braco_Codigos\Projeto_Robo_Completo_v1\Ident_elo_4\utilities" -I"C:\Users\davia\OneDrive\Documentos\Mestrado_Softwares\Braco_Codigos\Projeto_Robo_Completo_v1\Ident_elo_4\board" -I"C:\Users\davia\OneDrive\Documentos\Mestrado_Softwares\Braco_Codigos\Projeto_Robo_Completo_v1\Ident_elo_4\source" -I"C:\Users\davia\OneDrive\Documentos\Mestrado_Softwares\Braco_Codigos\Projeto_Robo_Completo_v1\Ident_elo_4" -I"C:\Users\davia\OneDrive\Documentos\Mestrado_Softwares\Braco_Codigos\Projeto_Robo_Completo_v1\Ident_elo_4\drivers" -I"C:\Users\davia\OneDrive\Documentos\Mestrado_Softwares\Braco_Codigos\Projeto_Robo_Completo_v1\Ident_elo_4\CMSIS" -I"C:\Users\davia\OneDrive\Documentos\Mestrado_Softwares\Braco_Codigos\Projeto_Robo_Completo_v1\Ident_elo_4\utilities" -I"C:\Users\davia\OneDrive\Documentos\Mestrado_Softwares\Braco_Codigos\Projeto_Robo_Completo_v1\Ident_elo_4\CMSIS_driver" -I"C:\Users\davia\OneDrive\Documentos\Mestrado_Softwares\Braco_Codigos\Projeto_Robo_Completo_v1\Ident_elo_4\startup" -O0 -fno-common -g3 -Wall -c -fmessage-length=0 -fno-builtin -ffunction-sections -fdata-sections -fmerge-constants -fmacro-prefix-map="../source/"=. -mcpu=cortex-m0plus -mthumb -D__REDLIB__ -fstack-usage -specs=redlib.specs -MMD -MP -MF"source/mtb.d" -MT"source/mtb.o" -MT"source/mtb.d" -o "source/mtb.o" "../source/mtb.c"
Finished building: ../utilities/fsl_debug_console.c
 
Finished building: ../source/mtb.c
Building file: ../source/semihost_hardfault.c
 
Invoking: MCU C Compiler
arm-none-eabi-gcc -D__REDLIB__ -DCPU_MKL25Z128VLK4 -DCPU_MKL25Z128VLK4_cm0plus -DSDK_OS_BAREMETAL -DFSL_RTOS_BM -DSDK_DEBUGCONSOLE=0 -DCR_INTEGER_PRINTF -DPRINTF_FLOAT_ENABLE=0 -D__MCUXPRESSO -D__USE_CMSIS -DDEBUG -I"C:\Users\davia\OneDrive\Documentos\Mestrado_Softwares\Braco_Codigos\Projeto_Robo_Completo_v1\Ident_elo_4\drivers" -I"C:\Users\davia\OneDrive\Documentos\Mestrado_Softwares\Braco_Codigos\Projeto_Robo_Completo_v1\Ident_elo_4\board" -I"C:\Users\davia\OneDrive\Documentos\Mestrado_Softwares\Braco_Codigos\Projeto_Robo_Completo_v1\Ident_elo_4\CMSIS_driver" -I"C:\Users\davia\OneDrive\Documentos\Mestrado_Softwares\Braco_Codigos\Projeto_Robo_Completo_v1\Ident_elo_4\CMSIS" -I"C:\Users\davia\OneDrive\Documentos\Mestrado_Softwares\Braco_Codigos\Projeto_Robo_Completo_v1\Ident_elo_4\utilities" -I"C:\Users\davia\OneDrive\Documentos\Mestrado_Softwares\Braco_Codigos\Projeto_Robo_Completo_v1\Ident_elo_4\board" -I"C:\Users\davia\OneDrive\Documentos\Mestrado_Softwares\Braco_Codigos\Projeto_Robo_Completo_v1\Ident_elo_4\source" -I"C:\Users\davia\OneDrive\Documentos\Mestrado_Softwares\Braco_Codigos\Projeto_Robo_Completo_v1\Ident_elo_4" -I"C:\Users\davia\OneDrive\Documentos\Mestrado_Softwares\Braco_Codigos\Projeto_Robo_Completo_v1\Ident_elo_4\drivers" -I"C:\Users\davia\OneDrive\Documentos\Mestrado_Softwares\Braco_Codigos\Projeto_Robo_Completo_v1\Ident_elo_4\CMSIS" -I"C:\Users\davia\OneDrive\Documentos\Mestrado_Softwares\Braco_Codigos\Projeto_Robo_Completo_v1\Ident_elo_4\utilities" -I"C:\Users\davia\OneDrive\Documentos\Mestrado_Softwares\Braco_Codigos\Projeto_Robo_Completo_v1\Ident_elo_4\CMSIS_driver" -I"C:\Users\davia\OneDrive\Documentos\Mestrado_Softwares\Braco_Codigos\Projeto_Robo_Completo_v1\Ident_elo_4\startup" -O0 -fno-common -g3 -Wall -c -fmessage-length=0 -fno-builtin -ffunction-sections -fdata-sections -fmerge-constants -fmacro-prefix-map="../source/"=. -mcpu=cortex-m0plus -mthumb -D__REDLIB__ -fstack-usage -specs=redlib.specs -MMD -MP -MF"source/semihost_hardfault.d" -MT"source/semihost_hardfault.o" -MT"source/semihost_hardfault.d" -o "source/semihost_hardfault.o" "../source/semihost_hardfault.c"
Building file: ../drivers/fsl_adc16.c
Finished building: ../startup/startup_mkl25z4.c
Invoking: MCU C Compiler
arm-none-eabi-gcc -D__REDLIB__ -DCPU_MKL25Z128VLK4 -DCPU_MKL25Z128VLK4_cm0plus -DSDK_OS_BAREMETAL -DFSL_RTOS_BM -DSDK_DEBUGCONSOLE=0 -DCR_INTEGER_PRINTF -DPRINTF_FLOAT_ENABLE=0 -D__MCUXPRESSO -D__USE_CMSIS -DDEBUG -I"C:\Users\davia\OneDrive\Documentos\Mestrado_Softwares\Braco_Codigos\Projeto_Robo_Completo_v1\Ident_elo_4\drivers" -I"C:\Users\davia\OneDrive\Documentos\Mestrado_Softwares\Braco_Codigos\Projeto_Robo_Completo_v1\Ident_elo_4\board" -I"C:\Users\davia\OneDrive\Documentos\Mestrado_Softwares\Braco_Codigos\Projeto_Robo_Completo_v1\Ident_elo_4\CMSIS_driver" -I"C:\Users\davia\OneDrive\Documentos\Mestrado_Softwares\Braco_Codigos\Projeto_Robo_Completo_v1\Ident_elo_4\CMSIS" -I"C:\Users\davia\OneDrive\Documentos\Mestrado_Softwares\Braco_Codigos\Projeto_Robo_Completo_v1\Ident_elo_4\utilities" -I"C:\Users\davia\OneDrive\Documentos\Mestrado_Softwares\Braco_Codigos\Projeto_Robo_Completo_v1\Ident_elo_4\board" -I"C:\Users\davia\OneDrive\Documentos\Mestrado_Softwares\Braco_Codigos\Projeto_Robo_Completo_v1\Ident_elo_4\source" -I"C:\Users\davia\OneDrive\Documentos\Mestrado_Softwares\Braco_Codigos\Projeto_Robo_Completo_v1\Ident_elo_4" -I"C:\Users\davia\OneDrive\Documentos\Mestrado_Softwares\Braco_Codigos\Projeto_Robo_Completo_v1\Ident_elo_4\drivers" -I"C:\Users\davia\OneDrive\Documentos\Mestrado_Softwares\Braco_Codigos\Projeto_Robo_Completo_v1\Ident_elo_4\CMSIS" -I"C:\Users\davia\OneDrive\Documentos\Mestrado_Softwares\Braco_Codigos\Projeto_Robo_Completo_v1\Ident_elo_4\utilities" -I"C:\Users\davia\OneDrive\Documentos\Mestrado_Softwares\Braco_Codigos\Projeto_Robo_Completo_v1\Ident_elo_4\CMSIS_driver" -I"C:\Users\davia\OneDrive\Documentos\Mestrado_Softwares\Braco_Codigos\Projeto_Robo_Completo_v1\Ident_elo_4\startup" -O0 -fno-common -g3 -Wall -c -fmessage-length=0 -fno-builtin -ffunction-sections -fdata-sections -fmerge-constants -fmacro-prefix-map="../drivers/"=. -mcpu=cortex-m0plus -mthumb -D__REDLIB__ -fstack-usage -specs=redlib.specs -MMD -MP -MF"drivers/fsl_adc16.d" -MT"drivers/fsl_adc16.o" -MT"drivers/fsl_adc16.d" -o "drivers/fsl_adc16.o" "../drivers/fsl_adc16.c"
 
Building file: ../drivers/fsl_clock.c
Finished building: ../source/Code_Braco.c
Invoking: MCU C Compiler
arm-none-eabi-gcc -D__REDLIB__ -DCPU_MKL25Z128VLK4 -DCPU_MKL25Z128VLK4_cm0plus -DSDK_OS_BAREMETAL -DFSL_RTOS_BM -DSDK_DEBUGCONSOLE=0 -DCR_INTEGER_PRINTF -DPRINTF_FLOAT_ENABLE=0 -D__MCUXPRESSO -D__USE_CMSIS -DDEBUG -I"C:\Users\davia\OneDrive\Documentos\Mestrado_Softwares\Braco_Codigos\Projeto_Robo_Completo_v1\Ident_elo_4\drivers" -I"C:\Users\davia\OneDrive\Documentos\Mestrado_Softwares\Braco_Codigos\Projeto_Robo_Completo_v1\Ident_elo_4\board" -I"C:\Users\davia\OneDrive\Documentos\Mestrado_Softwares\Braco_Codigos\Projeto_Robo_Completo_v1\Ident_elo_4\CMSIS_driver" -I"C:\Users\davia\OneDrive\Documentos\Mestrado_Softwares\Braco_Codigos\Projeto_Robo_Completo_v1\Ident_elo_4\CMSIS" -I"C:\Users\davia\OneDrive\Documentos\Mestrado_Softwares\Braco_Codigos\Projeto_Robo_Completo_v1\Ident_elo_4\utilities" -I"C:\Users\davia\OneDrive\Documentos\Mestrado_Softwares\Braco_Codigos\Projeto_Robo_Completo_v1\Ident_elo_4\board" -I"C:\Users\davia\OneDrive\Documentos\Mestrado_Softwares\Braco_Codigos\Projeto_Robo_Completo_v1\Ident_elo_4\source" -I"C:\Users\davia\OneDrive\Documentos\Mestrado_Softwares\Braco_Codigos\Projeto_Robo_Completo_v1\Ident_elo_4" -I"C:\Users\davia\OneDrive\Documentos\Mestrado_Softwares\Braco_Codigos\Projeto_Robo_Completo_v1\Ident_elo_4\drivers" -I"C:\Users\davia\OneDrive\Documentos\Mestrado_Softwares\Braco_Codigos\Projeto_Robo_Completo_v1\Ident_elo_4\CMSIS" -I"C:\Users\davia\OneDrive\Documentos\Mestrado_Softwares\Braco_Codigos\Projeto_Robo_Completo_v1\Ident_elo_4\utilities" -I"C:\Users\davia\OneDrive\Documentos\Mestrado_Softwares\Braco_Codigos\Projeto_Robo_Completo_v1\Ident_elo_4\CMSIS_driver" -I"C:\Users\davia\OneDrive\Documentos\Mestrado_Softwares\Braco_Codigos\Projeto_Robo_Completo_v1\Ident_elo_4\startup" -O0 -fno-common -g3 -Wall -c -fmessage-length=0 -fno-builtin -ffunction-sections -fdata-sections -fmerge-constants -fmacro-prefix-map="../drivers/"=. -mcpu=cortex-m0plus -mthumb -D__REDLIB__ -fstack-usage -specs=redlib.specs -MMD -MP -MF"drivers/fsl_clock.d" -MT"drivers/fsl_clock.o" -MT"drivers/fsl_clock.d" -o "drivers/fsl_clock.o" "../drivers/fsl_clock.c"
 
Building file: ../drivers/fsl_cmp.c
Finished building: ../source/semihost_hardfault.c
Invoking: MCU C Compiler
arm-none-eabi-gcc -D__REDLIB__ -DCPU_MKL25Z128VLK4 -DCPU_MKL25Z128VLK4_cm0plus -DSDK_OS_BAREMETAL -DFSL_RTOS_BM -DSDK_DEBUGCONSOLE=0 -DCR_INTEGER_PRINTF -DPRINTF_FLOAT_ENABLE=0 -D__MCUXPRESSO -D__USE_CMSIS -DDEBUG -I"C:\Users\davia\OneDrive\Documentos\Mestrado_Softwares\Braco_Codigos\Projeto_Robo_Completo_v1\Ident_elo_4\drivers" -I"C:\Users\davia\OneDrive\Documentos\Mestrado_Softwares\Braco_Codigos\Projeto_Robo_Completo_v1\Ident_elo_4\board" -I"C:\Users\davia\OneDrive\Documentos\Mestrado_Softwares\Braco_Codigos\Projeto_Robo_Completo_v1\Ident_elo_4\CMSIS_driver" -I"C:\Users\davia\OneDrive\Documentos\Mestrado_Softwares\Braco_Codigos\Projeto_Robo_Completo_v1\Ident_elo_4\CMSIS" -I"C:\Users\davia\OneDrive\Documentos\Mestrado_Softwares\Braco_Codigos\Projeto_Robo_Completo_v1\Ident_elo_4\utilities" -I"C:\Users\davia\OneDrive\Documentos\Mestrado_Softwares\Braco_Codigos\Projeto_Robo_Completo_v1\Ident_elo_4\board" -I"C:\Users\davia\OneDrive\Documentos\Mestrado_Softwares\Braco_Codigos\Projeto_Robo_Completo_v1\Ident_elo_4\source" -I"C:\Users\davia\OneDrive\Documentos\Mestrado_Softwares\Braco_Codigos\Projeto_Robo_Completo_v1\Ident_elo_4" -I"C:\Users\davia\OneDrive\Documentos\Mestrado_Softwares\Braco_Codigos\Projeto_Robo_Completo_v1\Ident_elo_4\drivers" -I"C:\Users\davia\OneDrive\Documentos\Mestrado_Softwares\Braco_Codigos\Projeto_Robo_Completo_v1\Ident_elo_4\CMSIS" -I"C:\Users\davia\OneDrive\Documentos\Mestrado_Softwares\Braco_Codigos\Projeto_Robo_Completo_v1\Ident_elo_4\utilities" -I"C:\Users\davia\OneDrive\Documentos\Mestrado_Softwares\Braco_Codigos\Projeto_Robo_Completo_v1\Ident_elo_4\CMSIS_driver" -I"C:\Users\davia\OneDrive\Documentos\Mestrado_Softwares\Braco_Codigos\Projeto_Robo_Completo_v1\Ident_elo_4\startup" -O0 -fno-common -g3 -Wall -c -fmessage-length=0 -fno-builtin -ffunction-sections -fdata-sections -fmerge-constants -fmacro-prefix-map="../drivers/"=. -mcpu=cortex-m0plus -mthumb -D__REDLIB__ -fstack-usage -specs=redlib.specs -MMD -MP -MF"drivers/fsl_cmp.d" -MT"drivers/fsl_cmp.o" -MT"drivers/fsl_cmp.d" -o "drivers/fsl_cmp.o" "../drivers/fsl_cmp.c"
 
Building file: ../drivers/fsl_common.c
Invoking: MCU C Compiler
arm-none-eabi-gcc -D__REDLIB__ -DCPU_MKL25Z128VLK4 -DCPU_MKL25Z128VLK4_cm0plus -DSDK_OS_BAREMETAL -DFSL_RTOS_BM -DSDK_DEBUGCONSOLE=0 -DCR_INTEGER_PRINTF -DPRINTF_FLOAT_ENABLE=0 -D__MCUXPRESSO -D__USE_CMSIS -DDEBUG -I"C:\Users\davia\OneDrive\Documentos\Mestrado_Softwares\Braco_Codigos\Projeto_Robo_Completo_v1\Ident_elo_4\drivers" -I"C:\Users\davia\OneDrive\Documentos\Mestrado_Softwares\Braco_Codigos\Projeto_Robo_Completo_v1\Ident_elo_4\board" -I"C:\Users\davia\OneDrive\Documentos\Mestrado_Softwares\Braco_Codigos\Projeto_Robo_Completo_v1\Ident_elo_4\CMSIS_driver" -I"C:\Users\davia\OneDrive\Documentos\Mestrado_Softwares\Braco_Codigos\Projeto_Robo_Completo_v1\Ident_elo_4\CMSIS" -I"C:\Users\davia\OneDrive\Documentos\Mestrado_Softwares\Braco_Codigos\Projeto_Robo_Completo_v1\Ident_elo_4\utilities" -I"C:\Users\davia\OneDrive\Documentos\Mestrado_Softwares\Braco_Codigos\Projeto_Robo_Completo_v1\Ident_elo_4\board" -I"C:\Users\davia\OneDrive\Documentos\Mestrado_Softwares\Braco_Codigos\Projeto_Robo_Completo_v1\Ident_elo_4\source" -I"C:\Users\davia\OneDrive\Documentos\Mestrado_Softwares\Braco_Codigos\Projeto_Robo_Completo_v1\Ident_elo_4" -I"C:\Users\davia\OneDrive\Documentos\Mestrado_Softwares\Braco_Codigos\Projeto_Robo_Completo_v1\Ident_elo_4\drivers" -I"C:\Users\davia\OneDrive\Documentos\Mestrado_Softwares\Braco_Codigos\Projeto_Robo_Completo_v1\Ident_elo_4\CMSIS" -I"C:\Users\davia\OneDrive\Documentos\Mestrado_Softwares\Braco_Codigos\Projeto_Robo_Completo_v1\Ident_elo_4\utilities" -I"C:\Users\davia\OneDrive\Documentos\Mestrado_Softwares\Braco_Codigos\Projeto_Robo_Completo_v1\Ident_elo_4\CMSIS_driver" -I"C:\Users\davia\OneDrive\Documentos\Mestrado_Softwares\Braco_Codigos\Projeto_Robo_Completo_v1\Ident_elo_4\startup" -O0 -fno-common -g3 -Wall -c -fmessage-length=0 -fno-builtin -ffunction-sections -fdata-sections -fmerge-constants -fmacro-prefix-map="../drivers/"=. -mcpu=cortex-m0plus -mthumb -D__REDLIB__ -fstack-usage -specs=redlib.specs -MMD -MP -MF"drivers/fsl_common.d" -MT"drivers/fsl_common.o" -MT"drivers/fsl_common.d" -o "drivers/fsl_common.o" "../drivers/fsl_common.c"
Finished building: ../drivers/fsl_adc16.c
 
Building file: ../drivers/fsl_dac.c
Invoking: MCU C Compiler
arm-none-eabi-gcc -D__REDLIB__ -DCPU_MKL25Z128VLK4 -DCPU_MKL25Z128VLK4_cm0plus -DSDK_OS_BAREMETAL -DFSL_RTOS_BM -DSDK_DEBUGCONSOLE=0 -DCR_INTEGER_PRINTF -DPRINTF_FLOAT_ENABLE=0 -D__MCUXPRESSO -D__USE_CMSIS -DDEBUG -I"C:\Users\davia\OneDrive\Documentos\Mestrado_Softwares\Braco_Codigos\Projeto_Robo_Completo_v1\Ident_elo_4\drivers" -I"C:\Users\davia\OneDrive\Documentos\Mestrado_Softwares\Braco_Codigos\Projeto_Robo_Completo_v1\Ident_elo_4\board" -I"C:\Users\davia\OneDrive\Documentos\Mestrado_Softwares\Braco_Codigos\Projeto_Robo_Completo_v1\Ident_elo_4\CMSIS_driver" -I"C:\Users\davia\OneDrive\Documentos\Mestrado_Softwares\Braco_Codigos\Projeto_Robo_Completo_v1\Ident_elo_4\CMSIS" -I"C:\Users\davia\OneDrive\Documentos\Mestrado_Softwares\Braco_Codigos\Projeto_Robo_Completo_v1\Ident_elo_4\utilities" -I"C:\Users\davia\OneDrive\Documentos\Mestrado_Softwares\Braco_Codigos\Projeto_Robo_Completo_v1\Ident_elo_4\board" -I"C:\Users\davia\OneDrive\Documentos\Mestrado_Softwares\Braco_Codigos\Projeto_Robo_Completo_v1\Ident_elo_4\source" -I"C:\Users\davia\OneDrive\Documentos\Mestrado_Softwares\Braco_Codigos\Projeto_Robo_Completo_v1\Ident_elo_4" -I"C:\Users\davia\OneDrive\Documentos\Mestrado_Softwares\Braco_Codigos\Projeto_Robo_Completo_v1\Ident_elo_4\drivers" -I"C:\Users\davia\OneDrive\Documentos\Mestrado_Softwares\Braco_Codigos\Projeto_Robo_Completo_v1\Ident_elo_4\CMSIS" -I"C:\Users\davia\OneDrive\Documentos\Mestrado_Softwares\Braco_Codigos\Projeto_Robo_Completo_v1\Ident_elo_4\utilities" -I"C:\Users\davia\OneDrive\Documentos\Mestrado_Softwares\Braco_Codigos\Projeto_Robo_Completo_v1\Ident_elo_4\CMSIS_driver" -I"C:\Users\davia\OneDrive\Documentos\Mestrado_Softwares\Braco_Codigos\Projeto_Robo_Completo_v1\Ident_elo_4\startup" -O0 -fno-common -g3 -Wall -c -fmessage-length=0 -fno-builtin -ffunction-sections -fdata-sections -fmerge-constants -fmacro-prefix-map="../drivers/"=. -mcpu=cortex-m0plus -mthumb -D__REDLIB__ -fstack-usage -specs=redlib.specs -MMD -MP -MF"drivers/fsl_dac.d" -MT"drivers/fsl_dac.o" -MT"drivers/fsl_dac.d" -o "drivers/fsl_dac.o" "../drivers/fsl_dac.c"
Finished building: ../drivers/fsl_clock.c
Finished building: ../drivers/fsl_cmp.c
 
 
Building file: ../drivers/fsl_dma.c
Finished building: ../drivers/fsl_common.c
Invoking: MCU C Compiler
arm-none-eabi-gcc -D__REDLIB__ -DCPU_MKL25Z128VLK4 -DCPU_MKL25Z128VLK4_cm0plus -DSDK_OS_BAREMETAL -DFSL_RTOS_BM -DSDK_DEBUGCONSOLE=0 -DCR_INTEGER_PRINTF -DPRINTF_FLOAT_ENABLE=0 -D__MCUXPRESSO -D__USE_CMSIS -DDEBUG -I"C:\Users\davia\OneDrive\Documentos\Mestrado_Softwares\Braco_Codigos\Projeto_Robo_Completo_v1\Ident_elo_4\drivers" -I"C:\Users\davia\OneDrive\Documentos\Mestrado_Softwares\Braco_Codigos\Projeto_Robo_Completo_v1\Ident_elo_4\board" -I"C:\Users\davia\OneDrive\Documentos\Mestrado_Softwares\Braco_Codigos\Projeto_Robo_Completo_v1\Ident_elo_4\CMSIS_driver" -I"C:\Users\davia\OneDrive\Documentos\Mestrado_Softwares\Braco_Codigos\Projeto_Robo_Completo_v1\Ident_elo_4\CMSIS" -I"C:\Users\davia\OneDrive\Documentos\Mestrado_Softwares\Braco_Codigos\Projeto_Robo_Completo_v1\Ident_elo_4\utilities" -I"C:\Users\davia\OneDrive\Documentos\Mestrado_Softwares\Braco_Codigos\Projeto_Robo_Completo_v1\Ident_elo_4\board" -I"C:\Users\davia\OneDrive\Documentos\Mestrado_Softwares\Braco_Codigos\Projeto_Robo_Completo_v1\Ident_elo_4\source" -I"C:\Users\davia\OneDrive\Documentos\Mestrado_Softwares\Braco_Codigos\Projeto_Robo_Completo_v1\Ident_elo_4" -I"C:\Users\davia\OneDrive\Documentos\Mestrado_Softwares\Braco_Codigos\Projeto_Robo_Completo_v1\Ident_elo_4\drivers" -I"C:\Users\davia\OneDrive\Documentos\Mestrado_Softwares\Braco_Codigos\Projeto_Robo_Completo_v1\Ident_elo_4\CMSIS" -I"C:\Users\davia\OneDrive\Documentos\Mestrado_Softwares\Braco_Codigos\Projeto_Robo_Completo_v1\Ident_elo_4\utilities" -I"C:\Users\davia\OneDrive\Documentos\Mestrado_Softwares\Braco_Codigos\Projeto_Robo_Completo_v1\Ident_elo_4\CMSIS_driver" -I"C:\Users\davia\OneDrive\Documentos\Mestrado_Softwares\Braco_Codigos\Projeto_Robo_Completo_v1\Ident_elo_4\startup" -O0 -fno-common -g3 -Wall -c -fmessage-length=0 -fno-builtin -ffunction-sections -fdata-sections -fmerge-constants -fmacro-prefix-map="../drivers/"=. -mcpu=cortex-m0plus -mthumb -D__REDLIB__ -fstack-usage -specs=redlib.specs -MMD -MP -MF"drivers/fsl_dma.d" -MT"drivers/fsl_dma.o" -MT"drivers/fsl_dma.d" -o "drivers/fsl_dma.o" "../drivers/fsl_dma.c"
 
Building file: ../drivers/fsl_dmamux.c
Building file: ../drivers/fsl_flash.c
Invoking: MCU C Compiler
arm-none-eabi-gcc -D__REDLIB__ -DCPU_MKL25Z128VLK4 -DCPU_MKL25Z128VLK4_cm0plus -DSDK_OS_BAREMETAL -DFSL_RTOS_BM -DSDK_DEBUGCONSOLE=0 -DCR_INTEGER_PRINTF -DPRINTF_FLOAT_ENABLE=0 -D__MCUXPRESSO -D__USE_CMSIS -DDEBUG -I"C:\Users\davia\OneDrive\Documentos\Mestrado_Softwares\Braco_Codigos\Projeto_Robo_Completo_v1\Ident_elo_4\drivers" -I"C:\Users\davia\OneDrive\Documentos\Mestrado_Softwares\Braco_Codigos\Projeto_Robo_Completo_v1\Ident_elo_4\board" -I"C:\Users\davia\OneDrive\Documentos\Mestrado_Softwares\Braco_Codigos\Projeto_Robo_Completo_v1\Ident_elo_4\CMSIS_driver" -I"C:\Users\davia\OneDrive\Documentos\Mestrado_Softwares\Braco_Codigos\Projeto_Robo_Completo_v1\Ident_elo_4\CMSIS" -I"C:\Users\davia\OneDrive\Documentos\Mestrado_Softwares\Braco_Codigos\Projeto_Robo_Completo_v1\Ident_elo_4\utilities" -I"C:\Users\davia\OneDrive\Documentos\Mestrado_Softwares\Braco_Codigos\Projeto_Robo_Completo_v1\Ident_elo_4\board" -I"C:\Users\davia\OneDrive\Documentos\Mestrado_Softwares\Braco_Codigos\Projeto_Robo_Completo_v1\Ident_elo_4\source" -I"C:\Users\davia\OneDrive\Documentos\Mestrado_Softwares\Braco_Codigos\Projeto_Robo_Completo_v1\Ident_elo_4" -I"C:\Users\davia\OneDrive\Documentos\Mestrado_Softwares\Braco_Codigos\Projeto_Robo_Completo_v1\Ident_elo_4\drivers" -I"C:\Users\davia\OneDrive\Documentos\Mestrado_Softwares\Braco_Codigos\Projeto_Robo_Completo_v1\Ident_elo_4\CMSIS" -I"C:\Users\davia\OneDrive\Documentos\Mestrado_Softwares\Braco_Codigos\Projeto_Robo_Completo_v1\Ident_elo_4\utilities" -I"C:\Users\davia\OneDrive\Documentos\Mestrado_Softwares\Braco_Codigos\Projeto_Robo_Completo_v1\Ident_elo_4\CMSIS_driver" -I"C:\Users\davia\OneDrive\Documentos\Mestrado_Softwares\Braco_Codigos\Projeto_Robo_Completo_v1\Ident_elo_4\startup" -O0 -fno-common -g3 -Wall -c -fmessage-length=0 -fno-builtin -ffunction-sections -fdata-sections -fmerge-constants -fmacro-prefix-map="../drivers/"=. -mcpu=cortex-m0plus -mthumb -D__REDLIB__ -fstack-usage -specs=redlib.specs -MMD -MP -MF"drivers/fsl_dmamux.d" -MT"drivers/fsl_dmamux.o" -MT"drivers/fsl_dmamux.d" -o "drivers/fsl_dmamux.o" "../drivers/fsl_dmamux.c"
Invoking: MCU C Compiler
arm-none-eabi-gcc -D__REDLIB__ -DCPU_MKL25Z128VLK4 -DCPU_MKL25Z128VLK4_cm0plus -DSDK_OS_BAREMETAL -DFSL_RTOS_BM -DSDK_DEBUGCONSOLE=0 -DCR_INTEGER_PRINTF -DPRINTF_FLOAT_ENABLE=0 -D__MCUXPRESSO -D__USE_CMSIS -DDEBUG -I"C:\Users\davia\OneDrive\Documentos\Mestrado_Softwares\Braco_Codigos\Projeto_Robo_Completo_v1\Ident_elo_4\drivers" -I"C:\Users\davia\OneDrive\Documentos\Mestrado_Softwares\Braco_Codigos\Projeto_Robo_Completo_v1\Ident_elo_4\board" -I"C:\Users\davia\OneDrive\Documentos\Mestrado_Softwares\Braco_Codigos\Projeto_Robo_Completo_v1\Ident_elo_4\CMSIS_driver" -I"C:\Users\davia\OneDrive\Documentos\Mestrado_Softwares\Braco_Codigos\Projeto_Robo_Completo_v1\Ident_elo_4\CMSIS" -I"C:\Users\davia\OneDrive\Documentos\Mestrado_Softwares\Braco_Codigos\Projeto_Robo_Completo_v1\Ident_elo_4\utilities" -I"C:\Users\davia\OneDrive\Documentos\Mestrado_Softwares\Braco_Codigos\Projeto_Robo_Completo_v1\Ident_elo_4\board" -I"C:\Users\davia\OneDrive\Documentos\Mestrado_Softwares\Braco_Codigos\Projeto_Robo_Completo_v1\Ident_elo_4\source" -I"C:\Users\davia\OneDrive\Documentos\Mestrado_Softwares\Braco_Codigos\Projeto_Robo_Completo_v1\Ident_elo_4" -I"C:\Users\davia\OneDrive\Documentos\Mestrado_Softwares\Braco_Codigos\Projeto_Robo_Completo_v1\Ident_elo_4\drivers" -I"C:\Users\davia\OneDrive\Documentos\Mestrado_Softwares\Braco_Codigos\Projeto_Robo_Completo_v1\Ident_elo_4\CMSIS" -I"C:\Users\davia\OneDrive\Documentos\Mestrado_Softwares\Braco_Codigos\Projeto_Robo_Completo_v1\Ident_elo_4\utilities" -I"C:\Users\davia\OneDrive\Documentos\Mestrado_Softwares\Braco_Codigos\Projeto_Robo_Completo_v1\Ident_elo_4\CMSIS_driver" -I"C:\Users\davia\OneDrive\Documentos\Mestrado_Softwares\Braco_Codigos\Projeto_Robo_Completo_v1\Ident_elo_4\startup" -O0 -fno-common -g3 -Wall -c -fmessage-length=0 -fno-builtin -ffunction-sections -fdata-sections -fmerge-constants -fmacro-prefix-map="../drivers/"=. -mcpu=cortex-m0plus -mthumb -D__REDLIB__ -fstack-usage -specs=redlib.specs -MMD -MP -MF"drivers/fsl_flash.d" -MT"drivers/fsl_flash.o" -MT"drivers/fsl_flash.d" -o "drivers/fsl_flash.o" "../drivers/fsl_flash.c"
Finished building: ../drivers/fsl_dac.c
Finished building: ../drivers/fsl_dma.c
Finished building: ../drivers/fsl_dmamux.c
 
 
 
Building file: ../drivers/fsl_gpio.c
Finished building: ../drivers/fsl_flash.c
Invoking: MCU C Compiler
Building file: ../drivers/fsl_i2c.c
arm-none-eabi-gcc -D__REDLIB__ -DCPU_MKL25Z128VLK4 -DCPU_MKL25Z128VLK4_cm0plus -DSDK_OS_BAREMETAL -DFSL_RTOS_BM -DSDK_DEBUGCONSOLE=0 -DCR_INTEGER_PRINTF -DPRINTF_FLOAT_ENABLE=0 -D__MCUXPRESSO -D__USE_CMSIS -DDEBUG -I"C:\Users\davia\OneDrive\Documentos\Mestrado_Softwares\Braco_Codigos\Projeto_Robo_Completo_v1\Ident_elo_4\drivers" -I"C:\Users\davia\OneDrive\Documentos\Mestrado_Softwares\Braco_Codigos\Projeto_Robo_Completo_v1\Ident_elo_4\board" -I"C:\Users\davia\OneDrive\Documentos\Mestrado_Softwares\Braco_Codigos\Projeto_Robo_Completo_v1\Ident_elo_4\CMSIS_driver" -I"C:\Users\davia\OneDrive\Documentos\Mestrado_Softwares\Braco_Codigos\Projeto_Robo_Completo_v1\Ident_elo_4\CMSIS" -I"C:\Users\davia\OneDrive\Documentos\Mestrado_Softwares\Braco_Codigos\Projeto_Robo_Completo_v1\Ident_elo_4\utilities" -I"C:\Users\davia\OneDrive\Documentos\Mestrado_Softwares\Braco_Codigos\Projeto_Robo_Completo_v1\Ident_elo_4\board" -I"C:\Users\davia\OneDrive\Documentos\Mestrado_Softwares\Braco_Codigos\Projeto_Robo_Completo_v1\Ident_elo_4\source" -I"C:\Users\davia\OneDrive\Documentos\Mestrado_Softwares\Braco_Codigos\Projeto_Robo_Completo_v1\Ident_elo_4" -I"C:\Users\davia\OneDrive\Documentos\Mestrado_Softwares\Braco_Codigos\Projeto_Robo_Completo_v1\Ident_elo_4\drivers" -I"C:\Users\davia\OneDrive\Documentos\Mestrado_Softwares\Braco_Codigos\Projeto_Robo_Completo_v1\Ident_elo_4\CMSIS" -I"C:\Users\davia\OneDrive\Documentos\Mestrado_Softwares\Braco_Codigos\Projeto_Robo_Completo_v1\Ident_elo_4\utilities" -I"C:\Users\davia\OneDrive\Documentos\Mestrado_Softwares\Braco_Codigos\Projeto_Robo_Completo_v1\Ident_elo_4\CMSIS_driver" -I"C:\Users\davia\OneDrive\Documentos\Mestrado_Softwares\Braco_Codigos\Projeto_Robo_Completo_v1\Ident_elo_4\startup" -O0 -fno-common -g3 -Wall -c -fmessage-length=0 -fno-builtin -ffunction-sections -fdata-sections -fmerge-constants -fmacro-prefix-map="../drivers/"=. -mcpu=cortex-m0plus -mthumb -D__REDLIB__ -fstack-usage -specs=redlib.specs -MMD -MP -MF"drivers/fsl_gpio.d" -MT"drivers/fsl_gpio.o" -MT"drivers/fsl_gpio.d" -o "drivers/fsl_gpio.o" "../drivers/fsl_gpio.c"
 
Invoking: MCU C Compiler
arm-none-eabi-gcc -D__REDLIB__ -DCPU_MKL25Z128VLK4 -DCPU_MKL25Z128VLK4_cm0plus -DSDK_OS_BAREMETAL -DFSL_RTOS_BM -DSDK_DEBUGCONSOLE=0 -DCR_INTEGER_PRINTF -DPRINTF_FLOAT_ENABLE=0 -D__MCUXPRESSO -D__USE_CMSIS -DDEBUG -I"C:\Users\davia\OneDrive\Documentos\Mestrado_Softwares\Braco_Codigos\Projeto_Robo_Completo_v1\Ident_elo_4\drivers" -I"C:\Users\davia\OneDrive\Documentos\Mestrado_Softwares\Braco_Codigos\Projeto_Robo_Completo_v1\Ident_elo_4\board" -I"C:\Users\davia\OneDrive\Documentos\Mestrado_Softwares\Braco_Codigos\Projeto_Robo_Completo_v1\Ident_elo_4\CMSIS_driver" -I"C:\Users\davia\OneDrive\Documentos\Mestrado_Softwares\Braco_Codigos\Projeto_Robo_Completo_v1\Ident_elo_4\CMSIS" -I"C:\Users\davia\OneDrive\Documentos\Mestrado_Softwares\Braco_Codigos\Projeto_Robo_Completo_v1\Ident_elo_4\utilities" -I"C:\Users\davia\OneDrive\Documentos\Mestrado_Softwares\Braco_Codigos\Projeto_Robo_Completo_v1\Ident_elo_4\board" -I"C:\Users\davia\OneDrive\Documentos\Mestrado_Softwares\Braco_Codigos\Projeto_Robo_Completo_v1\Ident_elo_4\source" -I"C:\Users\davia\OneDrive\Documentos\Mestrado_Softwares\Braco_Codigos\Projeto_Robo_Completo_v1\Ident_elo_4" -I"C:\Users\davia\OneDrive\Documentos\Mestrado_Softwares\Braco_Codigos\Projeto_Robo_Completo_v1\Ident_elo_4\drivers" -I"C:\Users\davia\OneDrive\Documentos\Mestrado_Softwares\Braco_Codigos\Projeto_Robo_Completo_v1\Ident_elo_4\CMSIS" -I"C:\Users\davia\OneDrive\Documentos\Mestrado_Softwares\Braco_Codigos\Projeto_Robo_Completo_v1\Ident_elo_4\utilities" -I"C:\Users\davia\OneDrive\Documentos\Mestrado_Softwares\Braco_Codigos\Projeto_Robo_Completo_v1\Ident_elo_4\CMSIS_driver" -I"C:\Users\davia\OneDrive\Documentos\Mestrado_Softwares\Braco_Codigos\Projeto_Robo_Completo_v1\Ident_elo_4\startup" -O0 -fno-common -g3 -Wall -c -fmessage-length=0 -fno-builtin -ffunction-sections -fdata-sections -fmerge-constants -fmacro-prefix-map="../drivers/"=. -mcpu=cortex-m0plus -mthumb -D__REDLIB__ -fstack-usage -specs=redlib.specs -MMD -MP -MF"drivers/fsl_i2c.d" -MT"drivers/fsl_i2c.o" -MT"drivers/fsl_i2c.d" -o "drivers/fsl_i2c.o" "../drivers/fsl_i2c.c"
Building file: ../drivers/fsl_i2c_dma.c
Invoking: MCU C Compiler
arm-none-eabi-gcc -D__REDLIB__ -DCPU_MKL25Z128VLK4 -DCPU_MKL25Z128VLK4_cm0plus -DSDK_OS_BAREMETAL -DFSL_RTOS_BM -DSDK_DEBUGCONSOLE=0 -DCR_INTEGER_PRINTF -DPRINTF_FLOAT_ENABLE=0 -D__MCUXPRESSO -D__USE_CMSIS -DDEBUG -I"C:\Users\davia\OneDrive\Documentos\Mestrado_Softwares\Braco_Codigos\Projeto_Robo_Completo_v1\Ident_elo_4\drivers" -I"C:\Users\davia\OneDrive\Documentos\Mestrado_Softwares\Braco_Codigos\Projeto_Robo_Completo_v1\Ident_elo_4\board" -I"C:\Users\davia\OneDrive\Documentos\Mestrado_Softwares\Braco_Codigos\Projeto_Robo_Completo_v1\Ident_elo_4\CMSIS_driver" -I"C:\Users\davia\OneDrive\Documentos\Mestrado_Softwares\Braco_Codigos\Projeto_Robo_Completo_v1\Ident_elo_4\CMSIS" -I"C:\Users\davia\OneDrive\Documentos\Mestrado_Softwares\Braco_Codigos\Projeto_Robo_Completo_v1\Ident_elo_4\utilities" -I"C:\Users\davia\OneDrive\Documentos\Mestrado_Softwares\Braco_Codigos\Projeto_Robo_Completo_v1\Ident_elo_4\board" -I"C:\Users\davia\OneDrive\Documentos\Mestrado_Softwares\Braco_Codigos\Projeto_Robo_Completo_v1\Ident_elo_4\source" -I"C:\Users\davia\OneDrive\Documentos\Mestrado_Softwares\Braco_Codigos\Projeto_Robo_Completo_v1\Ident_elo_4" -I"C:\Users\davia\OneDrive\Documentos\Mestrado_Softwares\Braco_Codigos\Projeto_Robo_Completo_v1\Ident_elo_4\drivers" -I"C:\Users\davia\OneDrive\Documentos\Mestrado_Softwares\Braco_Codigos\Projeto_Robo_Completo_v1\Ident_elo_4\CMSIS" -I"C:\Users\davia\OneDrive\Documentos\Mestrado_Softwares\Braco_Codigos\Projeto_Robo_Completo_v1\Ident_elo_4\utilities" -I"C:\Users\davia\OneDrive\Documentos\Mestrado_Softwares\Braco_Codigos\Projeto_Robo_Completo_v1\Ident_elo_4\CMSIS_driver" -I"C:\Users\davia\OneDrive\Documentos\Mestrado_Softwares\Braco_Codigos\Projeto_Robo_Completo_v1\Ident_elo_4\startup" -O0 -fno-common -g3 -Wall -c -fmessage-length=0 -fno-builtin -ffunction-sections -fdata-sections -fmerge-constants -fmacro-prefix-map="../drivers/"=. -mcpu=cortex-m0plus -mthumb -D__REDLIB__ -fstack-usage -specs=redlib.specs -MMD -MP -MF"drivers/fsl_i2c_dma.d" -MT"drivers/fsl_i2c_dma.o" -MT"drivers/fsl_i2c_dma.d" -o "drivers/fsl_i2c_dma.o" "../drivers/fsl_i2c_dma.c"
Building file: ../drivers/fsl_lpsci.c
Invoking: MCU C Compiler
arm-none-eabi-gcc -D__REDLIB__ -DCPU_MKL25Z128VLK4 -DCPU_MKL25Z128VLK4_cm0plus -DSDK_OS_BAREMETAL -DFSL_RTOS_BM -DSDK_DEBUGCONSOLE=0 -DCR_INTEGER_PRINTF -DPRINTF_FLOAT_ENABLE=0 -D__MCUXPRESSO -D__USE_CMSIS -DDEBUG -I"C:\Users\davia\OneDrive\Documentos\Mestrado_Softwares\Braco_Codigos\Projeto_Robo_Completo_v1\Ident_elo_4\drivers" -I"C:\Users\davia\OneDrive\Documentos\Mestrado_Softwares\Braco_Codigos\Projeto_Robo_Completo_v1\Ident_elo_4\board" -I"C:\Users\davia\OneDrive\Documentos\Mestrado_Softwares\Braco_Codigos\Projeto_Robo_Completo_v1\Ident_elo_4\CMSIS_driver" -I"C:\Users\davia\OneDrive\Documentos\Mestrado_Softwares\Braco_Codigos\Projeto_Robo_Completo_v1\Ident_elo_4\CMSIS" -I"C:\Users\davia\OneDrive\Documentos\Mestrado_Softwares\Braco_Codigos\Projeto_Robo_Completo_v1\Ident_elo_4\utilities" -I"C:\Users\davia\OneDrive\Documentos\Mestrado_Softwares\Braco_Codigos\Projeto_Robo_Completo_v1\Ident_elo_4\board" -I"C:\Users\davia\OneDrive\Documentos\Mestrado_Softwares\Braco_Codigos\Projeto_Robo_Completo_v1\Ident_elo_4\source" -I"C:\Users\davia\OneDrive\Documentos\Mestrado_Softwares\Braco_Codigos\Projeto_Robo_Completo_v1\Ident_elo_4" -I"C:\Users\davia\OneDrive\Documentos\Mestrado_Softwares\Braco_Codigos\Projeto_Robo_Completo_v1\Ident_elo_4\drivers" -I"C:\Users\davia\OneDrive\Documentos\Mestrado_Softwares\Braco_Codigos\Projeto_Robo_Completo_v1\Ident_elo_4\CMSIS" -I"C:\Users\davia\OneDrive\Documentos\Mestrado_Softwares\Braco_Codigos\Projeto_Robo_Completo_v1\Ident_elo_4\utilities" -I"C:\Users\davia\OneDrive\Documentos\Mestrado_Softwares\Braco_Codigos\Projeto_Robo_Completo_v1\Ident_elo_4\CMSIS_driver" -I"C:\Users\davia\OneDrive\Documentos\Mestrado_Softwares\Braco_Codigos\Projeto_Robo_Completo_v1\Ident_elo_4\startup" -O0 -fno-common -g3 -Wall -c -fmessage-length=0 -fno-builtin -ffunction-sections -fdata-sections -fmerge-constants -fmacro-prefix-map="../drivers/"=. -mcpu=cortex-m0plus -mthumb -D__REDLIB__ -fstack-usage -specs=redlib.specs -MMD -MP -MF"drivers/fsl_lpsci.d" -MT"drivers/fsl_lpsci.o" -MT"drivers/fsl_lpsci.d" -o "drivers/fsl_lpsci.o" "../drivers/fsl_lpsci.c"
Finished building: ../drivers/fsl_gpio.c
 
Building file: ../drivers/fsl_lpsci_dma.c
Invoking: MCU C Compiler
arm-none-eabi-gcc -D__REDLIB__ -DCPU_MKL25Z128VLK4 -DCPU_MKL25Z128VLK4_cm0plus -DSDK_OS_BAREMETAL -DFSL_RTOS_BM -DSDK_DEBUGCONSOLE=0 -DCR_INTEGER_PRINTF -DPRINTF_FLOAT_ENABLE=0 -D__MCUXPRESSO -D__USE_CMSIS -DDEBUG -I"C:\Users\davia\OneDrive\Documentos\Mestrado_Softwares\Braco_Codigos\Projeto_Robo_Completo_v1\Ident_elo_4\drivers" -I"C:\Users\davia\OneDrive\Documentos\Mestrado_Softwares\Braco_Codigos\Projeto_Robo_Completo_v1\Ident_elo_4\board" -I"C:\Users\davia\OneDrive\Documentos\Mestrado_Softwares\Braco_Codigos\Projeto_Robo_Completo_v1\Ident_elo_4\CMSIS_driver" -I"C:\Users\davia\OneDrive\Documentos\Mestrado_Softwares\Braco_Codigos\Projeto_Robo_Completo_v1\Ident_elo_4\CMSIS" -I"C:\Users\davia\OneDrive\Documentos\Mestrado_Softwares\Braco_Codigos\Projeto_Robo_Completo_v1\Ident_elo_4\utilities" -I"C:\Users\davia\OneDrive\Documentos\Mestrado_Softwares\Braco_Codigos\Projeto_Robo_Completo_v1\Ident_elo_4\board" -I"C:\Users\davia\OneDrive\Documentos\Mestrado_Softwares\Braco_Codigos\Projeto_Robo_Completo_v1\Ident_elo_4\source" -I"C:\Users\davia\OneDrive\Documentos\Mestrado_Softwares\Braco_Codigos\Projeto_Robo_Completo_v1\Ident_elo_4" -I"C:\Users\davia\OneDrive\Documentos\Mestrado_Softwares\Braco_Codigos\Projeto_Robo_Completo_v1\Ident_elo_4\drivers" -I"C:\Users\davia\OneDrive\Documentos\Mestrado_Softwares\Braco_Codigos\Projeto_Robo_Completo_v1\Ident_elo_4\CMSIS" -I"C:\Users\davia\OneDrive\Documentos\Mestrado_Softwares\Braco_Codigos\Projeto_Robo_Completo_v1\Ident_elo_4\utilities" -I"C:\Users\davia\OneDrive\Documentos\Mestrado_Softwares\Braco_Codigos\Projeto_Robo_Completo_v1\Ident_elo_4\CMSIS_driver" -I"C:\Users\davia\OneDrive\Documentos\Mestrado_Softwares\Braco_Codigos\Projeto_Robo_Completo_v1\Ident_elo_4\startup" -O0 -fno-common -g3 -Wall -c -fmessage-length=0 -fno-builtin -ffunction-sections -fdata-sections -fmerge-constants -fmacro-prefix-map="../drivers/"=. -mcpu=cortex-m0plus -mthumb -D__REDLIB__ -fstack-usage -specs=redlib.specs -MMD -MP -MF"drivers/fsl_lpsci_dma.d" -MT"drivers/fsl_lpsci_dma.o" -MT"drivers/fsl_lpsci_dma.d" -o "drivers/fsl_lpsci_dma.o" "../drivers/fsl_lpsci_dma.c"
Finished building: ../drivers/fsl_i2c.c
Finished building: ../drivers/fsl_i2c_dma.c
 
 
Building file: ../drivers/fsl_pit.c
Building file: ../drivers/fsl_smc.c
Finished building: ../drivers/fsl_lpsci.c
Invoking: MCU C Compiler
Invoking: MCU C Compiler
arm-none-eabi-gcc -D__REDLIB__ -DCPU_MKL25Z128VLK4 -DCPU_MKL25Z128VLK4_cm0plus -DSDK_OS_BAREMETAL -DFSL_RTOS_BM -DSDK_DEBUGCONSOLE=0 -DCR_INTEGER_PRINTF -DPRINTF_FLOAT_ENABLE=0 -D__MCUXPRESSO -D__USE_CMSIS -DDEBUG -I"C:\Users\davia\OneDrive\Documentos\Mestrado_Softwares\Braco_Codigos\Projeto_Robo_Completo_v1\Ident_elo_4\drivers" -I"C:\Users\davia\OneDrive\Documentos\Mestrado_Softwares\Braco_Codigos\Projeto_Robo_Completo_v1\Ident_elo_4\board" -I"C:\Users\davia\OneDrive\Documentos\Mestrado_Softwares\Braco_Codigos\Projeto_Robo_Completo_v1\Ident_elo_4\CMSIS_driver" -I"C:\Users\davia\OneDrive\Documentos\Mestrado_Softwares\Braco_Codigos\Projeto_Robo_Completo_v1\Ident_elo_4\CMSIS" -I"C:\Users\davia\OneDrive\Documentos\Mestrado_Softwares\Braco_Codigos\Projeto_Robo_Completo_v1\Ident_elo_4\utilities" -I"C:\Users\davia\OneDrive\Documentos\Mestrado_Softwares\Braco_Codigos\Projeto_Robo_Completo_v1\Ident_elo_4\board" -I"C:\Users\davia\OneDrive\Documentos\Mestrado_Softwares\Braco_Codigos\Projeto_Robo_Completo_v1\Ident_elo_4\source" -I"C:\Users\davia\OneDrive\Documentos\Mestrado_Softwares\Braco_Codigos\Projeto_Robo_Completo_v1\Ident_elo_4" -I"C:\Users\davia\OneDrive\Documentos\Mestrado_Softwares\Braco_Codigos\Projeto_Robo_Completo_v1\Ident_elo_4\drivers" -I"C:\Users\davia\OneDrive\Documentos\Mestrado_Softwares\Braco_Codigos\Projeto_Robo_Completo_v1\Ident_elo_4\CMSIS" -I"C:\Users\davia\OneDrive\Documentos\Mestrado_Softwares\Braco_Codigos\Projeto_Robo_Completo_v1\Ident_elo_4\utilities" -I"C:\Users\davia\OneDrive\Documentos\Mestrado_Softwares\Braco_Codigos\Projeto_Robo_Completo_v1\Ident_elo_4\CMSIS_driver" -I"C:\Users\davia\OneDrive\Documentos\Mestrado_Softwares\Braco_Codigos\Projeto_Robo_Completo_v1\Ident_elo_4\startup" -O0 -fno-common -g3 -Wall -c -fmessage-length=0 -fno-builtin -ffunction-sections -fdata-sections -fmerge-constants -fmacro-prefix-map="../drivers/"=. -mcpu=cortex-m0plus -mthumb -D__REDLIB__ -fstack-usage -specs=redlib.specs -MMD -MP -MF"drivers/fsl_pit.d" -MT"drivers/fsl_pit.o" -MT"drivers/fsl_pit.d" -o "drivers/fsl_pit.o" "../drivers/fsl_pit.c"
 
arm-none-eabi-gcc -D__REDLIB__ -DCPU_MKL25Z128VLK4 -DCPU_MKL25Z128VLK4_cm0plus -DSDK_OS_BAREMETAL -DFSL_RTOS_BM -DSDK_DEBUGCONSOLE=0 -DCR_INTEGER_PRINTF -DPRINTF_FLOAT_ENABLE=0 -D__MCUXPRESSO -D__USE_CMSIS -DDEBUG -I"C:\Users\davia\OneDrive\Documentos\Mestrado_Softwares\Braco_Codigos\Projeto_Robo_Completo_v1\Ident_elo_4\drivers" -I"C:\Users\davia\OneDrive\Documentos\Mestrado_Softwares\Braco_Codigos\Projeto_Robo_Completo_v1\Ident_elo_4\board" -I"C:\Users\davia\OneDrive\Documentos\Mestrado_Softwares\Braco_Codigos\Projeto_Robo_Completo_v1\Ident_elo_4\CMSIS_driver" -I"C:\Users\davia\OneDrive\Documentos\Mestrado_Softwares\Braco_Codigos\Projeto_Robo_Completo_v1\Ident_elo_4\CMSIS" -I"C:\Users\davia\OneDrive\Documentos\Mestrado_Softwares\Braco_Codigos\Projeto_Robo_Completo_v1\Ident_elo_4\utilities" -I"C:\Users\davia\OneDrive\Documentos\Mestrado_Softwares\Braco_Codigos\Projeto_Robo_Completo_v1\Ident_elo_4\board" -I"C:\Users\davia\OneDrive\Documentos\Mestrado_Softwares\Braco_Codigos\Projeto_Robo_Completo_v1\Ident_elo_4\source" -I"C:\Users\davia\OneDrive\Documentos\Mestrado_Softwares\Braco_Codigos\Projeto_Robo_Completo_v1\Ident_elo_4" -I"C:\Users\davia\OneDrive\Documentos\Mestrado_Softwares\Braco_Codigos\Projeto_Robo_Completo_v1\Ident_elo_4\drivers" -I"C:\Users\davia\OneDrive\Documentos\Mestrado_Softwares\Braco_Codigos\Projeto_Robo_Completo_v1\Ident_elo_4\CMSIS" -I"C:\Users\davia\OneDrive\Documentos\Mestrado_Softwares\Braco_Codigos\Projeto_Robo_Completo_v1\Ident_elo_4\utilities" -I"C:\Users\davia\OneDrive\Documentos\Mestrado_Softwares\Braco_Codigos\Projeto_Robo_Completo_v1\Ident_elo_4\CMSIS_driver" -I"C:\Users\davia\OneDrive\Documentos\Mestrado_Softwares\Braco_Codigos\Projeto_Robo_Completo_v1\Ident_elo_4\startup" -O0 -fno-common -g3 -Wall -c -fmessage-length=0 -fno-builtin -ffunction-sections -fdata-sections -fmerge-constants -fmacro-prefix-map="../drivers/"=. -mcpu=cortex-m0plus -mthumb -D__REDLIB__ -fstack-usage -specs=redlib.specs -MMD -MP -MF"drivers/fsl_smc.d" -MT"drivers/fsl_smc.o" -MT"drivers/fsl_smc.d" -o "drivers/fsl_smc.o" "../drivers/fsl_smc.c"
Building file: ../drivers/fsl_tpm.c
Invoking: MCU C Compiler
arm-none-eabi-gcc -D__REDLIB__ -DCPU_MKL25Z128VLK4 -DCPU_MKL25Z128VLK4_cm0plus -DSDK_OS_BAREMETAL -DFSL_RTOS_BM -DSDK_DEBUGCONSOLE=0 -DCR_INTEGER_PRINTF -DPRINTF_FLOAT_ENABLE=0 -D__MCUXPRESSO -D__USE_CMSIS -DDEBUG -I"C:\Users\davia\OneDrive\Documentos\Mestrado_Softwares\Braco_Codigos\Projeto_Robo_Completo_v1\Ident_elo_4\drivers" -I"C:\Users\davia\OneDrive\Documentos\Mestrado_Softwares\Braco_Codigos\Projeto_Robo_Completo_v1\Ident_elo_4\board" -I"C:\Users\davia\OneDrive\Documentos\Mestrado_Softwares\Braco_Codigos\Projeto_Robo_Completo_v1\Ident_elo_4\CMSIS_driver" -I"C:\Users\davia\OneDrive\Documentos\Mestrado_Softwares\Braco_Codigos\Projeto_Robo_Completo_v1\Ident_elo_4\CMSIS" -I"C:\Users\davia\OneDrive\Documentos\Mestrado_Softwares\Braco_Codigos\Projeto_Robo_Completo_v1\Ident_elo_4\utilities" -I"C:\Users\davia\OneDrive\Documentos\Mestrado_Softwares\Braco_Codigos\Projeto_Robo_Completo_v1\Ident_elo_4\board" -I"C:\Users\davia\OneDrive\Documentos\Mestrado_Softwares\Braco_Codigos\Projeto_Robo_Completo_v1\Ident_elo_4\source" -I"C:\Users\davia\OneDrive\Documentos\Mestrado_Softwares\Braco_Codigos\Projeto_Robo_Completo_v1\Ident_elo_4" -I"C:\Users\davia\OneDrive\Documentos\Mestrado_Softwares\Braco_Codigos\Projeto_Robo_Completo_v1\Ident_elo_4\drivers" -I"C:\Users\davia\OneDrive\Documentos\Mestrado_Softwares\Braco_Codigos\Projeto_Robo_Completo_v1\Ident_elo_4\CMSIS" -I"C:\Users\davia\OneDrive\Documentos\Mestrado_Softwares\Braco_Codigos\Projeto_Robo_Completo_v1\Ident_elo_4\utilities" -I"C:\Users\davia\OneDrive\Documentos\Mestrado_Softwares\Braco_Codigos\Projeto_Robo_Completo_v1\Ident_elo_4\CMSIS_driver" -I"C:\Users\davia\OneDrive\Documentos\Mestrado_Softwares\Braco_Codigos\Projeto_Robo_Completo_v1\Ident_elo_4\startup" -O0 -fno-common -g3 -Wall -c -fmessage-length=0 -fno-builtin -ffunction-sections -fdata-sections -fmerge-constants -fmacro-prefix-map="../drivers/"=. -mcpu=cortex-m0plus -mthumb -D__REDLIB__ -fstack-usage -specs=redlib.specs -MMD -MP -MF"drivers/fsl_tpm.d" -MT"drivers/fsl_tpm.o" -MT"drivers/fsl_tpm.d" -o "drivers/fsl_tpm.o" "../drivers/fsl_tpm.c"
Finished building: ../drivers/fsl_lpsci_dma.c
 
Building file: ../drivers/fsl_uart.c
Invoking: MCU C Compiler
arm-none-eabi-gcc -D__REDLIB__ -DCPU_MKL25Z128VLK4 -DCPU_MKL25Z128VLK4_cm0plus -DSDK_OS_BAREMETAL -DFSL_RTOS_BM -DSDK_DEBUGCONSOLE=0 -DCR_INTEGER_PRINTF -DPRINTF_FLOAT_ENABLE=0 -D__MCUXPRESSO -D__USE_CMSIS -DDEBUG -I"C:\Users\davia\OneDrive\Documentos\Mestrado_Softwares\Braco_Codigos\Projeto_Robo_Completo_v1\Ident_elo_4\drivers" -I"C:\Users\davia\OneDrive\Documentos\Mestrado_Softwares\Braco_Codigos\Projeto_Robo_Completo_v1\Ident_elo_4\board" -I"C:\Users\davia\OneDrive\Documentos\Mestrado_Softwares\Braco_Codigos\Projeto_Robo_Completo_v1\Ident_elo_4\CMSIS_driver" -I"C:\Users\davia\OneDrive\Documentos\Mestrado_Softwares\Braco_Codigos\Projeto_Robo_Completo_v1\Ident_elo_4\CMSIS" -I"C:\Users\davia\OneDrive\Documentos\Mestrado_Softwares\Braco_Codigos\Projeto_Robo_Completo_v1\Ident_elo_4\utilities" -I"C:\Users\davia\OneDrive\Documentos\Mestrado_Softwares\Braco_Codigos\Projeto_Robo_Completo_v1\Ident_elo_4\board" -I"C:\Users\davia\OneDrive\Documentos\Mestrado_Softwares\Braco_Codigos\Projeto_Robo_Completo_v1\Ident_elo_4\source" -I"C:\Users\davia\OneDrive\Documentos\Mestrado_Softwares\Braco_Codigos\Projeto_Robo_Completo_v1\Ident_elo_4" -I"C:\Users\davia\OneDrive\Documentos\Mestrado_Softwares\Braco_Codigos\Projeto_Robo_Completo_v1\Ident_elo_4\drivers" -I"C:\Users\davia\OneDrive\Documentos\Mestrado_Softwares\Braco_Codigos\Projeto_Robo_Completo_v1\Ident_elo_4\CMSIS" -I"C:\Users\davia\OneDrive\Documentos\Mestrado_Softwares\Braco_Codigos\Projeto_Robo_Completo_v1\Ident_elo_4\utilities" -I"C:\Users\davia\OneDrive\Documentos\Mestrado_Softwares\Braco_Codigos\Projeto_Robo_Completo_v1\Ident_elo_4\CMSIS_driver" -I"C:\Users\davia\OneDrive\Documentos\Mestrado_Softwares\Braco_Codigos\Projeto_Robo_Completo_v1\Ident_elo_4\startup" -O0 -fno-common -g3 -Wall -c -fmessage-length=0 -fno-builtin -ffunction-sections -fdata-sections -fmerge-constants -fmacro-prefix-map="../drivers/"=. -mcpu=cortex-m0plus -mthumb -D__REDLIB__ -fstack-usage -specs=redlib.specs -MMD -MP -MF"drivers/fsl_uart.d" -MT"drivers/fsl_uart.o" -MT"drivers/fsl_uart.d" -o "drivers/fsl_uart.o" "../drivers/fsl_uart.c"
Finished building: ../drivers/fsl_pit.c
 
Finished building: ../drivers/fsl_smc.c
Building file: ../drivers/fsl_uart_dma.c
 
Invoking: MCU C Compiler
arm-none-eabi-gcc -D__REDLIB__ -DCPU_MKL25Z128VLK4 -DCPU_MKL25Z128VLK4_cm0plus -DSDK_OS_BAREMETAL -DFSL_RTOS_BM -DSDK_DEBUGCONSOLE=0 -DCR_INTEGER_PRINTF -DPRINTF_FLOAT_ENABLE=0 -D__MCUXPRESSO -D__USE_CMSIS -DDEBUG -I"C:\Users\davia\OneDrive\Documentos\Mestrado_Softwares\Braco_Codigos\Projeto_Robo_Completo_v1\Ident_elo_4\drivers" -I"C:\Users\davia\OneDrive\Documentos\Mestrado_Softwares\Braco_Codigos\Projeto_Robo_Completo_v1\Ident_elo_4\board" -I"C:\Users\davia\OneDrive\Documentos\Mestrado_Softwares\Braco_Codigos\Projeto_Robo_Completo_v1\Ident_elo_4\CMSIS_driver" -I"C:\Users\davia\OneDrive\Documentos\Mestrado_Softwares\Braco_Codigos\Projeto_Robo_Completo_v1\Ident_elo_4\CMSIS" -I"C:\Users\davia\OneDrive\Documentos\Mestrado_Softwares\Braco_Codigos\Projeto_Robo_Completo_v1\Ident_elo_4\utilities" -I"C:\Users\davia\OneDrive\Documentos\Mestrado_Softwares\Braco_Codigos\Projeto_Robo_Completo_v1\Ident_elo_4\board" -I"C:\Users\davia\OneDrive\Documentos\Mestrado_Softwares\Braco_Codigos\Projeto_Robo_Completo_v1\Ident_elo_4\source" -I"C:\Users\davia\OneDrive\Documentos\Mestrado_Softwares\Braco_Codigos\Projeto_Robo_Completo_v1\Ident_elo_4" -I"C:\Users\davia\OneDrive\Documentos\Mestrado_Softwares\Braco_Codigos\Projeto_Robo_Completo_v1\Ident_elo_4\drivers" -I"C:\Users\davia\OneDrive\Documentos\Mestrado_Softwares\Braco_Codigos\Projeto_Robo_Completo_v1\Ident_elo_4\CMSIS" -I"C:\Users\davia\OneDrive\Documentos\Mestrado_Softwares\Braco_Codigos\Projeto_Robo_Completo_v1\Ident_elo_4\utilities" -I"C:\Users\davia\OneDrive\Documentos\Mestrado_Softwares\Braco_Codigos\Projeto_Robo_Completo_v1\Ident_elo_4\CMSIS_driver" -I"C:\Users\davia\OneDrive\Documentos\Mestrado_Softwares\Braco_Codigos\Projeto_Robo_Completo_v1\Ident_elo_4\startup" -O0 -fno-common -g3 -Wall -c -fmessage-length=0 -fno-builtin -ffunction-sections -fdata-sections -fmerge-constants -fmacro-prefix-map="../drivers/"=. -mcpu=cortex-m0plus -mthumb -D__REDLIB__ -fstack-usage -specs=redlib.specs -MMD -MP -MF"drivers/fsl_uart_dma.d" -MT"drivers/fsl_uart_dma.o" -MT"drivers/fsl_uart_dma.d" -o "drivers/fsl_uart_dma.o" "../drivers/fsl_uart_dma.c"
Building file: ../board/board.c
Finished building: ../drivers/fsl_tpm.c
Invoking: MCU C Compiler
arm-none-eabi-gcc -D__REDLIB__ -DCPU_MKL25Z128VLK4 -DCPU_MKL25Z128VLK4_cm0plus -DSDK_OS_BAREMETAL -DFSL_RTOS_BM -DSDK_DEBUGCONSOLE=0 -DCR_INTEGER_PRINTF -DPRINTF_FLOAT_ENABLE=0 -D__MCUXPRESSO -D__USE_CMSIS -DDEBUG -I"C:\Users\davia\OneDrive\Documentos\Mestrado_Softwares\Braco_Codigos\Projeto_Robo_Completo_v1\Ident_elo_4\drivers" -I"C:\Users\davia\OneDrive\Documentos\Mestrado_Softwares\Braco_Codigos\Projeto_Robo_Completo_v1\Ident_elo_4\board" -I"C:\Users\davia\OneDrive\Documentos\Mestrado_Softwares\Braco_Codigos\Projeto_Robo_Completo_v1\Ident_elo_4\CMSIS_driver" -I"C:\Users\davia\OneDrive\Documentos\Mestrado_Softwares\Braco_Codigos\Projeto_Robo_Completo_v1\Ident_elo_4\CMSIS" -I"C:\Users\davia\OneDrive\Documentos\Mestrado_Softwares\Braco_Codigos\Projeto_Robo_Completo_v1\Ident_elo_4\utilities" -I"C:\Users\davia\OneDrive\Documentos\Mestrado_Softwares\Braco_Codigos\Projeto_Robo_Completo_v1\Ident_elo_4\board" -I"C:\Users\davia\OneDrive\Documentos\Mestrado_Softwares\Braco_Codigos\Projeto_Robo_Completo_v1\Ident_elo_4\source" -I"C:\Users\davia\OneDrive\Documentos\Mestrado_Softwares\Braco_Codigos\Projeto_Robo_Completo_v1\Ident_elo_4" -I"C:\Users\davia\OneDrive\Documentos\Mestrado_Softwares\Braco_Codigos\Projeto_Robo_Completo_v1\Ident_elo_4\drivers" -I"C:\Users\davia\OneDrive\Documentos\Mestrado_Softwares\Braco_Codigos\Projeto_Robo_Completo_v1\Ident_elo_4\CMSIS" -I"C:\Users\davia\OneDrive\Documentos\Mestrado_Softwares\Braco_Codigos\Projeto_Robo_Completo_v1\Ident_elo_4\utilities" -I"C:\Users\davia\OneDrive\Documentos\Mestrado_Softwares\Braco_Codigos\Projeto_Robo_Completo_v1\Ident_elo_4\CMSIS_driver" -I"C:\Users\davia\OneDrive\Documentos\Mestrado_Softwares\Braco_Codigos\Projeto_Robo_Completo_v1\Ident_elo_4\startup" -O0 -fno-common -g3 -Wall -c -fmessage-length=0 -fno-builtin -ffunction-sections -fdata-sections -fmerge-constants -fmacro-prefix-map="../board/"=. -mcpu=cortex-m0plus -mthumb -D__REDLIB__ -fstack-usage -specs=redlib.specs -MMD -MP -MF"board/board.d" -MT"board/board.o" -MT"board/board.d" -o "board/board.o" "../board/board.c"
 
Building file: ../board/clock_config.c
Invoking: MCU C Compiler
arm-none-eabi-gcc -D__REDLIB__ -DCPU_MKL25Z128VLK4 -DCPU_MKL25Z128VLK4_cm0plus -DSDK_OS_BAREMETAL -DFSL_RTOS_BM -DSDK_DEBUGCONSOLE=0 -DCR_INTEGER_PRINTF -DPRINTF_FLOAT_ENABLE=0 -D__MCUXPRESSO -D__USE_CMSIS -DDEBUG -I"C:\Users\davia\OneDrive\Documentos\Mestrado_Softwares\Braco_Codigos\Projeto_Robo_Completo_v1\Ident_elo_4\drivers" -I"C:\Users\davia\OneDrive\Documentos\Mestrado_Softwares\Braco_Codigos\Projeto_Robo_Completo_v1\Ident_elo_4\board" -I"C:\Users\davia\OneDrive\Documentos\Mestrado_Softwares\Braco_Codigos\Projeto_Robo_Completo_v1\Ident_elo_4\CMSIS_driver" -I"C:\Users\davia\OneDrive\Documentos\Mestrado_Softwares\Braco_Codigos\Projeto_Robo_Completo_v1\Ident_elo_4\CMSIS" -I"C:\Users\davia\OneDrive\Documentos\Mestrado_Softwares\Braco_Codigos\Projeto_Robo_Completo_v1\Ident_elo_4\utilities" -I"C:\Users\davia\OneDrive\Documentos\Mestrado_Softwares\Braco_Codigos\Projeto_Robo_Completo_v1\Ident_elo_4\board" -I"C:\Users\davia\OneDrive\Documentos\Mestrado_Softwares\Braco_Codigos\Projeto_Robo_Completo_v1\Ident_elo_4\source" -I"C:\Users\davia\OneDrive\Documentos\Mestrado_Softwares\Braco_Codigos\Projeto_Robo_Completo_v1\Ident_elo_4" -I"C:\Users\davia\OneDrive\Documentos\Mestrado_Softwares\Braco_Codigos\Projeto_Robo_Completo_v1\Ident_elo_4\drivers" -I"C:\Users\davia\OneDrive\Documentos\Mestrado_Softwares\Braco_Codigos\Projeto_Robo_Completo_v1\Ident_elo_4\CMSIS" -I"C:\Users\davia\OneDrive\Documentos\Mestrado_Softwares\Braco_Codigos\Projeto_Robo_Completo_v1\Ident_elo_4\utilities" -I"C:\Users\davia\OneDrive\Documentos\Mestrado_Softwares\Braco_Codigos\Projeto_Robo_Completo_v1\Ident_elo_4\CMSIS_driver" -I"C:\Users\davia\OneDrive\Documentos\Mestrado_Softwares\Braco_Codigos\Projeto_Robo_Completo_v1\Ident_elo_4\startup" -O0 -fno-common -g3 -Wall -c -fmessage-length=0 -fno-builtin -ffunction-sections -fdata-sections -fmerge-constants -fmacro-prefix-map="../board/"=. -mcpu=cortex-m0plus -mthumb -D__REDLIB__ -fstack-usage -specs=redlib.specs -MMD -MP -MF"board/clock_config.d" -MT"board/clock_config.o" -MT"board/clock_config.d" -o "board/clock_config.o" "../board/clock_config.c"
Finished building: ../drivers/fsl_uart.c
 
Building file: ../board/peripherals.c
Invoking: MCU C Compiler
arm-none-eabi-gcc -D__REDLIB__ -DCPU_MKL25Z128VLK4 -DCPU_MKL25Z128VLK4_cm0plus -DSDK_OS_BAREMETAL -DFSL_RTOS_BM -DSDK_DEBUGCONSOLE=0 -DCR_INTEGER_PRINTF -DPRINTF_FLOAT_ENABLE=0 -D__MCUXPRESSO -D__USE_CMSIS -DDEBUG -I"C:\Users\davia\OneDrive\Documentos\Mestrado_Softwares\Braco_Codigos\Projeto_Robo_Completo_v1\Ident_elo_4\drivers" -I"C:\Users\davia\OneDrive\Documentos\Mestrado_Softwares\Braco_Codigos\Projeto_Robo_Completo_v1\Ident_elo_4\board" -I"C:\Users\davia\OneDrive\Documentos\Mestrado_Softwares\Braco_Codigos\Projeto_Robo_Completo_v1\Ident_elo_4\CMSIS_driver" -I"C:\Users\davia\OneDrive\Documentos\Mestrado_Softwares\Braco_Codigos\Projeto_Robo_Completo_v1\Ident_elo_4\CMSIS" -I"C:\Users\davia\OneDrive\Documentos\Mestrado_Softwares\Braco_Codigos\Projeto_Robo_Completo_v1\Ident_elo_4\utilities" -I"C:\Users\davia\OneDrive\Documentos\Mestrado_Softwares\Braco_Codigos\Projeto_Robo_Completo_v1\Ident_elo_4\board" -I"C:\Users\davia\OneDrive\Documentos\Mestrado_Softwares\Braco_Codigos\Projeto_Robo_Completo_v1\Ident_elo_4\source" -I"C:\Users\davia\OneDrive\Documentos\Mestrado_Softwares\Braco_Codigos\Projeto_Robo_Completo_v1\Ident_elo_4" -I"C:\Users\davia\OneDrive\Documentos\Mestrado_Softwares\Braco_Codigos\Projeto_Robo_Completo_v1\Ident_elo_4\drivers" -I"C:\Users\davia\OneDrive\Documentos\Mestrado_Softwares\Braco_Codigos\Projeto_Robo_Completo_v1\Ident_elo_4\CMSIS" -I"C:\Users\davia\OneDrive\Documentos\Mestrado_Softwares\Braco_Codigos\Projeto_Robo_Completo_v1\Ident_elo_4\utilities" -I"C:\Users\davia\OneDrive\Documentos\Mestrado_Softwares\Braco_Codigos\Projeto_Robo_Completo_v1\Ident_elo_4\CMSIS_driver" -I"C:\Users\davia\OneDrive\Documentos\Mestrado_Softwares\Braco_Codigos\Projeto_Robo_Completo_v1\Ident_elo_4\startup" -O0 -fno-common -g3 -Wall -c -fmessage-length=0 -fno-builtin -ffunction-sections -fdata-sections -fmerge-constants -fmacro-prefix-map="../board/"=. -mcpu=cortex-m0plus -mthumb -D__REDLIB__ -fstack-usage -specs=redlib.specs -MMD -MP -MF"board/peripherals.d" -MT"board/peripherals.o" -MT"board/peripherals.d" -o "board/peripherals.o" "../board/peripherals.c"
Finished building: ../drivers/fsl_uart_dma.c
 
Finished building: ../board/board.c
Building file: ../board/pin_mux.c
 
Invoking: MCU C Compiler
arm-none-eabi-gcc -D__REDLIB__ -DCPU_MKL25Z128VLK4 -DCPU_MKL25Z128VLK4_cm0plus -DSDK_OS_BAREMETAL -DFSL_RTOS_BM -DSDK_DEBUGCONSOLE=0 -DCR_INTEGER_PRINTF -DPRINTF_FLOAT_ENABLE=0 -D__MCUXPRESSO -D__USE_CMSIS -DDEBUG -I"C:\Users\davia\OneDrive\Documentos\Mestrado_Softwares\Braco_Codigos\Projeto_Robo_Completo_v1\Ident_elo_4\drivers" -I"C:\Users\davia\OneDrive\Documentos\Mestrado_Softwares\Braco_Codigos\Projeto_Robo_Completo_v1\Ident_elo_4\board" -I"C:\Users\davia\OneDrive\Documentos\Mestrado_Softwares\Braco_Codigos\Projeto_Robo_Completo_v1\Ident_elo_4\CMSIS_driver" -I"C:\Users\davia\OneDrive\Documentos\Mestrado_Softwares\Braco_Codigos\Projeto_Robo_Completo_v1\Ident_elo_4\CMSIS" -I"C:\Users\davia\OneDrive\Documentos\Mestrado_Softwares\Braco_Codigos\Projeto_Robo_Completo_v1\Ident_elo_4\utilities" -I"C:\Users\davia\OneDrive\Documentos\Mestrado_Softwares\Braco_Codigos\Projeto_Robo_Completo_v1\Ident_elo_4\board" -I"C:\Users\davia\OneDrive\Documentos\Mestrado_Softwares\Braco_Codigos\Projeto_Robo_Completo_v1\Ident_elo_4\source" -I"C:\Users\davia\OneDrive\Documentos\Mestrado_Softwares\Braco_Codigos\Projeto_Robo_Completo_v1\Ident_elo_4" -I"C:\Users\davia\OneDrive\Documentos\Mestrado_Softwares\Braco_Codigos\Projeto_Robo_Completo_v1\Ident_elo_4\drivers" -I"C:\Users\davia\OneDrive\Documentos\Mestrado_Softwares\Braco_Codigos\Projeto_Robo_Completo_v1\Ident_elo_4\CMSIS" -I"C:\Users\davia\OneDrive\Documentos\Mestrado_Softwares\Braco_Codigos\Projeto_Robo_Completo_v1\Ident_elo_4\utilities" -I"C:\Users\davia\OneDrive\Documentos\Mestrado_Softwares\Braco_Codigos\Projeto_Robo_Completo_v1\Ident_elo_4\CMSIS_driver" -I"C:\Users\davia\OneDrive\Documentos\Mestrado_Softwares\Braco_Codigos\Projeto_Robo_Completo_v1\Ident_elo_4\startup" -O0 -fno-common -g3 -Wall -c -fmessage-length=0 -fno-builtin -ffunction-sections -fdata-sections -fmerge-constants -fmacro-prefix-map="../board/"=. -mcpu=cortex-m0plus -mthumb -D__REDLIB__ -fstack-usage -specs=redlib.specs -MMD -MP -MF"board/pin_mux.d" -MT"board/pin_mux.o" -MT"board/pin_mux.d" -o "board/pin_mux.o" "../board/pin_mux.c"
Building file: ../CMSIS_driver/fsl_i2c_cmsis.c
Finished building: ../board/clock_config.c
Invoking: MCU C Compiler
arm-none-eabi-gcc -D__REDLIB__ -DCPU_MKL25Z128VLK4 -DCPU_MKL25Z128VLK4_cm0plus -DSDK_OS_BAREMETAL -DFSL_RTOS_BM -DSDK_DEBUGCONSOLE=0 -DCR_INTEGER_PRINTF -DPRINTF_FLOAT_ENABLE=0 -D__MCUXPRESSO -D__USE_CMSIS -DDEBUG -I"C:\Users\davia\OneDrive\Documentos\Mestrado_Softwares\Braco_Codigos\Projeto_Robo_Completo_v1\Ident_elo_4\drivers" -I"C:\Users\davia\OneDrive\Documentos\Mestrado_Softwares\Braco_Codigos\Projeto_Robo_Completo_v1\Ident_elo_4\board" -I"C:\Users\davia\OneDrive\Documentos\Mestrado_Softwares\Braco_Codigos\Projeto_Robo_Completo_v1\Ident_elo_4\CMSIS_driver" -I"C:\Users\davia\OneDrive\Documentos\Mestrado_Softwares\Braco_Codigos\Projeto_Robo_Completo_v1\Ident_elo_4\CMSIS" -I"C:\Users\davia\OneDrive\Documentos\Mestrado_Softwares\Braco_Codigos\Projeto_Robo_Completo_v1\Ident_elo_4\utilities" -I"C:\Users\davia\OneDrive\Documentos\Mestrado_Softwares\Braco_Codigos\Projeto_Robo_Completo_v1\Ident_elo_4\board" -I"C:\Users\davia\OneDrive\Documentos\Mestrado_Softwares\Braco_Codigos\Projeto_Robo_Completo_v1\Ident_elo_4\source" -I"C:\Users\davia\OneDrive\Documentos\Mestrado_Softwares\Braco_Codigos\Projeto_Robo_Completo_v1\Ident_elo_4" -I"C:\Users\davia\OneDrive\Documentos\Mestrado_Softwares\Braco_Codigos\Projeto_Robo_Completo_v1\Ident_elo_4\drivers" -I"C:\Users\davia\OneDrive\Documentos\Mestrado_Softwares\Braco_Codigos\Projeto_Robo_Completo_v1\Ident_elo_4\CMSIS" -I"C:\Users\davia\OneDrive\Documentos\Mestrado_Softwares\Braco_Codigos\Projeto_Robo_Completo_v1\Ident_elo_4\utilities" -I"C:\Users\davia\OneDrive\Documentos\Mestrado_Softwares\Braco_Codigos\Projeto_Robo_Completo_v1\Ident_elo_4\CMSIS_driver" -I"C:\Users\davia\OneDrive\Documentos\Mestrado_Softwares\Braco_Codigos\Projeto_Robo_Completo_v1\Ident_elo_4\startup" -O0 -fno-common -g3 -Wall -c -fmessage-length=0 -fno-builtin -ffunction-sections -fdata-sections -fmerge-constants -fmacro-prefix-map="../CMSIS_driver/"=. -mcpu=cortex-m0plus -mthumb -D__REDLIB__ -fstack-usage -specs=redlib.specs -MMD -MP -MF"CMSIS_driver/fsl_i2c_cmsis.d" -MT"CMSIS_driver/fsl_i2c_cmsis.o" -MT"CMSIS_driver/fsl_i2c_cmsis.d" -o "CMSIS_driver/fsl_i2c_cmsis.o" "../CMSIS_driver/fsl_i2c_cmsis.c"
 
Building file: ../CMSIS/system_MKL25Z4.c
Finished building: ../board/peripherals.c
Invoking: MCU C Compiler
arm-none-eabi-gcc -D__REDLIB__ -DCPU_MKL25Z128VLK4 -DCPU_MKL25Z128VLK4_cm0plus -DSDK_OS_BAREMETAL -DFSL_RTOS_BM -DSDK_DEBUGCONSOLE=0 -DCR_INTEGER_PRINTF -DPRINTF_FLOAT_ENABLE=0 -D__MCUXPRESSO -D__USE_CMSIS -DDEBUG -I"C:\Users\davia\OneDrive\Documentos\Mestrado_Softwares\Braco_Codigos\Projeto_Robo_Completo_v1\Ident_elo_4\drivers" -I"C:\Users\davia\OneDrive\Documentos\Mestrado_Softwares\Braco_Codigos\Projeto_Robo_Completo_v1\Ident_elo_4\board" -I"C:\Users\davia\OneDrive\Documentos\Mestrado_Softwares\Braco_Codigos\Projeto_Robo_Completo_v1\Ident_elo_4\CMSIS_driver" -I"C:\Users\davia\OneDrive\Documentos\Mestrado_Softwares\Braco_Codigos\Projeto_Robo_Completo_v1\Ident_elo_4\CMSIS" -I"C:\Users\davia\OneDrive\Documentos\Mestrado_Softwares\Braco_Codigos\Projeto_Robo_Completo_v1\Ident_elo_4\utilities" -I"C:\Users\davia\OneDrive\Documentos\Mestrado_Softwares\Braco_Codigos\Projeto_Robo_Completo_v1\Ident_elo_4\board" -I"C:\Users\davia\OneDrive\Documentos\Mestrado_Softwares\Braco_Codigos\Projeto_Robo_Completo_v1\Ident_elo_4\source" -I"C:\Users\davia\OneDrive\Documentos\Mestrado_Softwares\Braco_Codigos\Projeto_Robo_Completo_v1\Ident_elo_4" -I"C:\Users\davia\OneDrive\Documentos\Mestrado_Softwares\Braco_Codigos\Projeto_Robo_Completo_v1\Ident_elo_4\drivers" -I"C:\Users\davia\OneDrive\Documentos\Mestrado_Softwares\Braco_Codigos\Projeto_Robo_Completo_v1\Ident_elo_4\CMSIS" -I"C:\Users\davia\OneDrive\Documentos\Mestrado_Softwares\Braco_Codigos\Projeto_Robo_Completo_v1\Ident_elo_4\utilities" -I"C:\Users\davia\OneDrive\Documentos\Mestrado_Softwares\Braco_Codigos\Projeto_Robo_Completo_v1\Ident_elo_4\CMSIS_driver" -I"C:\Users\davia\OneDrive\Documentos\Mestrado_Softwares\Braco_Codigos\Projeto_Robo_Completo_v1\Ident_elo_4\startup" -O0 -fno-common -g3 -Wall -c -fmessage-length=0 -fno-builtin -ffunction-sections -fdata-sections -fmerge-constants -fmacro-prefix-map="../CMSIS/"=. -mcpu=cortex-m0plus -mthumb -D__REDLIB__ -fstack-usage -specs=redlib.specs -MMD -MP -MF"CMSIS/system_MKL25Z4.d" -MT"CMSIS/system_MKL25Z4.o" -MT"CMSIS/system_MKL25Z4.d" -o "CMSIS/system_MKL25Z4.o" "../CMSIS/system_MKL25Z4.c"
 
Finished building: ../board/pin_mux.c
 
Finished building: ../CMSIS_driver/fsl_i2c_cmsis.c
 
Finished building: ../CMSIS/system_MKL25Z4.c
 
Building target: Ident_elo_4.axf
Invoking: MCU Linker
arm-none-eabi-gcc -nostdlib -Xlinker -Map="Ident_elo_4.map" -Xlinker --gc-sections -Xlinker -print-memory-usage -Xlinker --sort-section=alignment -Xlinker --cref -mcpu=cortex-m0plus -mthumb -T "Ident_elo_01_Debug.ld" -o "Ident_elo_4.axf"  ./utilities/fsl_debug_console.o  ./startup/startup_mkl25z4.o  ./source/Code_Braco.o ./source/mtb.o ./source/semihost_hardfault.o  ./drivers/fsl_adc16.o ./drivers/fsl_clock.o ./drivers/fsl_cmp.o ./drivers/fsl_common.o ./drivers/fsl_dac.o ./drivers/fsl_dma.o ./drivers/fsl_dmamux.o ./drivers/fsl_flash.o ./drivers/fsl_gpio.o ./drivers/fsl_i2c.o ./drivers/fsl_i2c_dma.o ./drivers/fsl_lpsci.o ./drivers/fsl_lpsci_dma.o ./drivers/fsl_pit.o ./drivers/fsl_smc.o ./drivers/fsl_tpm.o ./drivers/fsl_uart.o ./drivers/fsl_uart_dma.o  ./board/board.o ./board/clock_config.o ./board/peripherals.o ./board/pin_mux.o  ./CMSIS_driver/fsl_i2c_cmsis.o  ./CMSIS/system_MKL25Z4.o   
Memory region         Used Size  Region Size  %age Used
   PROGRAM_FLASH:       27816 B       128 KB     21.22%
            SRAM:        3052 B        16 KB     18.63%
Finished building target: Ident_elo_4.axf
 
make --no-print-directory post-build
Performing post-build steps
arm-none-eabi-size "Ident_elo_4.axf"; # arm-none-eabi-objcopy -v -O binary "Ident_elo_4.axf" "Ident_elo_4.bin" ; # checksum -p MKL25Z128xxx4 -d "Ident_elo_4.bin";
   text	   data	    bss	    dec	    hex	filename
  27248	    568	   2484	  30300	   765c	Ident_elo_4.axf
 

12:47:13 Build Finished. 0 errors, 0 warnings. (took 10s.180ms)

