12:11:39 **** Incremental Build of configuration Release for project jun_elo_pd ****
make -r -j4 all 
Building file: ../source/Code_Braco.c
Invoking: MCU C Compiler
arm-none-eabi-gcc -DCPU_MKL25Z128VLK4 -DCPU_MKL25Z128VLK4_cm0plus -DSDK_OS_BAREMETAL -DFSL_RTOS_BM -DSDK_DEBUGCONSOLE=0 -DCR_INTEGER_PRINTF -DPRINTF_FLOAT_ENABLE=0 -D__MCUXPRESSO -D__USE_CMSIS -DNDEBUG -D__REDLIB__ -I"C:\Users\davia\OneDrive\Documentos\Mestrado_Softwares\Braco_Codigos\Projeto_Robo_Completo_v2\jun_elo_pd\CMSIS_driver" -I"C:\Users\davia\OneDrive\Documentos\Mestrado_Softwares\Braco_Codigos\Projeto_Robo_Completo_v2\jun_elo_pd\drivers" -I"C:\Users\davia\OneDrive\Documentos\Mestrado_Softwares\Braco_Codigos\Projeto_Robo_Completo_v2\jun_elo_pd\utilities" -I"C:\Users\davia\OneDrive\Documentos\Mestrado_Softwares\Braco_Codigos\Projeto_Robo_Completo_v2\jun_elo_pd\CMSIS" -I"C:\Users\davia\OneDrive\Documentos\Mestrado_Softwares\Braco_Codigos\Projeto_Robo_Completo_v2\jun_elo_pd\board" -I"C:\Users\davia\OneDrive\Documentos\Mestrado_Softwares\Braco_Codigos\Projeto_Robo_Completo_v2\jun_elo_pd\drivers" -I"C:\Users\davia\OneDrive\Documentos\Mestrado_Softwares\Braco_Codigos\Projeto_Robo_Completo_v2\jun_elo_pd\board" -I"C:\Users\davia\OneDrive\Documentos\Mestrado_Softwares\Braco_Codigos\Projeto_Robo_Completo_v2\jun_elo_pd\CMSIS_driver" -I"C:\Users\davia\OneDrive\Documentos\Mestrado_Softwares\Braco_Codigos\Projeto_Robo_Completo_v2\jun_elo_pd\CMSIS" -I"C:\Users\davia\OneDrive\Documentos\Mestrado_Softwares\Braco_Codigos\Projeto_Robo_Completo_v2\jun_elo_pd\utilities" -I"C:\Users\davia\OneDrive\Documentos\Mestrado_Softwares\Braco_Codigos\Projeto_Robo_Completo_v2\jun_elo_pd\source" -I"C:\Users\davia\OneDrive\Documentos\Mestrado_Softwares\Braco_Codigos\Projeto_Robo_Completo_v2\jun_elo_pd" -I"C:\Users\davia\OneDrive\Documentos\Mestrado_Softwares\Braco_Codigos\Projeto_Robo_Completo_v2\jun_elo_pd\startup" -Os -fno-common -g -Wall -c -fmessage-length=0 -fno-builtin -ffunction-sections -fdata-sections -fmacro-prefix-map="../source/"=. -mcpu=cortex-m0plus -mthumb -D__REDLIB__ -fstack-usage -specs=redlib.specs -MMD -MP -MF"source/Code_Braco.d" -MT"source/Code_Braco.o" -MT"source/Code_Braco.d" -o "source/Code_Braco.o" "../source/Code_Braco.c"
In file included from ../source/Code_Braco.c:11:
../source/function.h: In function 'GetAccRoll':
../source/function.h:45:9: warning: 'ang_Roll' may be used uninitialized in this function [-Wmaybe-uninitialized]
  return ang_Roll;
         ^~~~~~~~
Finished building: ../source/Code_Braco.c
 
Building target: jun_elo_pd.axf
Invoking: MCU Linker
arm-none-eabi-gcc -nostdlib -Xlinker -Map="jun_elo_pd.map" -Xlinker --gc-sections -Xlinker -print-memory-usage -Xlinker --sort-section=alignment -Xlinker --cref -mcpu=cortex-m0plus -mthumb -T Code_Braco_Release.ld -o "jun_elo_pd.axf"  ./utilities/fsl_debug_console.o  ./startup/startup_mkl25z4.o  ./source/Code_Braco.o ./source/Kalman.o ./source/mtb.o ./source/semihost_hardfault.o  ./drivers/fsl_adc16.o ./drivers/fsl_clock.o ./drivers/fsl_cmp.o ./drivers/fsl_common.o ./drivers/fsl_dac.o ./drivers/fsl_dma.o ./drivers/fsl_dmamux.o ./drivers/fsl_flash.o ./drivers/fsl_gpio.o ./drivers/fsl_i2c.o ./drivers/fsl_i2c_dma.o ./drivers/fsl_lpsci.o ./drivers/fsl_lpsci_dma.o ./drivers/fsl_pit.o ./drivers/fsl_smc.o ./drivers/fsl_tpm.o ./drivers/fsl_uart.o ./drivers/fsl_uart_dma.o  ./board/board.o ./board/clock_config.o ./board/peripherals.o ./board/pin_mux.o  ./CMSIS_driver/fsl_i2c_cmsis.o  ./CMSIS/system_MKL25Z4.o   
Memory region         Used Size  Region Size  %age Used
   PROGRAM_FLASH:       14472 B       128 KB     11.04%
            SRAM:        3120 B        16 KB     19.04%
Finished building target: jun_elo_pd.axf
 
make --no-print-directory post-build
Performing post-build steps
arm-none-eabi-size "jun_elo_pd.axf"; # arm-none-eabi-objcopy -v -O binary "jun_elo_pd.axf" "jun_elo_pd.bin" ; # checksum -p MKL25Z128xxx4 -d "jun_elo_pd.bin";
   text	   data	    bss	    dec	    hex	filename
  13808	    664	   2456	  16928	   4220	jun_elo_pd.axf
 

12:11:41 Build Finished. 0 errors, 1 warnings. (took 1s.277ms)

