14:48:48 **** Incremental Build of configuration Debug for project juncao_elos3_add_dif ****
make -r -j4 all 
Building target: juncao_elos3_add_dif.axf
Invoking: MCU Linker
arm-none-eabi-gcc -nostdlib -Xlinker -Map="juncao_elos3_add_dif.map" -Xlinker --gc-sections -Xlinker -print-memory-usage -Xlinker --sort-section=alignment -Xlinker --cref -mcpu=cortex-m0plus -mthumb -T Code_Braco_Debug.ld -o "juncao_elos3_add_dif.axf"  ./utilities/fsl_debug_console.o  ./startup/startup_mkl25z4.o  ./source/Code_Braco.o ./source/Kalman.o ./source/mtb.o ./source/semihost_hardfault.o  ./drivers/fsl_adc16.o ./drivers/fsl_clock.o ./drivers/fsl_cmp.o ./drivers/fsl_common.o ./drivers/fsl_dac.o ./drivers/fsl_dma.o ./drivers/fsl_dmamux.o ./drivers/fsl_flash.o ./drivers/fsl_gpio.o ./drivers/fsl_i2c.o ./drivers/fsl_i2c_dma.o ./drivers/fsl_lpsci.o ./drivers/fsl_lpsci_dma.o ./drivers/fsl_pit.o ./drivers/fsl_smc.o ./drivers/fsl_tpm.o ./drivers/fsl_uart.o ./drivers/fsl_uart_dma.o  ./board/board.o ./board/clock_config.o ./board/peripherals.o ./board/pin_mux.o  ./CMSIS_driver/fsl_i2c_cmsis.o  ./CMSIS/system_MKL25Z4.o   
Memory region         Used Size  Region Size  %age Used
   PROGRAM_FLASH:       28772 B       128 KB     21.95%
            SRAM:        3436 B        16 KB     20.97%
Finished building target: juncao_elos3_add_dif.axf
 
make --no-print-directory post-build
Performing post-build steps
arm-none-eabi-size "juncao_elos3_add_dif.axf"; # arm-none-eabi-objcopy -v -O binary "juncao_elos3_add_dif.axf" "juncao_elos3_add_dif.bin" ; # checksum -p MKL25Z128xxx4 -d "juncao_elos3_add_dif.bin";
   text	   data	    bss	    dec	    hex	filename
  28100	    672	   2764	  31536	   7b30	juncao_elos3_add_dif.axf
 

14:48:50 Build Finished. 0 errors, 0 warnings. (took 1s.729ms)

