14:54:40 **** Incremental Build of configuration Debug for project kalman_filter_elo3 ****
make -r -j4 all 
Building target: kalman_filter_elo3.axf
Invoking: MCU Linker
arm-none-eabi-gcc -nostdlib -Xlinker -Map="kalman_filter_elo3.map" -Xlinker --gc-sections -Xlinker -print-memory-usage -Xlinker --sort-section=alignment -Xlinker --cref -mcpu=cortex-m0plus -mthumb -T Code_Braco_Debug.ld -o "kalman_filter_elo3.axf"  ./utilities/fsl_debug_console.o  ./startup/startup_mkl25z4.o  ./source/Code_Braco.o ./source/Kalman.o ./source/mtb.o ./source/semihost_hardfault.o  ./drivers/fsl_adc16.o ./drivers/fsl_clock.o ./drivers/fsl_cmp.o ./drivers/fsl_common.o ./drivers/fsl_dac.o ./drivers/fsl_dma.o ./drivers/fsl_dmamux.o ./drivers/fsl_flash.o ./drivers/fsl_gpio.o ./drivers/fsl_i2c.o ./drivers/fsl_i2c_dma.o ./drivers/fsl_lpsci.o ./drivers/fsl_lpsci_dma.o ./drivers/fsl_pit.o ./drivers/fsl_smc.o ./drivers/fsl_tpm.o ./drivers/fsl_uart.o ./drivers/fsl_uart_dma.o  ./board/board.o ./board/clock_config.o ./board/peripherals.o ./board/pin_mux.o  ./CMSIS_driver/fsl_i2c_cmsis.o  ./CMSIS/system_MKL25Z4.o   
Memory region         Used Size  Region Size  %age Used
   PROGRAM_FLASH:       26872 B       128 KB     20.50%
            SRAM:        3196 B        16 KB     19.51%
Finished building target: kalman_filter_elo3.axf
 
make --no-print-directory post-build
Performing post-build steps
arm-none-eabi-size "kalman_filter_elo3.axf"; # arm-none-eabi-objcopy -v -O binary "kalman_filter_elo3.axf" "kalman_filter_elo3.bin" ; # checksum -p MKL25Z128xxx4 -d "kalman_filter_elo3.bin";
   text	   data	    bss	    dec	    hex	filename
  26288	    584	   2612	  29484	   732c	kalman_filter_elo3.axf
 

14:54:41 Build Finished. 0 errors, 0 warnings. (took 1s.41ms)

