fsl_clock.h:614:20:CLOCK_SetTpmClock	16	static
fsl_clock.h:745:20:CLOCK_SetSimSafeDivs	8	static
fsl_clock.h:1076:20:CLOCK_SetXtal0Freq	16	static
fsl_clock.h:1086:20:CLOCK_SetXtal32Freq	16	static
fsl_smc.h:283:20:SMC_SetPowerModeProtection	16	static
fsl_smc.h:302:33:SMC_GetPowerModeState	16	static
clock_config.c:76:13:CLOCK_CONFIG_SetFllExtRefDiv	16	static
clock_config.c:84:6:BOARD_InitBootClocks	8	static
clock_config.c:173:6:BOARD_BootClockRUN	8	static
clock_config.c:273:6:BOARD_BootClockVLPR	8	static
