mpu_6050.h:80:20:ACC_Read	48	static
mpu_6050.h:104:20:ACC_ReadRaw	40	static
mpu_6050.h:93:20:ACC_Write.isra.1.constprop	40	static
mpu_6050.h:134:20:ACC_Init	32	static
mpu_6050.h:172:6:calibrar_sensor	32	static
function.h:33:7:GetAccRoll	32	static
perifericos.h:51:6:inicializar_dac	16	static
perifericos.h:62:6:atualizar_dac	8	static
perifericos.h:70:6:configurar_interrupcao_Hz	32	static
perifericos.h:100:6:inicializar_PWMs	48	static
perifericos.h:125:6:atualizar_motores	0	static
perifericos.h:133:6:inicializar_I2Cs	48	static
perifericos.h:147:6:delay	0	static
perifericos.h:152:6:atualizar_motor_1	8	static
perifericos.h:157:7:motor_angulo_1	8	static
perifericos.h:163:6:atualizar_motor_2	8	static
perifericos.h:167:6:atualizar_motor_3	8	static
perifericos.h:171:6:atualizar_motor_4	8	static
perifericos.h:175:6:selecionar_sensor	12	static
Code_Braco.c:96:7:estimar_posicao	48	static
Code_Braco.c:116:6:inicializar_sensores	8	static
Code_Braco.c:125:6:atualizar_angulo	32	static
Code_Braco.c:184:6:rotina_interrupcao	8	static
Code_Braco.c:194:6:PIT_DriverIRQHandler	0	static
Code_Braco.c:201:5:main	16	static
