core_cm0plus.h:745:22:NVIC_EnableIRQ	16	static
fsl_common.h:212:20:EnableIRQ	16	static
mpu_6050.h:55:20:ACC_Read	64	static
mpu_6050.h:68:20:ACC_Write	64	static
mpu_6050.h:79:20:ACC_ReadRaw	48	static
mpu_6050.h:110:20:ACC_Init	32	static
fsl_tpm.h:580:20:TPM_StartTimer	24	static
function.h:7:21:GetAccPitch	48	static
fsl_pit.h:127:20:PIT_GetDefaultConfig	16	static
fsl_pit.h:181:20:PIT_EnableInterrupts	24	static
fsl_pit.h:229:24:PIT_GetStatusFlags	16	static
fsl_pit.h:242:20:PIT_ClearStatusFlags	24	static
fsl_pit.h:268:20:PIT_SetTimerPeriod	24	static
fsl_pit.h:308:20:PIT_StartTimer	16	static
fsl_dac.h:210:20:DAC_Enable	16	static
Ident_motor_1.c:68:6:inicializar_dac	32	static
Ident_motor_1.c:79:6:atualizar_dac	16	static
Ident_motor_1.c:88:6:calibrar_sensor	56	static
Ident_motor_1.c:156:7:calcular_angulo	32	static
Ident_motor_1.c:171:6:configurar_interrupcao_Hz	48	static
Ident_motor_1.c:202:6:inicializar_PWMs	48	static
Ident_motor_1.c:226:6:inicializar_I2Cs	40	static
Ident_motor_1.c:238:6:inicializar_sensores	24	static
Ident_motor_1.c:248:6:atualizar_Duty_PWM	24	static
Ident_motor_1.c:255:6:delay_1000	16	static
Ident_motor_1.c:261:6:teste_de_valores_iniciais	8	static
Ident_motor_1.c:271:6:teste_de_pwm_preciso	16	static
Ident_motor_1.c:287:6:gerar_prbs	8	static
Ident_motor_1.c:298:6:rotina_interrupcao_1	24	static
Ident_motor_1.c:322:6:PIT_DriverIRQHandler	8	static
Ident_motor_1.c:328:5:main	16	static
