core_cm0plus.h:745:22:NVIC_EnableIRQ	16	static
fsl_common.h:212:20:EnableIRQ	16	static
mpu_6050.h:80:20:ACC_Read	64	static
mpu_6050.h:93:20:ACC_Write	64	static
mpu_6050.h:104:20:ACC_ReadRaw	48	static
mpu_6050.h:134:20:ACC_Init	32	static
mpu_6050.h:172:6:calibrar_sensor	96	static
fsl_gpio.h:175:20:GPIO_SetPinsOutput	16	static
fsl_gpio.h:186:20:GPIO_ClearPinsOutput	16	static
function.h:33:7:GetAccRoll	40	static
fsl_dac.h:210:20:DAC_Enable	16	static
fsl_pit.h:127:20:PIT_GetDefaultConfig	16	static
fsl_pit.h:181:20:PIT_EnableInterrupts	24	static
fsl_pit.h:229:24:PIT_GetStatusFlags	16	static
fsl_pit.h:242:20:PIT_ClearStatusFlags	24	static
fsl_pit.h:268:20:PIT_SetTimerPeriod	24	static
fsl_pit.h:308:20:PIT_StartTimer	16	static
fsl_tpm.h:580:20:TPM_StartTimer	24	static
perifericos.h:52:6:inicializar_dac	32	static
perifericos.h:63:6:atualizar_dac	16	static
perifericos.h:71:6:configurar_interrupcao_Hz	48	static
perifericos.h:101:6:inicializar_PWMs	48	static
perifericos.h:126:6:atualizar_motores	24	static
perifericos.h:133:6:inicializar_I2Cs	40	static
perifericos.h:145:6:delay	16	static
perifericos.h:150:6:atualizar_motor_1	32	static
perifericos.h:155:7:motor_angulo_1	24	static
perifericos.h:161:6:atualizar_motor_2	32	static
perifericos.h:165:6:atualizar_motor_3	32	static
perifericos.h:169:6:atualizar_motor_4	32	static
Code_Braco.c:107:7:estimar_posicao	24	static
Code_Braco.c:127:6:inicializar_sensores	32	static
Code_Braco.c:136:6:selecionar_sensor	16	static
Code_Braco.c:189:6:atualizar_angulo	24	static
Code_Braco.c:248:6:rotina_interrupcao_1	32	static
Code_Braco.c:289:6:PIT_DriverIRQHandler	8	static
Code_Braco.c:296:5:main	8	static
