Archive member included to satisfy reference by file (symbol)

c:/nxp/mcuxpressoide_11.1.0_3209/ide/plugins/com.nxp.mcuxpresso.tools.win32_11.1.0.201909161352/tools/bin/../lib/gcc/arm-none-eabi/8.3.1/../../../../arm-none-eabi/lib/thumb/v6-m/nofp\libcr_semihost_nf.a(_cr__main.o)
                              ./startup/startup_mkl25z4.o (__main)
c:/nxp/mcuxpressoide_11.1.0_3209/ide/plugins/com.nxp.mcuxpresso.tools.win32_11.1.0.201909161352/tools/bin/../lib/gcc/arm-none-eabi/8.3.1/../../../../arm-none-eabi/lib/thumb/v6-m/nofp\libcr_semihost_nf.a(_cr_assert.o)
                              ./source/Code_Braco.o (__assertion_failed)
c:/nxp/mcuxpressoide_11.1.0_3209/ide/plugins/com.nxp.mcuxpresso.tools.win32_11.1.0.201909161352/tools/bin/../lib/gcc/arm-none-eabi/8.3.1/../../../../arm-none-eabi/lib/thumb/v6-m/nofp\libcr_semihost_nf.a(__ciob.o)
                              c:/nxp/mcuxpressoide_11.1.0_3209/ide/plugins/com.nxp.mcuxpresso.tools.win32_11.1.0.201909161352/tools/bin/../lib/gcc/arm-none-eabi/8.3.1/../../../../arm-none-eabi/lib/thumb/v6-m/nofp\libcr_semihost_nf.a(_cr_assert.o) (__Ciob)
c:/nxp/mcuxpressoide_11.1.0_3209/ide/plugins/com.nxp.mcuxpresso.tools.win32_11.1.0.201909161352/tools/bin/../lib/gcc/arm-none-eabi/8.3.1/../../../../arm-none-eabi/lib/thumb/v6-m/nofp\libcr_semihost_nf.a(__sys_appexit.o)
                              c:/nxp/mcuxpressoide_11.1.0_3209/ide/plugins/com.nxp.mcuxpresso.tools.win32_11.1.0.201909161352/tools/bin/../lib/gcc/arm-none-eabi/8.3.1/../../../../arm-none-eabi/lib/thumb/v6-m/nofp\libcr_semihost_nf.a(_cr_assert.o) (__sys_appexit)
c:/nxp/mcuxpressoide_11.1.0_3209/ide/plugins/com.nxp.mcuxpresso.tools.win32_11.1.0.201909161352/tools/bin/../lib/gcc/arm-none-eabi/8.3.1/../../../../arm-none-eabi/lib/thumb/v6-m/nofp\libcr_c.a(memcpy.o)
                              ./drivers/fsl_flash.o (memcpy)
c:/nxp/mcuxpressoide_11.1.0_3209/ide/plugins/com.nxp.mcuxpresso.tools.win32_11.1.0.201909161352/tools/bin/../lib/gcc/arm-none-eabi/8.3.1/../../../../arm-none-eabi/lib/thumb/v6-m/nofp\libcr_c.a(memset.o)
                              ./source/Code_Braco.o (memset)
c:/nxp/mcuxpressoide_11.1.0_3209/ide/plugins/com.nxp.mcuxpresso.tools.win32_11.1.0.201909161352/tools/bin/../lib/gcc/arm-none-eabi/8.3.1/../../../../arm-none-eabi/lib/thumb/v6-m/nofp\libcr_c.a(_deferredlazyseek.o)
                              c:/nxp/mcuxpressoide_11.1.0_3209/ide/plugins/com.nxp.mcuxpresso.tools.win32_11.1.0.201909161352/tools/bin/../lib/gcc/arm-none-eabi/8.3.1/../../../../arm-none-eabi/lib/thumb/v6-m/nofp\libcr_semihost_nf.a(_cr_assert.o) (__flsbuf)
c:/nxp/mcuxpressoide_11.1.0_3209/ide/plugins/com.nxp.mcuxpresso.tools.win32_11.1.0.201909161352/tools/bin/../lib/gcc/arm-none-eabi/8.3.1/../../../../arm-none-eabi/lib/thumb/v6-m/nofp\libcr_c.a(_fflush.o)
                              c:/nxp/mcuxpressoide_11.1.0_3209/ide/plugins/com.nxp.mcuxpresso.tools.win32_11.1.0.201909161352/tools/bin/../lib/gcc/arm-none-eabi/8.3.1/../../../../arm-none-eabi/lib/thumb/v6-m/nofp\libcr_c.a(_deferredlazyseek.o) (_fflush)
c:/nxp/mcuxpressoide_11.1.0_3209/ide/plugins/com.nxp.mcuxpresso.tools.win32_11.1.0.201909161352/tools/bin/../lib/gcc/arm-none-eabi/8.3.1/../../../../arm-none-eabi/lib/thumb/v6-m/nofp\libcr_c.a(_writebuf.o)
                              c:/nxp/mcuxpressoide_11.1.0_3209/ide/plugins/com.nxp.mcuxpresso.tools.win32_11.1.0.201909161352/tools/bin/../lib/gcc/arm-none-eabi/8.3.1/../../../../arm-none-eabi/lib/thumb/v6-m/nofp\libcr_c.a(_deferredlazyseek.o) (_Cwritebuf)
c:/nxp/mcuxpressoide_11.1.0_3209/ide/plugins/com.nxp.mcuxpresso.tools.win32_11.1.0.201909161352/tools/bin/../lib/gcc/arm-none-eabi/8.3.1/../../../../arm-none-eabi/lib/thumb/v6-m/nofp\libcr_c.a(alloc.o)
                              c:/nxp/mcuxpressoide_11.1.0_3209/ide/plugins/com.nxp.mcuxpresso.tools.win32_11.1.0.201909161352/tools/bin/../lib/gcc/arm-none-eabi/8.3.1/../../../../arm-none-eabi/lib/thumb/v6-m/nofp\libcr_c.a(_deferredlazyseek.o) (_Csys_alloc)
c:/nxp/mcuxpressoide_11.1.0_3209/ide/plugins/com.nxp.mcuxpresso.tools.win32_11.1.0.201909161352/tools/bin/../lib/gcc/arm-none-eabi/8.3.1/../../../../arm-none-eabi/lib/thumb/v6-m/nofp\libcr_c.a(atan2.o)
                              ./source/Code_Braco.o (atan2)
c:/nxp/mcuxpressoide_11.1.0_3209/ide/plugins/com.nxp.mcuxpresso.tools.win32_11.1.0.201909161352/tools/bin/../lib/gcc/arm-none-eabi/8.3.1/../../../../arm-none-eabi/lib/thumb/v6-m/nofp\libcr_c.a(errno.o)
                              c:/nxp/mcuxpressoide_11.1.0_3209/ide/plugins/com.nxp.mcuxpresso.tools.win32_11.1.0.201909161352/tools/bin/../lib/gcc/arm-none-eabi/8.3.1/../../../../arm-none-eabi/lib/thumb/v6-m/nofp\libcr_c.a(atan2.o) (errno)
c:/nxp/mcuxpressoide_11.1.0_3209/ide/plugins/com.nxp.mcuxpresso.tools.win32_11.1.0.201909161352/tools/bin/../lib/gcc/arm-none-eabi/8.3.1/../../../../arm-none-eabi/lib/thumb/v6-m/nofp\libcr_c.a(fabs.o)
[...]
Memory Configuration

Name             Origin             Length             Attributes
PROGRAM_FLASH    0x00000000         0x00020000         xr
SRAM             0x1ffff000         0x00004000         xrw
*default*        0x00000000         0xffffffff

Linker script and memory map

LOAD ./utilities/fsl_debug_console.o
LOAD ./startup/startup_mkl25z4.o
LOAD ./source/Code_Braco.o
LOAD ./source/mtb.o
LOAD ./source/semihost_hardfault.o
LOAD ./drivers/fsl_adc16.o
LOAD ./drivers/fsl_clock.o
LOAD ./drivers/fsl_cmp.o
LOAD ./drivers/fsl_common.o
LOAD ./drivers/fsl_dac.o
LOAD ./drivers/fsl_dma.o
LOAD ./drivers/fsl_dmamux.o
LOAD ./drivers/fsl_flash.o
LOAD ./drivers/fsl_gpio.o
LOAD ./drivers/fsl_i2c.o
LOAD ./drivers/fsl_i2c_dma.o
LOAD ./drivers/fsl_lpsci.o
LOAD ./drivers/fsl_lpsci_dma.o
LOAD ./drivers/fsl_pit.o
LOAD ./drivers/fsl_smc.o
LOAD ./drivers/fsl_tpm.o
LOAD ./drivers/fsl_uart.o
LOAD ./drivers/fsl_uart_dma.o
LOAD ./board/board.o
LOAD ./board/clock_config.o
LOAD ./board/peripherals.o
LOAD ./board/pin_mux.o
LOAD ./CMSIS_driver/fsl_i2c_cmsis.o
LOAD ./CMSIS/system_MKL25Z4.o
START GROUP
LOAD c:/nxp/mcuxpressoide_11.1.0_3209/ide/plugins/com.nxp.mcuxpresso.tools.win32_11.1.0.201909161352/tools/bin/../lib/gcc/arm-none-eabi/8.3.1/../../../../arm-none-eabi/lib/thumb/v6-m/nofp\libcr_semihost_nf.a
LOAD c:/nxp/mcuxpressoide_11.1.0_3209/ide/plugins/com.nxp.mcuxpresso.tools.win32_11.1.0.201909161352/tools/bin/../lib/gcc/arm-none-eabi/8.3.1/../../../../arm-none-eabi/lib/thumb/v6-m/nofp\libcr_c.a
LOAD c:/nxp/mcuxpressoide_11.1.0_3209/ide/plugins/com.nxp.mcuxpresso.tools.win32_11.1.0.201909161352/tools/bin/../lib/gcc/arm-none-eabi/8.3.1/thumb/v6-m/nofp\libcr_eabihelpers.a
LOAD c:/nxp/mcuxpressoide_11.1.0_3209/ide/plugins/com.nxp.mcuxpresso.tools.win32_11.1.0.201909161352/tools/bin/../lib/gcc/arm-none-eabi/8.3.1/thumb/v6-m/nofp\libgcc.a
END GROUP
                0x00000000                __base_PROGRAM_FLASH = 0x0
                0x00000000                __base_Flash = 0x0
                0x00020000                __top_PROGRAM_FLASH = 0x20000
                0x00020000                __top_Flash = 0x20000
                0x1ffff000                __base_SRAM = 0x1ffff000
                0x1ffff000                __base_RAM = 0x1ffff000
                0x20003000                __top_SRAM = 0x20003000
                0x20003000                __top_RAM = 0x20003000

.text           0x00000000     0x6814
 FILL mask 0xff
                0x00000000                __vectors_start__ = ABSOLUTE (.)
 *(SORT_BY_ALIGNMENT(.isr_vector))
 .isr_vector    0x00000000       0xc0 ./startup/startup_mkl25z4.o
                0x00000000                g_pfnVectors
                0x00000000                __Vectors
                0x000000c0                . = ALIGN (0x4)
                0x000000c0                __section_table_start = .
                0x000000c0                __data_section_table = .
                0x000000c0        0x4 LONG 0x6814 LOADADDR (.data)
                0x000000c4        0x4 LONG 0x1ffff080 ADDR (.data)
                0x000000c8        0x4 LONG 0x1f8 SIZEOF (.data)
                0x000000cc                __data_section_table_end = .
                0x000000cc                __bss_section_table = .
                0x000000cc        0x4 LONG 0x1ffff278 ADDR (.bss)
                0x000000d0        0x4 LONG 0x130 SIZEOF (.bss)
                0x000000d4                __bss_section_table_end = .
                0x000000d4                __section_table_end = .
 *(SORT_BY_ALIGNMENT(.after_vectors*))
 .after_vectors.reset
                0x000000d4       0x4c ./startup/startup_mkl25z4.o
                0x000000d4                ResetISR
 .after_vectors.init_data
                0x00000120       0x12 ./startup/startup_mkl25z4.o
                0x00000120                data_init
 .after_vectors.init_bss
                0x00000132       0x10 ./startup/startup_mkl25z4.o
                0x00000132                bss_init
 .after_vectors
                0x00000142      0x10c ./startup/startup_mkl25z4.o
                0x00000142                NMI_Handler
                0x00000146                SVC_Handler
                0x00000148                PendSV_Handler
                0x0000014a                SysTick_Handler
                0x0000014c                LPTMR0_DriverIRQHandler
                0x0000014c                SPI1_DriverIRQHandler
                0x0000014c                PORTD_DriverIRQHandler
                0x0000014c                CMP0_DriverIRQHandler
                0x0000014c                ADC0_DriverIRQHandler
                0x0000014c                SPI0_DriverIRQHandler
                0x0000014c                TPM2_DriverIRQHandler
                0x0000014c                LVD_LVW_DriverIRQHandler
                0x0000014c                Reserved39_DriverIRQHandler
                0x0000014c                TSI0_DriverIRQHandler
                0x0000014c                RTC_Seconds_DriverIRQHandler
                0x0000014c                RTC_DriverIRQHandler
                0x0000014c                TPM1_DriverIRQHandler
                0x0000014c                LLWU_DriverIRQHandler
                0x0000014c                MCG_DriverIRQHandler
                0x0000014c                PORTA_DriverIRQHandler
                0x0000014c                Reserved45_DriverIRQHandler
                0x0000014c                Reserved20_DriverIRQHandler
                0x0000014c                FTFA_DriverIRQHandler
                0x0000014c                IntDefaultHandler
                0x0000014c                USB0_DriverIRQHandler
                0x0000014c                DAC0_DriverIRQHandler
                0x0000014c                TPM0_DriverIRQHandler
                0x0000014e                DMA0_IRQHandler
                0x00000156                DMA1_IRQHandler
                0x0000015e                DMA2_IRQHandler
                0x00000166                DMA3_IRQHandler
                0x0000016e                Reserved20_IRQHandler
                0x00000176                FTFA_IRQHandler
                0x0000017e                LVD_LVW_IRQHandler
                0x00000186                LLWU_IRQHandler
                0x0000018e                I2C0_IRQHandler
                0x00000196                I2C1_IRQHandler
                0x0000019e                SPI0_IRQHandler
                0x000001a6                SPI1_IRQHandler
                0x000001ae                UART0_IRQHandler
                0x000001b6                UART1_IRQHandler
                0x000001be                UART2_IRQHandler
                0x000001c6                ADC0_IRQHandler
                0x000001ce                CMP0_IRQHandler
                0x000001d6                TPM0_IRQHandler
                0x000001de                TPM1_IRQHandler
                0x000001e6                TPM2_IRQHandler
                0x000001ee                RTC_IRQHandler
                0x000001f6                RTC_Seconds_IRQHandler
                0x000001fe                PIT_IRQHandler
                0x00000206                Reserved39_IRQHandler
                0x0000020e                USB0_IRQHandler
                0x00000216                DAC0_IRQHandler
                0x0000021e                TSI0_IRQHandler
                0x00000226                MCG_IRQHandler
                0x0000022e                LPTMR0_IRQHandler
                0x00000236                Reserved45_IRQHandler
                0x0000023e                PORTA_IRQHandler
                0x00000246                PORTD_IRQHandler
                0x00000400                . = 0x400
 *fill*         0x0000024e      0x1b2 ff
                0x00000400                PROVIDE (__FLASH_CONFIG_START__ = .)
 *(SORT_BY_ALIGNMENT(.FlashConfig))
 .FlashConfig   0x00000400       0x10 ./startup/startup_mkl25z4.o
                0x00000400                Flash_Config
                0x00000410                PROVIDE (__FLASH_CONFIG_END__ = .)
                0x00000001                ASSERT (! ((__FLASH_CONFIG_START__ == __FLASH_CONFIG_END__)), Linker Flash Config Support Enabled, but no .FlashConfig section provided within application)
 *(SORT_BY_ALIGNMENT(.text*))
 .text.DbgConsole_Init
                0x00000410       0xf0 ./utilities/fsl_debug_console.o
                0x00000410                DbgConsole_Init
 .text.NVIC_EnableIRQ
                0x00000500       0x2c ./source/Code_Braco.o
 .text.ACC_Read
                0x0000052c       0x78 ./source/Code_Braco.o
 .text.ACC_Write
                0x000005a4       0x70 ./source/Code_Braco.o
 .text.GetAccPitch
                0x00000614      0x12c ./source/Code_Braco.o
 .text.PIT_GetDefaultConfig
                0x00000740       0x28 ./source/Code_Braco.o
 .text.inicializar_dac
                0x00000768       0x7c ./source/Code_Braco.o
                0x00000768                inicializar_dac
 .text.atualizar_dac
                0x000007e4       0x3c ./source/Code_Braco.o
                0x000007e4                atualizar_dac
 .text.calibrar_sensor
                0x00000820      0x1f8 ./source/Code_Braco.o
                0x00000820                calibrar_sensor
 .text.calcular_angulo
                0x00000a18       0xf8 ./source/Code_Braco.o
                0x00000a18                calcular_angulo
 .text.configurar_interrupcao_Hz
                0x00000b10       0xc4 ./source/Code_Braco.o
                0x00000b10                configurar_interrupcao_Hz
 .text.inicializar_PWMs
                0x00000bd4       0x64 ./source/Code_Braco.o
                0x00000bd4                inicializar_PWMs
 .text.inicializar_I2Cs
                0x00000c38       0x70 ./source/Code_Braco.o
                0x00000c38                inicializar_I2Cs
 .text.inicializar_sensores
                0x00000ca8       0x50 ./source/Code_Braco.o
                0x00000ca8                inicializar_sensores
 .text.rotina_interrupcao_1
                0x00000cf8      0x128 ./source/Code_Braco.o
                0x00000cf8                rotina_interrupcao_1
 .text.PIT_DriverIRQHandler
                0x00000e20       0x2c ./source/Code_Braco.o
                0x00000e20                PIT_DriverIRQHandler
 .text.main     0x00000e4c       0xa4 ./source/Code_Braco.o
                0x00000e4c                main
 .text.HardFault_Handler
                0x00000ef0       0x30 ./source/semihost_hardfault.o
                0x00000ef0                HardFault_Handler
 .text.CLOCK_SetEr32kClock
                0x00000f20       0x34 ./drivers/fsl_clock.o
 .text.CLOCK_SetPllFllSelClock
                0x00000f54       0x38 ./drivers/fsl_clock.o
 .text.CLOCK_GetMcgExtClkFreq
                0x00000f8c       0x28 ./drivers/fsl_clock.o
 .text.CLOCK_GetFllExtRefClkFreq
                0x00000fb4       0xa4 ./drivers/fsl_clock.o
 .text.CLOCK_GetInternalRefClkSelectFreq
                0x00001058       0x40 ./drivers/fsl_clock.o
 .text.CLOCK_GetFllRefClkFreq
                0x00001098       0x2c ./drivers/fsl_clock.o
 .text.CLOCK_GetOscRangeFromFreq
                0x000010c4       0x4c ./drivers/fsl_clock.o
 .text.CLOCK_GetPllFllSelClkFreq
                0x00001110       0x4c ./drivers/fsl_clock.o
                0x00001110                CLOCK_GetPllFllSelClkFreq
 .text.CLOCK_GetBusClkFreq
                0x0000115c       0x50 ./drivers/fsl_clock.o
                0x0000115c                CLOCK_GetBusClkFreq
 .text.CLOCK_SetSimConfig
                0x000011ac       0x38 ./drivers/fsl_clock.o
                0x000011ac                CLOCK_SetSimConfig
 .text.CLOCK_GetOutClkFreq
                0x000011e4       0x68 ./drivers/fsl_clock.o
                0x000011e4                CLOCK_GetOutClkFreq
 .text.CLOCK_GetFllFreq
                0x0000124c       0x84 ./drivers/fsl_clock.o
                0x0000124c                CLOCK_GetFllFreq
 .text.CLOCK_GetPll0Freq
                0x000012d0       0x70 ./drivers/fsl_clock.o
                0x000012d0                CLOCK_GetPll0Freq
 .text.CLOCK_SetInternalRefClkConfig
                0x00001340      0x124 ./drivers/fsl_clock.o
                0x00001340                CLOCK_SetInternalRefClkConfig
 .text.CLOCK_EnablePll0
                0x00001464       0x90 ./drivers/fsl_clock.o
                0x00001464                CLOCK_EnablePll0
 .text.CLOCK_InitOsc0
                0x000014f4       0x94 ./drivers/fsl_clock.o
                0x000014f4                CLOCK_InitOsc0
 .text.CLOCK_SetPbeMode
                0x00001588       0xb0 ./drivers/fsl_clock.o
                0x00001588                CLOCK_SetPbeMode
 .text.CLOCK_BootToPeeMode
                0x00001638       0x70 ./drivers/fsl_clock.o
                0x00001638                CLOCK_BootToPeeMode
 .text.CLOCK_EnableClock
                0x000016a8       0x34 ./drivers/fsl_dac.o
 .text.DAC_GetInstance
                0x000016dc       0x48 ./drivers/fsl_dac.o
 .text.DAC_Init
                0x00001724       0x80 ./drivers/fsl_dac.o
                0x00001724                DAC_Init
 .text.DAC_SetBufferValue
                0x000017a4       0x64 ./drivers/fsl_dac.o
                0x000017a4                DAC_SetBufferValue
 .text.DAC_SetBufferReadPointer
                0x00001808       0x60 ./drivers/fsl_dac.o
                0x00001808                DAC_SetBufferReadPointer
 .text.DMA_ClearChannelStatusFlags
                0x00001868       0x54 ./drivers/fsl_dma.o
 .text.DMA_HandleIRQ
                0x000018bc       0x4c ./drivers/fsl_dma.o
                0x000018bc                DMA_HandleIRQ
 .text.DMA0_DriverIRQHandler
                0x00001908       0x18 ./drivers/fsl_dma.o
                0x00001908                DMA0_DriverIRQHandler
 .text.DMA1_DriverIRQHandler
                0x00001920       0x18 ./drivers/fsl_dma.o
                0x00001920                DMA1_DriverIRQHandler
 .text.DMA2_DriverIRQHandler
                0x00001938       0x18 ./drivers/fsl_dma.o
                0x00001938                DMA2_DriverIRQHandler
 .text.DMA3_DriverIRQHandler
                0x00001950       0x18 ./drivers/fsl_dma.o
                0x00001950                DMA3_DriverIRQHandler
 .text.CLOCK_EnableClock
                0x00001968       0x34 ./drivers/fsl_i2c.o
 .text.I2C_GetInstance
                0x0000199c       0x4c ./drivers/fsl_i2c.o
                0x0000199c                I2C_GetInstance
 .text.I2C_CheckAndClearError
                0x000019e8       0x40 ./drivers/fsl_i2c.o
 .text.I2C_TransferCommonIRQHandler
                0x00001a28       0x54 ./drivers/fsl_i2c.o
 .text.I2C_MasterInit
                0x00001a7c       0xfc ./drivers/fsl_i2c.o
                0x00001a7c                I2C_MasterInit
 .text.I2C_MasterSetBaudRate
                0x00001b78       0xf0 ./drivers/fsl_i2c.o
                0x00001b78                I2C_MasterSetBaudRate
 .text.I2C_MasterStart
                0x00001c68       0x74 ./drivers/fsl_i2c.o
                0x00001c68                I2C_MasterStart
 .text.I2C_MasterRepeatedStart
                0x00001cdc       0xbc ./drivers/fsl_i2c.o
                0x00001cdc                I2C_MasterRepeatedStart
 .text.I2C_MasterWriteBlocking
                0x00001d98       0xec ./drivers/fsl_i2c.o
                0x00001d98                I2C_MasterWriteBlocking
 .text.I2C_MasterTransferBlocking
                0x00001e84      0x230 ./drivers/fsl_i2c.o
                0x00001e84                I2C_MasterTransferBlocking
 .text.I2C0_DriverIRQHandler
                0x000020b4       0x20 ./drivers/fsl_i2c.o
                0x000020b4                I2C0_DriverIRQHandler
 .text.I2C1_DriverIRQHandler
                0x000020d4       0x20 ./drivers/fsl_i2c.o
                0x000020d4                I2C1_DriverIRQHandler
 .text.CLOCK_EnableClock
                0x000020f4       0x34 ./drivers/fsl_lpsci.o
 .text.LPSCI_GetInstance
                0x00002128       0x48 ./drivers/fsl_lpsci.o
                0x00002128                LPSCI_GetInstance
 .text.LPSCI_Init
                0x00002170      0x258 ./drivers/fsl_lpsci.o
                0x00002170                LPSCI_Init
 .text.LPSCI_GetDefaultConfig
                0x000023c8       0x44 ./drivers/fsl_lpsci.o
                0x000023c8                LPSCI_GetDefaultConfig
 .text.LPSCI_ClearStatusFlags
                0x0000240c       0x94 ./drivers/fsl_lpsci.o
                0x0000240c                LPSCI_ClearStatusFlags
 .text.LPSCI_WriteBlocking
                0x000024a0       0x4c ./drivers/fsl_lpsci.o
                0x000024a0                LPSCI_WriteBlocking
 .text.LPSCI_ReadBlocking
                0x000024ec       0xc0 ./drivers/fsl_lpsci.o
                0x000024ec                LPSCI_ReadBlocking
 .text.UART0_DriverIRQHandler
                0x000025ac       0x24 ./drivers/fsl_lpsci.o
                0x000025ac                UART0_DriverIRQHandler
 .text.CLOCK_EnableClock
                0x000025d0       0x34 ./drivers/fsl_pit.o
 .text.PIT_GetInstance
                0x00002604       0x48 ./drivers/fsl_pit.o
 .text.PIT_Init
                0x0000264c       0x6c ./drivers/fsl_pit.o
                0x0000264c                PIT_Init
 .text.CLOCK_EnableClock
                0x000026b8       0x34 ./drivers/fsl_tpm.o
 .text.TPM_GetInstance
                0x000026ec       0x54 ./drivers/fsl_tpm.o
 .text.TPM_Init
                0x00002740       0xd0 ./drivers/fsl_tpm.o
                0x00002740                TPM_Init
 .text.TPM_SetupPwm
                0x00002810      0x1f8 ./drivers/fsl_tpm.o
                0x00002810                TPM_SetupPwm
 .text.CLOCK_EnableClock
                0x00002a08       0x34 ./drivers/fsl_uart.o
 .text.UART_GetInstance
                0x00002a3c       0x54 ./drivers/fsl_uart.o
                0x00002a3c                UART_GetInstance
 .text.UART_Init
                0x00002a90      0x1e0 ./drivers/fsl_uart.o
                0x00002a90                UART_Init
 .text.UART_GetDefaultConfig
                0x00002c70       0x44 ./drivers/fsl_uart.o
                0x00002c70                UART_GetDefaultConfig
 .text.UART_ReadBlocking
                0x00002cb4       0x98 ./drivers/fsl_uart.o
                0x00002cb4                UART_ReadBlocking
 .text.UART1_DriverIRQHandler
                0x00002d4c       0x24 ./drivers/fsl_uart.o
                0x00002d4c                UART1_DriverIRQHandler
 .text.UART2_DriverIRQHandler
                0x00002d70       0x24 ./drivers/fsl_uart.o
                0x00002d70                UART2_DriverIRQHandler
 .text.CLOCK_SetLpsci0Clock
                0x00002d94       0x38 ./board/board.o
 .text.BOARD_InitDebugConsole
                0x00002dcc       0x30 ./board/board.o
                0x00002dcc                BOARD_InitDebugConsole
 .text.CLOCK_SetTpmClock
                0x00002dfc       0x38 ./board/clock_config.o
 .text.CLOCK_SetSimSafeDivs
                0x00002e34       0x20 ./board/clock_config.o
 .text.CLOCK_SetXtal0Freq
                0x00002e54       0x1c ./board/clock_config.o
 .text.CLOCK_SetXtal32Freq
                0x00002e70       0x1c ./board/clock_config.o
 .text.CLOCK_CONFIG_SetFllExtRefDiv
                0x00002e8c       0x3c ./board/clock_config.o
 .text.BOARD_BootClockRUN
                0x00002ec8       0x74 ./board/clock_config.o
                0x00002ec8                BOARD_BootClockRUN
 .text.CLOCK_EnableClock
                0x00002f3c       0x34 ./board/pin_mux.o
 .text.PORT_SetPinMux
                0x00002f70       0x40 ./board/pin_mux.o
 .text.BOARD_InitPins
                0x00002fb0       0xf8 ./board/pin_mux.o
                0x00002fb0                BOARD_InitPins
 .text.SystemInit
                0x000030a8       0x18 ./CMSIS/system_MKL25Z4.o
                0x000030a8                SystemInit
 .text.__assertion_failed
                0x000030c0       0x4c c:/nxp/mcuxpressoide_11.1.0_3209/ide/plugins/com.nxp.mcuxpresso.tools.win32_11.1.0.201909161352/tools/bin/../lib/gcc/arm-none-eabi/8.3.1/../../../../arm-none-eabi/lib/thumb/v6-m/nofp\libcr_semihost_nf.a(_cr_assert.o)
                0x000030c0                __assertion_failed
 .text.__sys_appexit
                0x0000310c        0xc c:/nxp/mcuxpressoide_11.1.0_3209/ide/plugins/com.nxp.mcuxpresso.tools.win32_11.1.0.201909161352/tools/bin/../lib/gcc/arm-none-eabi/8.3.1/../../../../arm-none-eabi/lib/thumb/v6-m/nofp\libcr_semihost_nf.a(__sys_appexit.o)
                0x0000310c                __sys_appexit
                0x0000310c                __exit
 .text._deferredlazyseek
                0x00003118       0x40 c:/nxp/mcuxpressoide_11.1.0_3209/ide/plugins/com.nxp.mcuxpresso.tools.win32_11.1.0.201909161352/tools/bin/../lib/gcc/arm-none-eabi/8.3.1/../../../../arm-none-eabi/lib/thumb/v6-m/nofp\libcr_c.a(_deferredlazyseek.o)
                0x00003118                _deferredlazyseek
 .text.__flsbuf
                0x00003158      0x14c c:/nxp/mcuxpressoide_11.1.0_3209/ide/plugins/com.nxp.mcuxpresso.tools.win32_11.1.0.201909161352/tools/bin/../lib/gcc/arm-none-eabi/8.3.1/../../../../arm-none-eabi/lib/thumb/v6-m/nofp\libcr_c.a(_deferredlazyseek.o)
                0x00003158                __flsbuf
 .text._fflush  0x000032a4       0x5c c:/nxp/mcuxpressoide_11.1.0_3209/ide/plugins/com.nxp.mcuxpresso.tools.win32_11.1.0.201909161352/tools/bin/../lib/gcc/arm-none-eabi/8.3.1/../../../../arm-none-eabi/lib/thumb/v6-m/nofp\libcr_c.a(_fflush.o)
                0x000032a4                _fflush
 .text._Cwritebuf
                0x00003300       0x68 c:/nxp/mcuxpressoide_11.1.0_3209/ide/plugins/com.nxp.mcuxpresso.tools.win32_11.1.0.201909161352/tools/bin/../lib/gcc/arm-none-eabi/8.3.1/../../../../arm-none-eabi/lib/thumb/v6-m/nofp\libcr_c.a(_writebuf.o)
                0x00003300                _Cwritebuf
 .text.malloc   0x00003368       0xcc c:/nxp/mcuxpressoide_11.1.0_3209/ide/plugins/com.nxp.mcuxpresso.tools.win32_11.1.0.201909161352/tools/bin/../lib/gcc/arm-none-eabi/8.3.1/../../../../arm-none-eabi/lib/thumb/v6-m/nofp\libcr_c.a(alloc.o)
                0x00003368                malloc
 .text._Csys_alloc
                0x00003434       0x20 c:/nxp/mcuxpressoide_11.1.0_3209/ide/plugins/com.nxp.mcuxpresso.tools.win32_11.1.0.201909161352/tools/bin/../lib/gcc/arm-none-eabi/8.3.1/../../../../arm-none-eabi/lib/thumb/v6-m/nofp\libcr_c.a(alloc.o)
                0x00003434                _Csys_alloc
 .text.atan2    0x00003454      0x108 c:/nxp/mcuxpressoide_11.1.0_3209/ide/plugins/com.nxp.mcuxpresso.tools.win32_11.1.0.201909161352/tools/bin/../lib/gcc/arm-none-eabi/8.3.1/../../../../arm-none-eabi/lib/thumb/v6-m/nofp\libcr_c.a(atan2.o)
                0x00003454                atan2
 .text.fseek    0x0000355c       0xf0 c:/nxp/mcuxpressoide_11.1.0_3209/ide/plugins/com.nxp.mcuxpresso.tools.win32_11.1.0.201909161352/tools/bin/../lib/gcc/arm-none-eabi/8.3.1/../../../../arm-none-eabi/lib/thumb/v6-m/nofp\libcr_c.a(fseek.o)
                0x0000355c                fseek
 .text.ftell    0x0000364c       0x48 c:/nxp/mcuxpressoide_11.1.0_3209/ide/plugins/com.nxp.mcuxpresso.tools.win32_11.1.0.201909161352/tools/bin/../lib/gcc/arm-none-eabi/8.3.1/../../../../arm-none-eabi/lib/thumb/v6-m/nofp\libcr_c.a(ftell.o)
                0x0000364c                ftell
 .text._initio  0x00003694       0x7c c:/nxp/mcuxpressoide_11.1.0_3209/ide/plugins/com.nxp.mcuxpresso.tools.win32_11.1.0.201909161352/tools/bin/../lib/gcc/arm-none-eabi/8.3.1/../../../../arm-none-eabi/lib/thumb/v6-m/nofp\libcr_c.a(initio.o)
                0x00003694                _initio
 .text.__vfprintf
                0x00003710      0xcd8 c:/nxp/mcuxpressoide_11.1.0_3209/ide/plugins/com.nxp.mcuxpresso.tools.win32_11.1.0.201909161352/tools/bin/../lib/gcc/arm-none-eabi/8.3.1/../../../../arm-none-eabi/lib/thumb/v6-m/nofp\libcr_c.a(printf.o)
                0x00003710                __vfprintf
 .text._vsnprintf
                0x000043e8       0x70 c:/nxp/mcuxpressoide_11.1.0_3209/ide/plugins/com.nxp.mcuxpresso.tools.win32_11.1.0.201909161352/tools/bin/../lib/gcc/arm-none-eabi/8.3.1/../../../../arm-none-eabi/lib/thumb/v6-m/nofp\libcr_c.a(printf.o)
                0x000043e8                _vsnprintf
 .text._printf  0x00004458       0x50 c:/nxp/mcuxpressoide_11.1.0_3209/ide/plugins/com.nxp.mcuxpresso.tools.win32_11.1.0.201909161352/tools/bin/../lib/gcc/arm-none-eabi/8.3.1/../../../../arm-none-eabi/lib/thumb/v6-m/nofp\libcr_c.a(printf.o)
                0x00004458                _printf
 .text.setvbuf  0x000044a8       0x4c c:/nxp/mcuxpressoide_11.1.0_3209/ide/plugins/com.nxp.mcuxpresso.tools.win32_11.1.0.201909161352/tools/bin/../lib/gcc/arm-none-eabi/8.3.1/../../../../arm-none-eabi/lib/thumb/v6-m/nofp\libcr_c.a(setvbuf.o)
                0x000044a8                setvbuf
 .text.sqrt     0x000044f4      0x13c c:/nxp/mcuxpressoide_11.1.0_3209/ide/plugins/com.nxp.mcuxpresso.tools.win32_11.1.0.201909161352/tools/bin/../lib/gcc/arm-none-eabi/8.3.1/../../../../arm-none-eabi/lib/thumb/v6-m/nofp\libcr_c.a(sqrt.o)
                0x000044f4                sqrt
 .text.strlen   0x00004630       0x58 c:/nxp/mcuxpressoide_11.1.0_3209/ide/plugins/com.nxp.mcuxpresso.tools.win32_11.1.0.201909161352/tools/bin/../lib/gcc/arm-none-eabi/8.3.1/../../../../arm-none-eabi/lib/thumb/v6-m/nofp\libcr_c.a(strlen.o)
                0x00004630                strlen
 .text._sbrk    0x00004688       0x40 c:/nxp/mcuxpressoide_11.1.0_3209/ide/plugins/com.nxp.mcuxpresso.tools.win32_11.1.0.201909161352/tools/bin/../lib/gcc/arm-none-eabi/8.3.1/../../../../arm-none-eabi/lib/thumb/v6-m/nofp\libcr_c.a(_cr_sbrk.o)
                0x00004688                _sbrk
 .text._fdopen  0x000046c8       0x74 c:/nxp/mcuxpressoide_11.1.0_3209/ide/plugins/com.nxp.mcuxpresso.tools.win32_11.1.0.201909161352/tools/bin/../lib/gcc/arm-none-eabi/8.3.1/../../../../arm-none-eabi/lib/thumb/v6-m/nofp\libcr_c.a(_fdopen.o)
                0x000046c8                _fdopen
 .text.atan     0x0000473c      0x204 c:/nxp/mcuxpressoide_11.1.0_3209/ide/plugins/com.nxp.mcuxpresso.tools.win32_11.1.0.201909161352/tools/bin/../lib/gcc/arm-none-eabi/8.3.1/../../../../arm-none-eabi/lib/thumb/v6-m/nofp\libcr_c.a(atan.o)
                0x0000473c                atan
 .text.fclose   0x00004940       0x5c c:/nxp/mcuxpressoide_11.1.0_3209/ide/plugins/com.nxp.mcuxpresso.tools.win32_11.1.0.201909161352/tools/bin/../lib/gcc/arm-none-eabi/8.3.1/../../../../arm-none-eabi/lib/thumb/v6-m/nofp\libcr_c.a(fclose.o)
                0x00004940                fclose
 .text.fflush   0x0000499c       0x44 c:/nxp/mcuxpressoide_11.1.0_3209/ide/plugins/com.nxp.mcuxpresso.tools.win32_11.1.0.201909161352/tools/bin/../lib/gcc/arm-none-eabi/8.3.1/../../../../arm-none-eabi/lib/thumb/v6-m/nofp\libcr_c.a(fflush.o)
                0x0000499c                fflush
 .text.__check_heap_overflow
                0x000049e0       0x14 c:/nxp/mcuxpressoide_11.1.0_3209/ide/plugins/com.nxp.mcuxpresso.tools.win32_11.1.0.201909161352/tools/bin/../lib/gcc/arm-none-eabi/8.3.1/../../../../arm-none-eabi/lib/thumb/v6-m/nofp\libcr_c.a(_cr_check_heap.o)
                0x000049e0                __check_heap_overflow
 .text._do_fflush
                0x000049f4       0x44 c:/nxp/mcuxpressoide_11.1.0_3209/ide/plugins/com.nxp.mcuxpresso.tools.win32_11.1.0.201909161352/tools/bin/../lib/gcc/arm-none-eabi/8.3.1/../../../../arm-none-eabi/lib/thumb/v6-m/nofp\libcr_c.a(_do_fflush.o)
                0x000049f4                _do_fflush
 .text.__aeabi_dmul
                0x00004a38      0x188 c:/nxp/mcuxpressoide_11.1.0_3209/ide/plugins/com.nxp.mcuxpresso.tools.win32_11.1.0.201909161352/tools/bin/../lib/gcc/arm-none-eabi/8.3.1/thumb/v6-m/nofp\libcr_eabihelpers.a(double.o)
                0x00004a38                __aeabi_dmul
 .text.__aeabi_ddiv
                0x00004bc0      0x148 c:/nxp/mcuxpressoide_11.1.0_3209/ide/plugins/com.nxp.mcuxpresso.tools.win32_11.1.0.201909161352/tools/bin/../lib/gcc/arm-none-eabi/8.3.1/thumb/v6-m/nofp\libcr_eabihelpers.a(double.o)
                0x00004bc0                __aeabi_ddiv
 .text.__aeabi_dsub
                0x00004d08      0x1c4 c:/nxp/mcuxpressoide_11.1.0_3209/ide/plugins/com.nxp.mcuxpresso.tools.win32_11.1.0.201909161352/tools/bin/../lib/gcc/arm-none-eabi/8.3.1/thumb/v6-m/nofp\libcr_eabihelpers.a(double.o)
                0x00004d08                __aeabi_dsub
 .text.__aeabi_dadd
                0x00004ecc      0x12c c:/nxp/mcuxpressoide_11.1.0_3209/ide/plugins/com.nxp.mcuxpresso.tools.win32_11.1.0.201909161352/tools/bin/../lib/gcc/arm-none-eabi/8.3.1/thumb/v6-m/nofp\libcr_eabihelpers.a(double.o)
                0x00004ecc                __aeabi_dadd
 .text.__aeabi_d2f
                0x00004ff8       0x60 c:/nxp/mcuxpressoide_11.1.0_3209/ide/plugins/com.nxp.mcuxpresso.tools.win32_11.1.0.201909161352/tools/bin/../lib/gcc/arm-none-eabi/8.3.1/thumb/v6-m/nofp\libcr_eabihelpers.a(double.o)
                0x00004ff8                __aeabi_d2f
 .text.__aeabi_d2iz
                0x00005058       0x4c c:/nxp/mcuxpressoide_11.1.0_3209/ide/plugins/com.nxp.mcuxpresso.tools.win32_11.1.0.201909161352/tools/bin/../lib/gcc/arm-none-eabi/8.3.1/thumb/v6-m/nofp\libcr_eabihelpers.a(double.o)
                0x00005058                __aeabi_d2iz
 .text.__aeabi_d2uiz
                0x000050a4       0x34 c:/nxp/mcuxpressoide_11.1.0_3209/ide/plugins/com.nxp.mcuxpresso.tools.win32_11.1.0.201909161352/tools/bin/../lib/gcc/arm-none-eabi/8.3.1/thumb/v6-m/nofp\libcr_eabihelpers.a(double.o)
                0x000050a4                __aeabi_d2uiz
 .text.__aeabi_dcmpeq
                0x000050d8       0x30 c:/nxp/mcuxpressoide_11.1.0_3209/ide/plugins/com.nxp.mcuxpresso.tools.win32_11.1.0.201909161352/tools/bin/../lib/gcc/arm-none-eabi/8.3.1/thumb/v6-m/nofp\libcr_eabihelpers.a(double.o)
                0x000050d8                __aeabi_dcmpeq
 .text.__aeabi_dcmplt
                0x00005108       0x60 c:/nxp/mcuxpressoide_11.1.0_3209/ide/plugins/com.nxp.mcuxpresso.tools.win32_11.1.0.201909161352/tools/bin/../lib/gcc/arm-none-eabi/8.3.1/thumb/v6-m/nofp\libcr_eabihelpers.a(double.o)
                0x00005108                __aeabi_dcmplt
 .text.__aeabi_dcmpgt
                0x00005168       0x58 c:/nxp/mcuxpressoide_11.1.0_3209/ide/plugins/com.nxp.mcuxpresso.tools.win32_11.1.0.201909161352/tools/bin/../lib/gcc/arm-none-eabi/8.3.1/thumb/v6-m/nofp\libcr_eabihelpers.a(double.o)
                0x00005168                __aeabi_dcmpgt
 .text.__aeabi_dcmple
                0x000051c0       0x58 c:/nxp/mcuxpressoide_11.1.0_3209/ide/plugins/com.nxp.mcuxpresso.tools.win32_11.1.0.201909161352/tools/bin/../lib/gcc/arm-none-eabi/8.3.1/thumb/v6-m/nofp\libcr_eabihelpers.a(double.o)
                0x000051c0                __aeabi_dcmple
 .text.__aeabi_fmul
                0x00005218       0xc4 c:/nxp/mcuxpressoide_11.1.0_3209/ide/plugins/com.nxp.mcuxpresso.tools.win32_11.1.0.201909161352/tools/bin/../lib/gcc/arm-none-eabi/8.3.1/thumb/v6-m/nofp\libcr_eabihelpers.a(float.o)
                0x00005218                __aeabi_fmul
 .text.__aeabi_fdiv
                0x000052dc       0xdc c:/nxp/mcuxpressoide_11.1.0_3209/ide/plugins/com.nxp.mcuxpresso.tools.win32_11.1.0.201909161352/tools/bin/../lib/gcc/arm-none-eabi/8.3.1/thumb/v6-m/nofp\libcr_eabihelpers.a(float.o)
                0x000052dc                __aeabi_fdiv
 .text.__aeabi_fsub
                0x000053b8      0x128 c:/nxp/mcuxpressoide_11.1.0_3209/ide/plugins/com.nxp.mcuxpresso.tools.win32_11.1.0.201909161352/tools/bin/../lib/gcc/arm-none-eabi/8.3.1/thumb/v6-m/nofp\libcr_eabihelpers.a(float.o)
                0x000053b8                __aeabi_fsub
 .text.__aeabi_fadd
                0x000054e0       0xac c:/nxp/mcuxpressoide_11.1.0_3209/ide/plugins/com.nxp.mcuxpresso.tools.win32_11.1.0.201909161352/tools/bin/../lib/gcc/arm-none-eabi/8.3.1/thumb/v6-m/nofp\libcr_eabihelpers.a(float.o)
                0x000054e0                __aeabi_fadd
 .text.__aeabi_f2iz
                0x0000558c       0x3c c:/nxp/mcuxpressoide_11.1.0_3209/ide/plugins/com.nxp.mcuxpresso.tools.win32_11.1.0.201909161352/tools/bin/../lib/gcc/arm-none-eabi/8.3.1/thumb/v6-m/nofp\libcr_eabihelpers.a(float.o)
                0x0000558c                __aeabi_f2iz
 .text.__aeabi_f2d
                0x000055c8       0x3c c:/nxp/mcuxpressoide_11.1.0_3209/ide/plugins/com.nxp.mcuxpresso.tools.win32_11.1.0.201909161352/tools/bin/../lib/gcc/arm-none-eabi/8.3.1/thumb/v6-m/nofp\libcr_eabihelpers.a(float.o)
                0x000055c8                __aeabi_f2d
 .text.UART_EnableTx
                0x00005604       0x40 ./utilities/fsl_debug_console.o
 .text.UART_EnableRx
                0x00005644       0x40 ./utilities/fsl_debug_console.o
 .text.LPSCI_EnableTx
                0x00005684       0x40 ./utilities/fsl_debug_console.o
 .text.LPSCI_EnableRx
                0x000056c4       0x40 ./utilities/fsl_debug_console.o
 .text.EnableIRQ
                0x00005704       0x2c ./source/Code_Braco.o
 .text.ACC_ReadRaw
                0x00005730       0xf4 ./source/Code_Braco.o
 .text.ACC_Init
                0x00005824       0xce ./source/Code_Braco.o
 .text.TPM_StartTimer
                0x000058f2       0x3a ./source/Code_Braco.o
 .text.PIT_EnableInterrupts
                0x0000592c       0x42 ./source/Code_Braco.o
 .text.PIT_GetStatusFlags
                0x0000596e       0x2c ./source/Code_Braco.o
 .text.PIT_ClearStatusFlags
                0x0000599a       0x2e ./source/Code_Braco.o
 .text.PIT_SetTimerPeriod
                0x000059c8       0x28 ./source/Code_Braco.o
 .text.PIT_StartTimer
                0x000059f0       0x3e ./source/Code_Braco.o
 .text.DAC_Enable
                0x00005a2e       0x4a ./source/Code_Braco.o
 .text.delay_1000
                0x00005a78       0x2e ./source/Code_Braco.o
                0x00005a78                delay_1000
 .text.OSC_SetExtRefClkConfig
                0x00005aa6       0x3e ./drivers/fsl_clock.o
 .text.OSC_SetCapLoad
                0x00005ae4       0x42 ./drivers/fsl_clock.o
 .text.CLOCK_GetPll0RefFreq
                0x00005b26       0x10 ./drivers/fsl_clock.o
 .text.CLOCK_SetExternalRefClkConfig
                0x00005b36       0x16 ./drivers/fsl_clock.o
                0x00005b36                CLOCK_SetExternalRefClkConfig
 .text.I2C_MasterClearStatusFlags
                0x00005b4c       0x38 ./drivers/fsl_i2c.o
 .text.I2C_MasterStop
                0x00005b84       0x64 ./drivers/fsl_i2c.o
                0x00005b84                I2C_MasterStop
 .text.I2C_MasterGetStatusFlags
                0x00005be8       0x32 ./drivers/fsl_i2c.o
                0x00005be8                I2C_MasterGetStatusFlags
 .text.I2C_MasterReadBlocking
                0x00005c1a       0xea ./drivers/fsl_i2c.o
                0x00005c1a                I2C_MasterReadBlocking
 .text.LPSCI_GetStatusFlags
                0x00005d04       0x26 ./drivers/fsl_lpsci.o
                0x00005d04                LPSCI_GetStatusFlags
 .text.UART_GetStatusFlags
                0x00005d2a       0x26 ./drivers/fsl_uart.o
                0x00005d2a                UART_GetStatusFlags
 .text.UART_WriteBlocking
                0x00005d50       0x3a ./drivers/fsl_uart.o
                0x00005d50                UART_WriteBlocking
 .text.BOARD_InitBootClocks
                0x00005d8a        0xe ./board/clock_config.o
                0x00005d8a                BOARD_InitBootClocks
 .text.BOARD_InitBootPeripherals
                0x00005d98        0xa ./board/peripherals.o
                0x00005d98                BOARD_InitBootPeripherals
 .text.BOARD_InitBootPins
                0x00005da2        0xe ./board/pin_mux.o
                0x00005da2                BOARD_InitBootPins
 .text.__main   0x00005db0        0xc c:/nxp/mcuxpressoide_11.1.0_3209/ide/plugins/com.nxp.mcuxpresso.tools.win32_11.1.0.201909161352/tools/bin/../lib/gcc/arm-none-eabi/8.3.1/../../../../arm-none-eabi/lib/thumb/v6-m/nofp\libcr_semihost_nf.a(_cr__main.o)
                0x00005db0                __CR_SEMIHOST
                0x00005db0                __main
 .text.memset   0x00005dbc        0x8 c:/nxp/mcuxpressoide_11.1.0_3209/ide/plugins/com.nxp.mcuxpresso.tools.win32_11.1.0.201909161352/tools/bin/../lib/gcc/arm-none-eabi/8.3.1/../../../../arm-none-eabi/lib/thumb/v6-m/nofp\libcr_c.a(memset.o)
                0x00005dbc                memset
 .text.free     0x00005dc4       0x2c c:/nxp/mcuxpressoide_11.1.0_3209/ide/plugins/com.nxp.mcuxpresso.tools.win32_11.1.0.201909161352/tools/bin/../lib/gcc/arm-none-eabi/8.3.1/../../../../arm-none-eabi/lib/thumb/v6-m/nofp\libcr_c.a(alloc.o)
                0x00005dc4                free
 .text.fabs     0x00005df0       0x22 c:/nxp/mcuxpressoide_11.1.0_3209/ide/plugins/com.nxp.mcuxpresso.tools.win32_11.1.0.201909161352/tools/bin/../lib/gcc/arm-none-eabi/8.3.1/../../../../arm-none-eabi/lib/thumb/v6-m/nofp\libcr_c.a(fabs.o)
                0x00005df0                fabs
 .text.fputs    0x00005e12       0x2e c:/nxp/mcuxpressoide_11.1.0_3209/ide/plugins/com.nxp.mcuxpresso.tools.win32_11.1.0.201909161352/tools/bin/../lib/gcc/arm-none-eabi/8.3.1/../../../../arm-none-eabi/lib/thumb/v6-m/nofp\libcr_c.a(fputs.o)
                0x00005e12                fputs
 .text.no_fp_display
                0x00005e40        0x4 c:/nxp/mcuxpressoide_11.1.0_3209/ide/plugins/com.nxp.mcuxpresso.tools.win32_11.1.0.201909161352/tools/bin/../lib/gcc/arm-none-eabi/8.3.1/../../../../arm-none-eabi/lib/thumb/v6-m/nofp\libcr_c.a(printf.o)
 .text.remove   0x00005e44       0x12 c:/nxp/mcuxpressoide_11.1.0_3209/ide/plugins/com.nxp.mcuxpresso.tools.win32_11.1.0.201909161352/tools/bin/../lib/gcc/arm-none-eabi/8.3.1/../../../../arm-none-eabi/lib/thumb/v6-m/nofp\libcr_c.a(remove.o)
                0x00005e44                remove
 .text.__aeabi_division_idivmod
                0x00005e56       0x78 c:/nxp/mcuxpressoide_11.1.0_3209/ide/plugins/com.nxp.mcuxpresso.tools.win32_11.1.0.201909161352/tools/bin/../lib/gcc/arm-none-eabi/8.3.1/thumb/v6-m/nofp\libcr_eabihelpers.a(division_32.o)
                0x00005e56                __aeabi_idivmod
                0x00005e56                __aeabi_idiv
                0x00005e5c                __aeabi_uidivmod
                0x00005e5c                __aeabi_uidiv
 .text.__aeabi_division_uldivmod
                0x00005ece       0x5a c:/nxp/mcuxpressoide_11.1.0_3209/ide/plugins/com.nxp.mcuxpresso.tools.win32_11.1.0.201909161352/tools/bin/../lib/gcc/arm-none-eabi/8.3.1/thumb/v6-m/nofp\libcr_eabihelpers.a(division_64.o)
                0x00005ece                __aeabi_uldivmod
 .text.__aeabi_division_idiv0
                0x00005f28        0x2 c:/nxp/mcuxpressoide_11.1.0_3209/ide/plugins/com.nxp.mcuxpresso.tools.win32_11.1.0.201909161352/tools/bin/../lib/gcc/arm-none-eabi/8.3.1/thumb/v6-m/nofp\libcr_eabihelpers.a(division_idiv0.o)
                0x00005f28                __aeabi_idiv0
 .text.__bhs_ui2d
                0x00005f2a       0x5e c:/nxp/mcuxpressoide_11.1.0_3209/ide/plugins/com.nxp.mcuxpresso.tools.win32_11.1.0.201909161352/tools/bin/../lib/gcc/arm-none-eabi/8.3.1/thumb/v6-m/nofp\libcr_eabihelpers.a(double.o)
                0x00005f2a                __bhs_ui2d
 .text.__aeabi_i2d
                0x00005f88       0x18 c:/nxp/mcuxpressoide_11.1.0_3209/ide/plugins/com.nxp.mcuxpresso.tools.win32_11.1.0.201909161352/tools/bin/../lib/gcc/arm-none-eabi/8.3.1/thumb/v6-m/nofp\libcr_eabihelpers.a(double.o)
                0x00005f88                __aeabi_i2d
 .text.__aeabi_f2uiz
                0x00005fa0       0x2a c:/nxp/mcuxpressoide_11.1.0_3209/ide/plugins/com.nxp.mcuxpresso.tools.win32_11.1.0.201909161352/tools/bin/../lib/gcc/arm-none-eabi/8.3.1/thumb/v6-m/nofp\libcr_eabihelpers.a(float.o)
                0x00005fa0                __aeabi_f2uiz
 .text.__bhs_ui2f
                0x00005fca       0x62 c:/nxp/mcuxpressoide_11.1.0_3209/ide/plugins/com.nxp.mcuxpresso.tools.win32_11.1.0.201909161352/tools/bin/../lib/gcc/arm-none-eabi/8.3.1/thumb/v6-m/nofp\libcr_eabihelpers.a(float.o)
                0x00005fca                __bhs_ui2f
 .text.__aeabi_i2f
                0x0000602c       0x18 c:/nxp/mcuxpressoide_11.1.0_3209/ide/plugins/com.nxp.mcuxpresso.tools.win32_11.1.0.201909161352/tools/bin/../lib/gcc/arm-none-eabi/8.3.1/thumb/v6-m/nofp\libcr_eabihelpers.a(float.o)
                0x0000602c                __aeabi_i2f
 .text.__aeabi_llong_lmul
                0x00006044       0x2e c:/nxp/mcuxpressoide_11.1.0_3209/ide/plugins/com.nxp.mcuxpresso.tools.win32_11.1.0.201909161352/tools/bin/../lib/gcc/arm-none-eabi/8.3.1/thumb/v6-m/nofp\libcr_eabihelpers.a(llong.o)
                0x00006044                __aeabi_lmul
 .text.__aeabi_memset_lowlevel
                0x00006072       0x2a c:/nxp/mcuxpressoide_11.1.0_3209/ide/plugins/com.nxp.mcuxpresso.tools.win32_11.1.0.201909161352/tools/bin/../lib/gcc/arm-none-eabi/8.3.1/thumb/v6-m/nofp\libcr_eabihelpers.a(memcpy.o)
                0x00006072                __aeabi_lowlevel_memset
 .text.__sys_close
                0x0000609c        0xc c:/nxp/mcuxpressoide_11.1.0_3209/ide/plugins/com.nxp.mcuxpresso.tools.win32_11.1.0.201909161352/tools/bin/../lib/gcc/arm-none-eabi/8.3.1/../../../../arm-none-eabi/lib/thumb/v6-m/nofp\libcr_semihost_nf.a(__sys_close.o)
                0x0000609c                __sys_close
 .text.__sys_flen
                0x000060a8        0xc c:/nxp/mcuxpressoide_11.1.0_3209/ide/plugins/com.nxp.mcuxpresso.tools.win32_11.1.0.201909161352/tools/bin/../lib/gcc/arm-none-eabi/8.3.1/../../../../arm-none-eabi/lib/thumb/v6-m/nofp\libcr_semihost_nf.a(__sys_flen.o)
                0x000060a8                __sys_flen
 .text.__sys_istty
                0x000060b4        0xc c:/nxp/mcuxpressoide_11.1.0_3209/ide/plugins/com.nxp.mcuxpresso.tools.win32_11.1.0.201909161352/tools/bin/../lib/gcc/arm-none-eabi/8.3.1/../../../../arm-none-eabi/lib/thumb/v6-m/nofp\libcr_semihost_nf.a(__sys_istty.o)
                0x000060b4                __sys_istty
 .text.__sys_remove
                0x000060c0        0xc c:/nxp/mcuxpressoide_11.1.0_3209/ide/plugins/com.nxp.mcuxpresso.tools.win32_11.1.0.201909161352/tools/bin/../lib/gcc/arm-none-eabi/8.3.1/../../../../arm-none-eabi/lib/thumb/v6-m/nofp\libcr_semihost_nf.a(__sys_remove.o)
                0x000060c0                __sys_remove
 .text.__sys_seek
                0x000060cc        0xc c:/nxp/mcuxpressoide_11.1.0_3209/ide/plugins/com.nxp.mcuxpresso.tools.win32_11.1.0.201909161352/tools/bin/../lib/gcc/arm-none-eabi/8.3.1/../../../../arm-none-eabi/lib/thumb/v6-m/nofp\libcr_semihost_nf.a(__sys_seek.o)
                0x000060cc                __sys_seek
 .text.__sys_tmpnam
                0x000060d8        0xc c:/nxp/mcuxpressoide_11.1.0_3209/ide/plugins/com.nxp.mcuxpresso.tools.win32_11.1.0.201909161352/tools/bin/../lib/gcc/arm-none-eabi/8.3.1/../../../../arm-none-eabi/lib/thumb/v6-m/nofp\libcr_semihost_nf.a(__sys_tmpnam.o)
                0x000060d8                __sys_tmpnam
 .text.__sys_write
                0x000060e4        0xc c:/nxp/mcuxpressoide_11.1.0_3209/ide/plugins/com.nxp.mcuxpresso.tools.win32_11.1.0.201909161352/tools/bin/../lib/gcc/arm-none-eabi/8.3.1/../../../../arm-none-eabi/lib/thumb/v6-m/nofp\libcr_semihost_nf.a(__sys_write.o)
                0x000060e4                __sys_write
 *(SORT_BY_ALIGNMENT(.rodata) SORT_BY_ALIGNMENT(.rodata.*) SORT_BY_ALIGNMENT(.constdata) SORT_BY_ALIGNMENT(.constdata.*))
 .rodata.a.3969
                0x000060f0       0x20 c:/nxp/mcuxpressoide_11.1.0_3209/ide/plugins/com.nxp.mcuxpresso.tools.win32_11.1.0.201909161352/tools/bin/../lib/gcc/arm-none-eabi/8.3.1/../../../../arm-none-eabi/lib/thumb/v6-m/nofp\libcr_c.a(atan.o)
 .rodata.PIT_GetDefaultConfig.str1.4
                0x00006110       0x79 ./source/Code_Braco.o
 *fill*         0x00006189        0x3 ff
 .rodata.configurar_interrupcao_Hz.str1.4
                0x0000618c       0x1c ./source/Code_Braco.o
 .rodata        0x000061a8        0xc ./source/Code_Braco.o
 .rodata.inicializar_sensores.str1.4
                0x000061b4       0x19 ./source/Code_Braco.o
 *fill*         0x000061cd        0x3 ff
 .rodata.rotina_interrupcao_1.str1.4
                0x000061d0        0xc ./source/Code_Braco.o
 .rodata.main.str1.4
                0x000061dc       0x59 ./source/Code_Braco.o
 *fill*         0x00006235        0x3 ff
 .rodata.CLOCK_GetMcgExtClkFreq.str1.4
                0x00006238       0x1f ./drivers/fsl_clock.o
 *fill*         0x00006257        0x1 ff
 .rodata.CLOCK_GetPll0Freq.str1.4
                0x00006258       0x1e ./drivers/fsl_clock.o
 *fill*         0x00006276        0x2 ff
 .rodata.CLOCK_EnablePll0.str1.4
                0x00006278       0x1a ./drivers/fsl_clock.o
 *fill*         0x00006292        0x2 ff
 .rodata.CLOCK_SetPbeMode.str1.4
                0x00006294       0x1b ./drivers/fsl_clock.o
 *fill*         0x000062af        0x1 ff
 .rodata.CLOCK_BootToPeeMode.str1.4
                0x000062b0       0x1b ./drivers/fsl_clock.o
 *fill*         0x000062cb        0x1 ff
 .rodata.fllFactorTable.5230
                0x000062cc       0x10 ./drivers/fsl_clock.o
 .rodata.DAC_GetInstance.str1.4
                0x000062dc       0x32 ./drivers/fsl_dac.o
 *fill*         0x0000630e        0x2 ff
 .rodata.DAC_Init.str1.4
                0x00006310       0x1f ./drivers/fsl_dac.o
 *fill*         0x0000632f        0x1 ff
 .rodata.DAC_SetBufferValue.str1.4
                0x00006330       0x28 ./drivers/fsl_dac.o
 .rodata.DAC_SetBufferReadPointer.str1.4
                0x00006358       0x28 ./drivers/fsl_dac.o
 .rodata.DMA_ClearChannelStatusFlags.str1.4
                0x00006380       0x3d ./drivers/fsl_dma.o
 *fill*         0x000063bd        0x3 ff
 .rodata.DMA_HandleIRQ.str1.4
                0x000063c0       0x20 ./drivers/fsl_dma.o
 .rodata.s_i2cDividerTable
                0x000063e0       0x80 ./drivers/fsl_i2c.o
 .rodata.s_i2cBases
                0x00006460        0x8 ./drivers/fsl_i2c.o
 .rodata.s_i2cClocks
                0x00006468        0x8 ./drivers/fsl_i2c.o
 .rodata.I2C_GetInstance.str1.4
                0x00006470       0x33 ./drivers/fsl_i2c.o
 *fill*         0x000064a3        0x1 ff
 .rodata.I2C_MasterInit.str1.4
                0x000064a4       0x2d ./drivers/fsl_i2c.o
 *fill*         0x000064d1        0x3 ff
 .rodata.I2C_MasterTransferBlocking.str1.4
                0x000064d4       0x16 ./drivers/fsl_i2c.o
 *fill*         0x000064ea        0x2 ff
 .rodata.LPSCI_GetInstance.str1.4
                0x000064ec       0x37 ./drivers/fsl_lpsci.o
 *fill*         0x00006523        0x1 ff
 .rodata.LPSCI_Init.str1.4
                0x00006524       0x44 ./drivers/fsl_lpsci.o
 .rodata.LPSCI_GetDefaultConfig.str1.4
                0x00006568       0x1a ./drivers/fsl_lpsci.o
 *fill*         0x00006582        0x2 ff
 .rodata.LPSCI_WriteBlocking.str1.4
                0x00006584       0x18 ./drivers/fsl_lpsci.o
 .rodata.LPSCI_ReadBlocking.str1.4
                0x0000659c       0x18 ./drivers/fsl_lpsci.o
 .rodata.PIT_GetInstance.str1.4
                0x000065b4       0x32 ./drivers/fsl_pit.o
 *fill*         0x000065e6        0x2 ff
 .rodata.PIT_Init.str1.4
                0x000065e8       0x17 ./drivers/fsl_pit.o
 *fill*         0x000065ff        0x1 ff
 .rodata.s_tpmBases
                0x00006600        0xc ./drivers/fsl_tpm.o
 .rodata.s_tpmClocks
                0x0000660c        0xc ./drivers/fsl_tpm.o
 .rodata.TPM_GetInstance.str1.4
                0x00006618       0x29 ./drivers/fsl_tpm.o
 *fill*         0x00006641        0x3 ff
 .rodata.TPM_Init.str1.4
                0x00006644       0x17 ./drivers/fsl_tpm.o
 *fill*         0x0000665b        0x1 ff
 .rodata.TPM_SetupPwm.str1.4
                0x0000665c       0x71 ./drivers/fsl_tpm.o
 *fill*         0x000066cd        0x3 ff
 .rodata.s_uartBases
                0x000066d0        0xc ./drivers/fsl_uart.o
 .rodata.s_uartClock
                0x000066dc        0xc ./drivers/fsl_uart.o
 .rodata.UART_GetInstance.str1.4
                0x000066e8       0x2c ./drivers/fsl_uart.o
 .rodata.UART_Init.str1.4
                0x00006714       0x43 ./drivers/fsl_uart.o
 *fill*         0x00006757        0x1 ff
 .rodata.UART_GetDefaultConfig.str1.4
                0x00006758       0x19 ./drivers/fsl_uart.o
 *fill*         0x00006771        0x3 ff
 .rodata.UART_ReadBlocking.str1.4
                0x00006774       0x18 ./drivers/fsl_uart.o
                                 0x17 (size before relaxing)
 .rodata.mcgConfig_BOARD_BootClockRUN
                0x0000678c        0xa ./board/clock_config.o
                0x0000678c                mcgConfig_BOARD_BootClockRUN
 *fill*         0x00006796        0x2 ff
 .rodata.simConfig_BOARD_BootClockRUN
                0x00006798        0x8 ./board/clock_config.o
                0x00006798                simConfig_BOARD_BootClockRUN
 .rodata.oscConfig_BOARD_BootClockRUN
                0x000067a0        0x8 ./board/clock_config.o
                0x000067a0                oscConfig_BOARD_BootClockRUN
 .rodata.__num_Ciob_streams
                0x000067a8        0x4 c:/nxp/mcuxpressoide_11.1.0_3209/ide/plugins/com.nxp.mcuxpresso.tools.win32_11.1.0.201909161352/tools/bin/../lib/gcc/arm-none-eabi/8.3.1/../../../../arm-none-eabi/lib/thumb/v6-m/nofp\libcr_semihost_nf.a(__ciob.o)
                0x000067a8                __num_Ciob_streams
 .rodata.__assertion_failed.str1.1
                0x000067ac       0x15 c:/nxp/mcuxpressoide_11.1.0_3209/ide/plugins/com.nxp.mcuxpresso.tools.win32_11.1.0.201909161352/tools/bin/../lib/gcc/arm-none-eabi/8.3.1/../../../../arm-none-eabi/lib/thumb/v6-m/nofp\libcr_semihost_nf.a(_cr_assert.o)
 .rodata._Csys_alloc.str1.1
                0x000067c1       0x18 c:/nxp/mcuxpressoide_11.1.0_3209/ide/plugins/com.nxp.mcuxpresso.tools.win32_11.1.0.201909161352/tools/bin/../lib/gcc/arm-none-eabi/8.3.1/../../../../arm-none-eabi/lib/thumb/v6-m/nofp\libcr_c.a(alloc.o)
 .rodata._initio.str1.1
                0x000067d9        0x4 c:/nxp/mcuxpressoide_11.1.0_3209/ide/plugins/com.nxp.mcuxpresso.tools.win32_11.1.0.201909161352/tools/bin/../lib/gcc/arm-none-eabi/8.3.1/../../../../arm-none-eabi/lib/thumb/v6-m/nofp\libcr_c.a(initio.o)
 .rodata.__vfprintf.str1.1
                0x000067dd       0x35 c:/nxp/mcuxpressoide_11.1.0_3209/ide/plugins/com.nxp.mcuxpresso.tools.win32_11.1.0.201909161352/tools/bin/../lib/gcc/arm-none-eabi/8.3.1/../../../../arm-none-eabi/lib/thumb/v6-m/nofp\libcr_c.a(printf.o)
                                 0x38 (size before relaxing)
                0x00006814                . = ALIGN (0x4)
 *fill*         0x00006812        0x2 ff

.glue_7         0x00006814        0x0
 .glue_7        0x00006814        0x0 linker stubs

.glue_7t        0x00006814        0x0
 .glue_7t       0x00006814        0x0 linker stubs

.vfp11_veneer   0x00006814        0x0
 .vfp11_veneer  0x00006814        0x0 linker stubs

.v4_bx          0x00006814        0x0
 .v4_bx         0x00006814        0x0 linker stubs

.iplt           0x00006814        0x0
 .iplt          0x00006814        0x0 ./utilities/fsl_debug_console.o

.rel.dyn        0x00006814        0x0
 .rel.iplt      0x00006814        0x0 ./utilities/fsl_debug_console.o

.ARM.extab
 *(SORT_BY_ALIGNMENT(.ARM.extab*) SORT_BY_ALIGNMENT(.gnu.linkonce.armextab.*))
                0x00006814                __exidx_start = .

.ARM.exidx
 *(SORT_BY_ALIGNMENT(.ARM.exidx*) SORT_BY_ALIGNMENT(.gnu.linkonce.armexidx.*))
                0x00006814                __exidx_end = .
                0x00006814                _etext = .

.m_usb_data
 *(SORT_BY_ALIGNMENT(m_usb_bdt))

.mtb_buffer_default
                0x1ffff000       0x80
 *(SORT_BY_ALIGNMENT(.mtb*))
 .mtb.$RAM1     0x1ffff000       0x80 ./source/mtb.o
                0x1ffff000                __mtb_buffer__

.uninit_RESERVED
                0x1ffff080        0x0
                0x1ffff080                _start_uninit_RESERVED = .
 *(SORT_BY_ALIGNMENT(.bss.$RESERVED*))
                0x1ffff080                . = ALIGN (0x4)
                0x1ffff080                _end_uninit_RESERVED = .

.data           0x1ffff080      0x1f8 load address 0x00006814
 FILL mask 0xff
                0x1ffff080                _data = .
                [!provide]                PROVIDE (__start_data_RAM = .)
                [!provide]                PROVIDE (__start_data_SRAM = .)
 *(SORT_BY_ALIGNMENT(vtable))
 *(SORT_BY_ALIGNMENT(.ramfunc*))
 *(SORT_BY_ALIGNMENT(CodeQuickAccess))
 *(SORT_BY_ALIGNMENT(DataQuickAccess))
 *(SORT_BY_ALIGNMENT(RamFunction))
 *(SORT_BY_ALIGNMENT(.data*))
 .data.acc_1    0x1ffff080       0x54 ./source/Code_Braco.o
                0x1ffff080                acc_1
 .data.valor_prbs
                0x1ffff0d4      0x190 ./source/Code_Braco.o
                0x1ffff0d4                valor_prbs
 .data.k        0x1ffff264        0x4 ./source/Code_Braco.o
                0x1ffff264                k
 .data.limit_inf
                0x1ffff268        0x4 ./source/Code_Braco.o
                0x1ffff268                limit_inf
 .data.s_slowIrcFreq
                0x1ffff26c        0x4 ./drivers/fsl_clock.o
 .data.s_fastIrcFreq
                0x1ffff270        0x4 ./drivers/fsl_clock.o
 .data.SystemCoreClock
                0x1ffff274        0x4 ./CMSIS/system_MKL25Z4.o
                0x1ffff274                SystemCoreClock
                0x1ffff278                . = ALIGN (0x4)
                0x1ffff278                _edata = .
                [!provide]                PROVIDE (__end_data_RAM = .)
                [!provide]                PROVIDE (__end_data_SRAM = .)

.igot.plt       0x1ffff278        0x0 load address 0x00006a0c
 .igot.plt      0x1ffff278        0x0 ./utilities/fsl_debug_console.o

.bss            0x1ffff278      0x130
                0x1ffff278                _bss = .
                [!provide]                PROVIDE (__start_bss_RAM = .)
                [!provide]                PROVIDE (__start_bss_SRAM = .)
 *(SORT_BY_ALIGNMENT(.bss*))
 .bss.s_debugConsole
                0x1ffff278       0x10 ./utilities/fsl_debug_console.o
 .bss.angGy     0x1ffff288        0x4 ./source/Code_Braco.o
                0x1ffff288                angGy
 .bss.angGy_aux
                0x1ffff28c        0x4 ./source/Code_Braco.o
                0x1ffff28c                angGy_aux
 .bss.acc_pitch
                0x1ffff290        0x4 ./source/Code_Braco.o
                0x1ffff290                acc_pitch
 .bss.fused     0x1ffff294        0x4 ./source/Code_Braco.o
                0x1ffff294                fused
 .bss.amostra   0x1ffff298        0x4 ./source/Code_Braco.o
                0x1ffff298                amostra
 .bss.valor_pwm
                0x1ffff29c        0x4 ./source/Code_Braco.o
                0x1ffff29c                valor_pwm
 .bss.tempo     0x1ffff2a0        0x4 ./source/Code_Braco.o
                0x1ffff2a0                tempo
 .bss.DAC_CONFIG.6101
                0x1ffff2a4        0x2 ./source/Code_Braco.o
 *fill*         0x1ffff2a6        0x2 
 .bss.g_xtal0Freq
                0x1ffff2a8        0x4 ./drivers/fsl_clock.o
                0x1ffff2a8                g_xtal0Freq
 .bss.g_xtal32Freq
                0x1ffff2ac        0x4 ./drivers/fsl_clock.o
                0x1ffff2ac                g_xtal32Freq
 .bss.s_DMAHandle
                0x1ffff2b0       0x10 ./drivers/fsl_dma.o
 .bss.s_i2cHandle
                0x1ffff2c0        0x8 ./drivers/fsl_i2c.o
 .bss.s_i2cMasterIsr
                0x1ffff2c8        0x4 ./drivers/fsl_i2c.o
 .bss.s_i2cSlaveIsr
                0x1ffff2cc        0x4 ./drivers/fsl_i2c.o
 .bss.s_lpsciHandle
                0x1ffff2d0        0x4 ./drivers/fsl_lpsci.o
 .bss.s_lpsciIsr
                0x1ffff2d4        0x4 ./drivers/fsl_lpsci.o
 .bss.s_uartHandle
                0x1ffff2d8        0xc ./drivers/fsl_uart.o
 .bss.s_uartIsr
                0x1ffff2e4        0x4 ./drivers/fsl_uart.o
 .bss.__Ciob    0x1ffff2e8       0xb4 c:/nxp/mcuxpressoide_11.1.0_3209/ide/plugins/com.nxp.mcuxpresso.tools.win32_11.1.0.201909161352/tools/bin/../lib/gcc/arm-none-eabi/8.3.1/../../../../arm-none-eabi/lib/thumb/v6-m/nofp\libcr_semihost_nf.a(__ciob.o)
                0x1ffff2e8                __Ciob
 .bss.errno     0x1ffff39c        0x4 c:/nxp/mcuxpressoide_11.1.0_3209/ide/plugins/com.nxp.mcuxpresso.tools.win32_11.1.0.201909161352/tools/bin/../lib/gcc/arm-none-eabi/8.3.1/../../../../arm-none-eabi/lib/thumb/v6-m/nofp\libcr_c.a(errno.o)
                0x1ffff39c                errno
 .bss.__end_of_heap
                0x1ffff3a0        0x4 c:/nxp/mcuxpressoide_11.1.0_3209/ide/plugins/com.nxp.mcuxpresso.tools.win32_11.1.0.201909161352/tools/bin/../lib/gcc/arm-none-eabi/8.3.1/../../../../arm-none-eabi/lib/thumb/v6-m/nofp\libcr_c.a(__init_alloc.o)
                0x1ffff3a0                __end_of_heap
 .bss.__heaps   0x1ffff3a4        0x4 c:/nxp/mcuxpressoide_11.1.0_3209/ide/plugins/com.nxp.mcuxpresso.tools.win32_11.1.0.201909161352/tools/bin/../lib/gcc/arm-none-eabi/8.3.1/../../../../arm-none-eabi/lib/thumb/v6-m/nofp\libcr_c.a(__init_alloc.o)
                0x1ffff3a4                __heaps
 *(SORT_BY_ALIGNMENT(COMMON))
                0x1ffff3a8                . = ALIGN (0x4)
                0x1ffff3a8                _ebss = .
                [!provide]                PROVIDE (__end_bss_RAM = .)
                [!provide]                PROVIDE (__end_bss_SRAM = .)
                [!provide]                PROVIDE (end = .)

.noinit         0x1ffff3a8        0x0
                0x1ffff3a8                _noinit = .
                [!provide]                PROVIDE (__start_noinit_RAM = .)
                [!provide]                PROVIDE (__start_noinit_SRAM = .)
 *(SORT_BY_ALIGNMENT(.noinit*))
                0x1ffff3a8                . = ALIGN (0x4)
                0x1ffff3a8                _end_noinit = .
                [!provide]                PROVIDE (__end_noinit_RAM = .)
                [!provide]                PROVIDE (__end_noinit_SRAM = .)
                0x00000400                _HeapSize = 0x400

.heap           0x1ffff3a8      0x400
                0x1ffff3a8                _pvHeapStart = .
                0x1ffff7a8                . = (. + _HeapSize)
 *fill*         0x1ffff3a8      0x400 
                0x1ffff7a8                . = ALIGN (0x4)
                0x1ffff7a8                _pvHeapLimit = .
                0x00000400                _StackSize = 0x400

.heap2stackfill
                0x1ffff7a8      0x400
                0x1ffffba8                . = (. + _StackSize)
 *fill*         0x1ffff7a8      0x400 

.stack          0x20002c00        0x0
                0x20002c00                _vStackBase = .
                0x20002c00                . = ALIGN (0x4)
                0x20003000                _vStackTop = (. + _StackSize)
                0x00000000                _image_start = LOADADDR (.text)
                0x00006a0c                _image_end = (LOADADDR (.data) + SIZEOF (.data))
                0x00006a0c                _image_size = (_image_end - _image_start)
OUTPUT(Code_Braco.axf elf32-littlearm)

.debug_info     0x00000000     0xcf57
 .debug_info    0x00000000      0x9b5 ./utilities/fsl_debug_console.o
 .debug_info    0x000009b5      0x4df ./startup/startup_mkl25z4.o
 .debug_info    0x00000e94     0x1a78 ./source/Code_Braco.o
 .debug_info    0x0000290c       0x53 ./source/mtb.o
 .debug_info    0x0000295f       0x3c ./source/semihost_hardfault.o
 .debug_info    0x0000299b     0x1a97 ./drivers/fsl_clock.o
 .debug_info    0x00004432      0x8ba ./drivers/fsl_dac.o
 .debug_info    0x00004cec      0xf4e ./drivers/fsl_dma.o
 .debug_info    0x00005c3a     0x1a9a ./drivers/fsl_i2c.o
 .debug_info    0x000076d4     0x1469 ./drivers/fsl_lpsci.o
 .debug_info    0x00008b3d      0x62e ./drivers/fsl_pit.o
 .debug_info    0x0000916b      0xc74 ./drivers/fsl_tpm.o
 .debug_info    0x00009ddf     0x140a ./drivers/fsl_uart.o
 .debug_info    0x0000b1e9      0x80b ./board/board.o
 .debug_info    0x0000b9f4      0xb4b ./board/clock_config.o
 .debug_info    0x0000c53f       0x3c ./board/peripherals.o
 .debug_info    0x0000c57b      0x5a3 ./board/pin_mux.o
 .debug_info    0x0000cb1e      0x439 ./CMSIS/system_MKL25Z4.o

.debug_abbrev   0x00000000     0x25e4
 .debug_abbrev  0x00000000      0x21b ./utilities/fsl_debug_console.o
 .debug_abbrev  0x0000021b      0x18d ./startup/startup_mkl25z4.o
 .debug_abbrev  0x000003a8      0x3c4 ./source/Code_Braco.o
 .debug_abbrev  0x0000076c       0x46 ./source/mtb.o
 .debug_abbrev  0x000007b2       0x31 ./source/semihost_hardfault.o
 .debug_abbrev  0x000007e3      0x36f ./drivers/fsl_clock.o
 .debug_abbrev  0x00000b52      0x237 ./drivers/fsl_dac.o
 .debug_abbrev  0x00000d89      0x2ec ./drivers/fsl_dma.o
 .debug_abbrev  0x00001075      0x36e ./drivers/fsl_i2c.o
 .debug_abbrev  0x000013e3      0x309 ./drivers/fsl_lpsci.o
 .debug_abbrev  0x000016ec      0x221 ./drivers/fsl_pit.o
 .debug_abbrev  0x0000190d      0x282 ./drivers/fsl_tpm.o
 .debug_abbrev  0x00001b8f      0x323 ./drivers/fsl_uart.o
 .debug_abbrev  0x00001eb2      0x1a7 ./board/board.o
 .debug_abbrev  0x00002059      0x249 ./board/clock_config.o
 .debug_abbrev  0x000022a2       0x31 ./board/peripherals.o
 .debug_abbrev  0x000022d3      0x1bb ./board/pin_mux.o
 .debug_abbrev  0x0000248e      0x156 ./CMSIS/system_MKL25Z4.o

.debug_aranges  0x00000000      0xbc8
 .debug_aranges
                0x00000000       0x48 ./utilities/fsl_debug_console.o
 .debug_aranges
                0x00000048      0x160 ./startup/startup_mkl25z4.o
 .debug_aranges
                0x000001a8      0x110 ./source/Code_Braco.o
 .debug_aranges
                0x000002b8       0x18 ./source/mtb.o
 .debug_aranges
                0x000002d0       0x20 ./source/semihost_hardfault.o
 .debug_aranges
                0x000002f0      0x1d8 ./drivers/fsl_clock.o
 .debug_aranges
                0x000004c8       0x90 ./drivers/fsl_dac.o
 .debug_aranges
                0x00000558       0xd0 ./drivers/fsl_dma.o
 .debug_aranges
                0x00000628      0x178 ./drivers/fsl_i2c.o
 .debug_aranges
                0x000007a0      0x118 ./drivers/fsl_lpsci.o
 .debug_aranges
                0x000008b8       0x48 ./drivers/fsl_pit.o
 .debug_aranges
                0x00000900       0x88 ./drivers/fsl_tpm.o
 .debug_aranges
                0x00000988      0x130 ./drivers/fsl_uart.o
 .debug_aranges
                0x00000ab8       0x28 ./board/board.o
 .debug_aranges
                0x00000ae0       0x68 ./board/clock_config.o
 .debug_aranges
                0x00000b48       0x20 ./board/peripherals.o
 .debug_aranges
                0x00000b68       0x38 ./board/pin_mux.o
 .debug_aranges
                0x00000ba0       0x28 ./CMSIS/system_MKL25Z4.o

.debug_ranges   0x00000000      0xaa0
 .debug_ranges  0x00000000       0x38 ./utilities/fsl_debug_console.o
 .debug_ranges  0x00000038      0x150 ./startup/startup_mkl25z4.o
 .debug_ranges  0x00000188      0x100 ./source/Code_Braco.o
 .debug_ranges  0x00000288       0x10 ./source/semihost_hardfault.o
 .debug_ranges  0x00000298      0x1c8 ./drivers/fsl_clock.o
 .debug_ranges  0x00000460       0x80 ./drivers/fsl_dac.o
 .debug_ranges  0x000004e0       0xc0 ./drivers/fsl_dma.o
 .debug_ranges  0x000005a0      0x168 ./drivers/fsl_i2c.o
 .debug_ranges  0x00000708      0x108 ./drivers/fsl_lpsci.o
 .debug_ranges  0x00000810       0x38 ./drivers/fsl_pit.o
 .debug_ranges  0x00000848       0x78 ./drivers/fsl_tpm.o
 .debug_ranges  0x000008c0      0x120 ./drivers/fsl_uart.o
 .debug_ranges  0x000009e0       0x18 ./board/board.o
 .debug_ranges  0x000009f8       0x58 ./board/clock_config.o
 .debug_ranges  0x00000a50       0x10 ./board/peripherals.o
 .debug_ranges  0x00000a60       0x28 ./board/pin_mux.o
 .debug_ranges  0x00000a88       0x18 ./CMSIS/system_MKL25Z4.o

.debug_macro    0x00000000     0x90a7
 .debug_macro   0x00000000      0x13a ./utilities/fsl_debug_console.o
 .debug_macro   0x0000013a      0xaa8 ./utilities/fsl_debug_console.o
 .debug_macro   0x00000be2       0x10 ./utilities/fsl_debug_console.o
 .debug_macro   0x00000bf2       0x16 ./utilities/fsl_debug_console.o
 .debug_macro   0x00000c08       0x10 ./utilities/fsl_debug_console.o
 .debug_macro   0x00000c18      0x12e ./utilities/fsl_debug_console.o
 .debug_macro   0x00000d46       0x28 ./utilities/fsl_debug_console.o
 .debug_macro   0x00000d6e       0xc4 ./utilities/fsl_debug_console.o
 .debug_macro   0x00000e32       0x16 ./utilities/fsl_debug_console.o
 .debug_macro   0x00000e48       0x22 ./utilities/fsl_debug_console.o
 .debug_macro   0x00000e6a      0x5b3 ./utilities/fsl_debug_console.o
 .debug_macro   0x0000141d       0x10 ./utilities/fsl_debug_console.o
 .debug_macro   0x0000142d       0x3f ./utilities/fsl_debug_console.o
 .debug_macro   0x0000146c       0x3a ./utilities/fsl_debug_console.o
 .debug_macro   0x000014a6       0x26 ./utilities/fsl_debug_console.o
 .debug_macro   0x000014cc      0x329 ./utilities/fsl_debug_console.o
 .debug_macro   0x000017f5       0x30 ./utilities/fsl_debug_console.o
 .debug_macro   0x00001825     0x51e2 ./utilities/fsl_debug_console.o
 .debug_macro   0x00006a07     0x1352 ./utilities/fsl_debug_console.o
 .debug_macro   0x00007d59       0x3a ./utilities/fsl_debug_console.o
 .debug_macro   0x00007d93       0xf4 ./utilities/fsl_debug_console.o
 .debug_macro   0x00007e87       0x35 ./utilities/fsl_debug_console.o
 .debug_macro   0x00007ebc       0xd2 ./utilities/fsl_debug_console.o
 .debug_macro   0x00007f8e       0x2e ./utilities/fsl_debug_console.o
 .debug_macro   0x00007fbc       0x10 ./utilities/fsl_debug_console.o
 .debug_macro   0x00007fcc       0x10 ./utilities/fsl_debug_console.o
 .debug_macro   0x00007fdc       0x29 ./startup/startup_mkl25z4.o
 .debug_macro   0x00008005      0x196 ./source/Code_Braco.o
 .debug_macro   0x0000819b       0x1c ./source/Code_Braco.o
 .debug_macro   0x000081b7       0x10 ./source/Code_Braco.o
 .debug_macro   0x000081c7       0x16 ./source/Code_Braco.o
 .debug_macro   0x000081dd       0x1c ./source/Code_Braco.o
 .debug_macro   0x000081f9       0x10 ./source/Code_Braco.o
 .debug_macro   0x00008209      0x112 ./source/Code_Braco.o
 .debug_macro   0x0000831b       0x3a ./source/Code_Braco.o
 .debug_macro   0x00008355       0x34 ./source/Code_Braco.o
 .debug_macro   0x00008389       0x10 ./source/Code_Braco.o
 .debug_macro   0x00008399       0x10 ./source/Code_Braco.o
 .debug_macro   0x000083a9       0x10 ./source/Code_Braco.o
 .debug_macro   0x000083b9       0x2f ./source/mtb.o
 .debug_macro   0x000083e8       0x82 ./source/mtb.o
 .debug_macro   0x0000846a       0x10 ./source/mtb.o
 .debug_macro   0x0000847a       0x11 ./source/semihost_hardfault.o
 .debug_macro   0x0000848b      0x196 ./drivers/fsl_clock.o
 .debug_macro   0x00008621       0xec ./drivers/fsl_dac.o
 .debug_macro   0x0000870d       0xec ./drivers/fsl_dma.o
 .debug_macro   0x000087f9       0xeb ./drivers/fsl_i2c.o
 .debug_macro   0x000088e4       0xec ./drivers/fsl_lpsci.o
 .debug_macro   0x000089d0       0xec ./drivers/fsl_pit.o
 .debug_macro   0x00008abc       0xf2 ./drivers/fsl_tpm.o
 .debug_macro   0x00008bae       0xf2 ./drivers/fsl_uart.o
 .debug_macro   0x00008ca0      0x12b ./board/board.o
 .debug_macro   0x00008dcb      0x12f ./board/clock_config.o
 .debug_macro   0x00008efa       0x1b ./board/peripherals.o
 .debug_macro   0x00008f15       0xee ./board/pin_mux.o
 .debug_macro   0x00009003       0x10 ./board/pin_mux.o
 .debug_macro   0x00009013       0x94 ./CMSIS/system_MKL25Z4.o

.debug_line     0x00000000     0x7d81
 .debug_line    0x00000000      0x4da ./utilities/fsl_debug_console.o
 .debug_line    0x000004da      0x1e7 ./startup/startup_mkl25z4.o
 .debug_line    0x000006c1      0xb8b ./source/Code_Braco.o
 .debug_line    0x0000124c       0xd1 ./source/mtb.o
 .debug_line    0x0000131d       0x5a ./source/semihost_hardfault.o
 .debug_line    0x00001377     0x1319 ./drivers/fsl_clock.o
 .debug_line    0x00002690      0x562 ./drivers/fsl_dac.o
 .debug_line    0x00002bf2      0x76b ./drivers/fsl_dma.o
 .debug_line    0x0000335d     0x12de ./drivers/fsl_i2c.o
 .debug_line    0x0000463b      0xd9a ./drivers/fsl_lpsci.o
 .debug_line    0x000053d5      0x3cf ./drivers/fsl_pit.o
 .debug_line    0x000057a4      0x834 ./drivers/fsl_tpm.o
 .debug_line    0x00005fd8      0xd89 ./drivers/fsl_uart.o
 .debug_line    0x00006d61      0x426 ./board/board.o
 .debug_line    0x00007187      0x486 ./board/clock_config.o
 .debug_line    0x0000760d       0x5c ./board/peripherals.o
 .debug_line    0x00007669      0x3d9 ./board/pin_mux.o
 .debug_line    0x00007a42      0x33f ./CMSIS/system_MKL25Z4.o

.debug_str      0x00000000    0x3830f
 .debug_str     0x00000000    0x315d9 ./utilities/fsl_debug_console.o
                              0x31832 (size before relaxing)
 .debug_str     0x000315d9      0x3e1 ./startup/startup_mkl25z4.o
                               0x31f6 (size before relaxing)
 .debug_str     0x000319ba     0x1e56 ./source/Code_Braco.o
                              0x33164 (size before relaxing)
 .debug_str     0x00033810      0x532 ./source/mtb.o
                               0x3302 (size before relaxing)
 .debug_str     0x00033d42       0x1f ./source/semihost_hardfault.o
                               0x2def (size before relaxing)
 .debug_str     0x00033d61     0x1592 ./drivers/fsl_clock.o
                              0x322fd (size before relaxing)
 .debug_str     0x000352f3      0x262 ./drivers/fsl_dac.o
                              0x30eea (size before relaxing)
 .debug_str     0x00035555      0x76c ./drivers/fsl_dma.o
                              0x315cb (size before relaxing)
 .debug_str     0x00035cc1      0xac9 ./drivers/fsl_i2c.o
                              0x31ad7 (size before relaxing)
 .debug_str     0x0003678a      0x921 ./drivers/fsl_lpsci.o
                              0x31905 (size before relaxing)
 .debug_str     0x000370ab       0x78 ./drivers/fsl_pit.o
                              0x30c80 (size before relaxing)
 .debug_str     0x00037123      0x3e8 ./drivers/fsl_tpm.o
                              0x314e7 (size before relaxing)
 .debug_str     0x0003750b      0x832 ./drivers/fsl_uart.o
                              0x31928 (size before relaxing)
 .debug_str     0x00037d3d       0x4c ./board/board.o
                              0x31791 (size before relaxing)
 .debug_str     0x00037d89      0x360 ./board/clock_config.o
                              0x312a7 (size before relaxing)
 .debug_str     0x000380e9       0x31 ./board/peripherals.o
                               0x2e00 (size before relaxing)
 .debug_str     0x0003811a      0x1a6 ./board/pin_mux.o
                              0x30a50 (size before relaxing)
 .debug_str     0x000382c0       0x4f ./CMSIS/system_MKL25Z4.o
                              0x2fc67 (size before relaxing)

.comment        0x00000000       0x76
 .comment       0x00000000       0x76 ./utilities/fsl_debug_console.o
                                 0x77 (size before relaxing)
 .comment       0x00000076       0x77 ./startup/startup_mkl25z4.o
 .comment       0x00000076       0x77 ./source/Code_Braco.o
 .comment       0x00000076       0x77 ./source/mtb.o
 .comment       0x00000076       0x77 ./source/semihost_hardfault.o
 .comment       0x00000076       0x77 ./drivers/fsl_clock.o
 .comment       0x00000076       0x77 ./drivers/fsl_dac.o
 .comment       0x00000076       0x77 ./drivers/fsl_dma.o
 .comment       0x00000076       0x77 ./drivers/fsl_i2c.o
 .comment       0x00000076       0x77 ./drivers/fsl_lpsci.o
 .comment       0x00000076       0x77 ./drivers/fsl_pit.o
 .comment       0x00000076       0x77 ./drivers/fsl_tpm.o
 .comment       0x00000076       0x77 ./drivers/fsl_uart.o
 .comment       0x00000076       0x77 ./board/board.o
 .comment       0x00000076       0x77 ./board/clock_config.o
 .comment       0x00000076       0x77 ./board/peripherals.o
 .comment       0x00000076       0x77 ./board/pin_mux.o
 .comment       0x00000076       0x77 ./CMSIS/system_MKL25Z4.o
 .comment       0x00000076       0x77 c:/nxp/mcuxpressoide_11.1.0_3209/ide/plugins/com.nxp.mcuxpresso.tools.win32_11.1.0.201909161352/tools/bin/../lib/gcc/arm-none-eabi/8.3.1/../../../../arm-none-eabi/lib/thumb/v6-m/nofp\libcr_semihost_nf.a(_cr__main.o)
 .comment       0x00000076       0x77 c:/nxp/mcuxpressoide_11.1.0_3209/ide/plugins/com.nxp.mcuxpresso.tools.win32_11.1.0.201909161352/tools/bin/../lib/gcc/arm-none-eabi/8.3.1/../../../../arm-none-eabi/lib/thumb/v6-m/nofp\libcr_semihost_nf.a(_cr_assert.o)
 .comment       0x00000076       0x77 c:/nxp/mcuxpressoide_11.1.0_3209/ide/plugins/com.nxp.mcuxpresso.tools.win32_11.1.0.201909161352/tools/bin/../lib/gcc/arm-none-eabi/8.3.1/../../../../arm-none-eabi/lib/thumb/v6-m/nofp\libcr_semihost_nf.a(__ciob.o)
 .comment       0x00000076       0x77 c:/nxp/mcuxpressoide_11.1.0_3209/ide/plugins/com.nxp.mcuxpresso.tools.win32_11.1.0.201909161352/tools/bin/../lib/gcc/arm-none-eabi/8.3.1/../../../../arm-none-eabi/lib/thumb/v6-m/nofp\libcr_c.a(memset.o)
 .comment       0x00000076       0x77 c:/nxp/mcuxpressoide_11.1.0_3209/ide/plugins/com.nxp.mcuxpresso.tools.win32_11.1.0.201909161352/tools/bin/../lib/gcc/arm-none-eabi/8.3.1/../../../../arm-none-eabi/lib/thumb/v6-m/nofp\libcr_c.a(_deferredlazyseek.o)
 .comment       0x00000076       0x77 c:/nxp/mcuxpressoide_11.1.0_3209/ide/plugins/com.nxp.mcuxpresso.tools.win32_11.1.0.201909161352/tools/bin/../lib/gcc/arm-none-eabi/8.3.1/../../../../arm-none-eabi/lib/thumb/v6-m/nofp\libcr_c.a(_fflush.o)
 .comment       0x00000076       0x77 c:/nxp/mcuxpressoide_11.1.0_3209/ide/plugins/com.nxp.mcuxpresso.tools.win32_11.1.0.201909161352/tools/bin/../lib/gcc/arm-none-eabi/8.3.1/../../../../arm-none-eabi/lib/thumb/v6-m/nofp\libcr_c.a(_writebuf.o)
 .comment       0x00000076       0x77 c:/nxp/mcuxpressoide_11.1.0_3209/ide/plugins/com.nxp.mcuxpresso.tools.win32_11.1.0.201909161352/tools/bin/../lib/gcc/arm-none-eabi/8.3.1/../../../../arm-none-eabi/lib/thumb/v6-m/nofp\libcr_c.a(alloc.o)
 .comment       0x00000076       0x77 c:/nxp/mcuxpressoide_11.1.0_3209/ide/plugins/com.nxp.mcuxpresso.tools.win32_11.1.0.201909161352/tools/bin/../lib/gcc/arm-none-eabi/8.3.1/../../../../arm-none-eabi/lib/thumb/v6-m/nofp\libcr_c.a(atan2.o)
 .comment       0x00000076       0x77 c:/nxp/mcuxpressoide_11.1.0_3209/ide/plugins/com.nxp.mcuxpresso.tools.win32_11.1.0.201909161352/tools/bin/../lib/gcc/arm-none-eabi/8.3.1/../../../../arm-none-eabi/lib/thumb/v6-m/nofp\libcr_c.a(errno.o)
 .comment       0x00000076       0x77 c:/nxp/mcuxpressoide_11.1.0_3209/ide/plugins/com.nxp.mcuxpresso.tools.win32_11.1.0.201909161352/tools/bin/../lib/gcc/arm-none-eabi/8.3.1/../../../../arm-none-eabi/lib/thumb/v6-m/nofp\libcr_c.a(fabs.o)
 .comment       0x00000076       0x77 c:/nxp/mcuxpressoide_11.1.0_3209/ide/plugins/com.nxp.mcuxpresso.tools.win32_11.1.0.201909161352/tools/bin/../lib/gcc/arm-none-eabi/8.3.1/../../../../arm-none-eabi/lib/thumb/v6-m/nofp\libcr_c.a(fputs.o)
 .comment       0x00000076       0x77 c:/nxp/mcuxpressoide_11.1.0_3209/ide/plugins/com.nxp.mcuxpresso.tools.win32_11.1.0.201909161352/tools/bin/../lib/gcc/arm-none-eabi/8.3.1/../../../../arm-none-eabi/lib/thumb/v6-m/nofp\libcr_c.a(fseek.o)
 .comment       0x00000076       0x77 c:/nxp/mcuxpressoide_11.1.0_3209/ide/plugins/com.nxp.mcuxpresso.tools.win32_11.1.0.201909161352/tools/bin/../lib/gcc/arm-none-eabi/8.3.1/../../../../arm-none-eabi/lib/thumb/v6-m/nofp\libcr_c.a(ftell.o)
 .comment       0x00000076       0x77 c:/nxp/mcuxpressoide_11.1.0_3209/ide/plugins/com.nxp.mcuxpresso.tools.win32_11.1.0.201909161352/tools/bin/../lib/gcc/arm-none-eabi/8.3.1/../../../../arm-none-eabi/lib/thumb/v6-m/nofp\libcr_c.a(initio.o)
 .comment       0x00000076       0x77 c:/nxp/mcuxpressoide_11.1.0_3209/ide/plugins/com.nxp.mcuxpresso.tools.win32_11.1.0.201909161352/tools/bin/../lib/gcc/arm-none-eabi/8.3.1/../../../../arm-none-eabi/lib/thumb/v6-m/nofp\libcr_c.a(printf.o)
 .comment       0x00000076       0x77 c:/nxp/mcuxpressoide_11.1.0_3209/ide/plugins/com.nxp.mcuxpresso.tools.win32_11.1.0.201909161352/tools/bin/../lib/gcc/arm-none-eabi/8.3.1/../../../../arm-none-eabi/lib/thumb/v6-m/nofp\libcr_c.a(setvbuf.o)
 .comment       0x00000076       0x77 c:/nxp/mcuxpressoide_11.1.0_3209/ide/plugins/com.nxp.mcuxpresso.tools.win32_11.1.0.201909161352/tools/bin/../lib/gcc/arm-none-eabi/8.3.1/../../../../arm-none-eabi/lib/thumb/v6-m/nofp\libcr_c.a(sqrt.o)
 .comment       0x00000076       0x77 c:/nxp/mcuxpressoide_11.1.0_3209/ide/plugins/com.nxp.mcuxpresso.tools.win32_11.1.0.201909161352/tools/bin/../lib/gcc/arm-none-eabi/8.3.1/../../../../arm-none-eabi/lib/thumb/v6-m/nofp\libcr_c.a(strlen.o)
 .comment       0x00000076       0x77 c:/nxp/mcuxpressoide_11.1.0_3209/ide/plugins/com.nxp.mcuxpresso.tools.win32_11.1.0.201909161352/tools/bin/../lib/gcc/arm-none-eabi/8.3.1/../../../../arm-none-eabi/lib/thumb/v6-m/nofp\libcr_c.a(__init_alloc.o)
 .comment       0x00000076       0x77 c:/nxp/mcuxpressoide_11.1.0_3209/ide/plugins/com.nxp.mcuxpresso.tools.win32_11.1.0.201909161352/tools/bin/../lib/gcc/arm-none-eabi/8.3.1/../../../../arm-none-eabi/lib/thumb/v6-m/nofp\libcr_c.a(_cr_sbrk.o)
 .comment       0x00000076       0x77 c:/nxp/mcuxpressoide_11.1.0_3209/ide/plugins/com.nxp.mcuxpresso.tools.win32_11.1.0.201909161352/tools/bin/../lib/gcc/arm-none-eabi/8.3.1/../../../../arm-none-eabi/lib/thumb/v6-m/nofp\libcr_c.a(_fdopen.o)
 .comment       0x00000076       0x77 c:/nxp/mcuxpressoide_11.1.0_3209/ide/plugins/com.nxp.mcuxpresso.tools.win32_11.1.0.201909161352/tools/bin/../lib/gcc/arm-none-eabi/8.3.1/../../../../arm-none-eabi/lib/thumb/v6-m/nofp\libcr_c.a(atan.o)
 .comment       0x00000076       0x77 c:/nxp/mcuxpressoide_11.1.0_3209/ide/plugins/com.nxp.mcuxpresso.tools.win32_11.1.0.201909161352/tools/bin/../lib/gcc/arm-none-eabi/8.3.1/../../../../arm-none-eabi/lib/thumb/v6-m/nofp\libcr_c.a(fclose.o)
 .comment       0x00000076       0x77 c:/nxp/mcuxpressoide_11.1.0_3209/ide/plugins/com.nxp.mcuxpresso.tools.win32_11.1.0.201909161352/tools/bin/../lib/gcc/arm-none-eabi/8.3.1/../../../../arm-none-eabi/lib/thumb/v6-m/nofp\libcr_c.a(fflush.o)
 .comment       0x00000076       0x77 c:/nxp/mcuxpressoide_11.1.0_3209/ide/plugins/com.nxp.mcuxpresso.tools.win32_11.1.0.201909161352/tools/bin/../lib/gcc/arm-none-eabi/8.3.1/../../../../arm-none-eabi/lib/thumb/v6-m/nofp\libcr_c.a(remove.o)
 .comment       0x00000076       0x77 c:/nxp/mcuxpressoide_11.1.0_3209/ide/plugins/com.nxp.mcuxpresso.tools.win32_11.1.0.201909161352/tools/bin/../lib/gcc/arm-none-eabi/8.3.1/../../../../arm-none-eabi/lib/thumb/v6-m/nofp\libcr_c.a(_cr_check_heap.o)
 .comment       0x00000076       0x77 c:/nxp/mcuxpressoide_11.1.0_3209/ide/plugins/com.nxp.mcuxpresso.tools.win32_11.1.0.201909161352/tools/bin/../lib/gcc/arm-none-eabi/8.3.1/../../../../arm-none-eabi/lib/thumb/v6-m/nofp\libcr_c.a(_do_fflush.o)
 .comment       0x00000076       0x77 c:/nxp/mcuxpressoide_11.1.0_3209/ide/plugins/com.nxp.mcuxpresso.tools.win32_11.1.0.201909161352/tools/bin/../lib/gcc/arm-none-eabi/8.3.1/thumb/v6-m/nofp\libcr_eabihelpers.a(double.o)
 .comment       0x00000076       0x77 c:/nxp/mcuxpressoide_11.1.0_3209/ide/plugins/com.nxp.mcuxpresso.tools.win32_11.1.0.201909161352/tools/bin/../lib/gcc/arm-none-eabi/8.3.1/thumb/v6-m/nofp\libcr_eabihelpers.a(float.o)

.ARM.attributes
                0x00000000       0x2a
 .ARM.attributes
                0x00000000       0x2c ./utilities/fsl_debug_console.o
 .ARM.attributes
                0x0000002c       0x2c ./startup/startup_mkl25z4.o
 .ARM.attributes
                0x00000058       0x2c ./source/Code_Braco.o
 .ARM.attributes
                0x00000084       0x32 ./source/mtb.o
 .ARM.attributes
                0x000000b6       0x2c ./source/semihost_hardfault.o
 .ARM.attributes
                0x000000e2       0x2c ./drivers/fsl_clock.o
 .ARM.attributes
                0x0000010e       0x2c ./drivers/fsl_dac.o
 .ARM.attributes
                0x0000013a       0x2c ./drivers/fsl_dma.o
 .ARM.attributes
                0x00000166       0x2c ./drivers/fsl_i2c.o
 .ARM.attributes
                0x00000192       0x2c ./drivers/fsl_lpsci.o
 .ARM.attributes
                0x000001be       0x2c ./drivers/fsl_pit.o
 .ARM.attributes
                0x000001ea       0x2c ./drivers/fsl_tpm.o
 .ARM.attributes
                0x00000216       0x2c ./drivers/fsl_uart.o
 .ARM.attributes
                0x00000242       0x2c ./board/board.o
 .ARM.attributes
                0x0000026e       0x2c ./board/clock_config.o
 .ARM.attributes
                0x0000029a       0x2c ./board/peripherals.o
 .ARM.attributes
                0x000002c6       0x2c ./board/pin_mux.o
 .ARM.attributes
                0x000002f2       0x2c ./CMSIS/system_MKL25Z4.o
 .ARM.attributes
                0x0000031e       0x2c c:/nxp/mcuxpressoide_11.1.0_3209/ide/plugins/com.nxp.mcuxpresso.tools.win32_11.1.0.201909161352/tools/bin/../lib/gcc/arm-none-eabi/8.3.1/../../../../arm-none-eabi/lib/thumb/v6-m/nofp\libcr_semihost_nf.a(_cr__main.o)
 .ARM.attributes
                0x0000034a       0x2c c:/nxp/mcuxpressoide_11.1.0_3209/ide/plugins/com.nxp.mcuxpresso.tools.win32_11.1.0.201909161352/tools/bin/../lib/gcc/arm-none-eabi/8.3.1/../../../../arm-none-eabi/lib/thumb/v6-m/nofp\libcr_semihost_nf.a(_cr_assert.o)
 .ARM.attributes
                0x00000376       0x31 c:/nxp/mcuxpressoide_11.1.0_3209/ide/plugins/com.nxp.mcuxpresso.tools.win32_11.1.0.201909161352/tools/bin/../lib/gcc/arm-none-eabi/8.3.1/../../../../arm-none-eabi/lib/thumb/v6-m/nofp\libcr_semihost_nf.a(__ciob.o)
 .ARM.attributes
                0x000003a7       0x1c c:/nxp/mcuxpressoide_11.1.0_3209/ide/plugins/com.nxp.mcuxpresso.tools.win32_11.1.0.201909161352/tools/bin/../lib/gcc/arm-none-eabi/8.3.1/../../../../arm-none-eabi/lib/thumb/v6-m/nofp\libcr_semihost_nf.a(__sys_appexit.o)
 .ARM.attributes
                0x000003c3       0x2c c:/nxp/mcuxpressoide_11.1.0_3209/ide/plugins/com.nxp.mcuxpresso.tools.win32_11.1.0.201909161352/tools/bin/../lib/gcc/arm-none-eabi/8.3.1/../../../../arm-none-eabi/lib/thumb/v6-m/nofp\libcr_c.a(memset.o)
 .ARM.attributes
                0x000003ef       0x2c c:/nxp/mcuxpressoide_11.1.0_3209/ide/plugins/com.nxp.mcuxpresso.tools.win32_11.1.0.201909161352/tools/bin/../lib/gcc/arm-none-eabi/8.3.1/../../../../arm-none-eabi/lib/thumb/v6-m/nofp\libcr_c.a(_deferredlazyseek.o)
 .ARM.attributes
                0x0000041b       0x2c c:/nxp/mcuxpressoide_11.1.0_3209/ide/plugins/com.nxp.mcuxpresso.tools.win32_11.1.0.201909161352/tools/bin/../lib/gcc/arm-none-eabi/8.3.1/../../../../arm-none-eabi/lib/thumb/v6-m/nofp\libcr_c.a(_fflush.o)
 .ARM.attributes
                0x00000447       0x2c c:/nxp/mcuxpressoide_11.1.0_3209/ide/plugins/com.nxp.mcuxpresso.tools.win32_11.1.0.201909161352/tools/bin/../lib/gcc/arm-none-eabi/8.3.1/../../../../arm-none-eabi/lib/thumb/v6-m/nofp\libcr_c.a(_writebuf.o)
 .ARM.attributes
                0x00000473       0x2c c:/nxp/mcuxpressoide_11.1.0_3209/ide/plugins/com.nxp.mcuxpresso.tools.win32_11.1.0.201909161352/tools/bin/../lib/gcc/arm-none-eabi/8.3.1/../../../../arm-none-eabi/lib/thumb/v6-m/nofp\libcr_c.a(alloc.o)
 .ARM.attributes
                0x0000049f       0x2c c:/nxp/mcuxpressoide_11.1.0_3209/ide/plugins/com.nxp.mcuxpresso.tools.win32_11.1.0.201909161352/tools/bin/../lib/gcc/arm-none-eabi/8.3.1/../../../../arm-none-eabi/lib/thumb/v6-m/nofp\libcr_c.a(atan2.o)
 .ARM.attributes
                0x000004cb       0x31 c:/nxp/mcuxpressoide_11.1.0_3209/ide/plugins/com.nxp.mcuxpresso.tools.win32_11.1.0.201909161352/tools/bin/../lib/gcc/arm-none-eabi/8.3.1/../../../../arm-none-eabi/lib/thumb/v6-m/nofp\libcr_c.a(errno.o)
 .ARM.attributes
                0x000004fc       0x2c c:/nxp/mcuxpressoide_11.1.0_3209/ide/plugins/com.nxp.mcuxpresso.tools.win32_11.1.0.201909161352/tools/bin/../lib/gcc/arm-none-eabi/8.3.1/../../../../arm-none-eabi/lib/thumb/v6-m/nofp\libcr_c.a(fabs.o)
 .ARM.attributes
                0x00000528       0x2c c:/nxp/mcuxpressoide_11.1.0_3209/ide/plugins/com.nxp.mcuxpresso.tools.win32_11.1.0.201909161352/tools/bin/../lib/gcc/arm-none-eabi/8.3.1/../../../../arm-none-eabi/lib/thumb/v6-m/nofp\libcr_c.a(fputs.o)
 .ARM.attributes
                0x00000554       0x2c c:/nxp/mcuxpressoide_11.1.0_3209/ide/plugins/com.nxp.mcuxpresso.tools.win32_11.1.0.201909161352/tools/bin/../lib/gcc/arm-none-eabi/8.3.1/../../../../arm-none-eabi/lib/thumb/v6-m/nofp\libcr_c.a(fseek.o)
 .ARM.attributes
                0x00000580       0x2c c:/nxp/mcuxpressoide_11.1.0_3209/ide/plugins/com.nxp.mcuxpresso.tools.win32_11.1.0.201909161352/tools/bin/../lib/gcc/arm-none-eabi/8.3.1/../../../../arm-none-eabi/lib/thumb/v6-m/nofp\libcr_c.a(ftell.o)
 .ARM.attributes
                0x000005ac       0x2c c:/nxp/mcuxpressoide_11.1.0_3209/ide/plugins/com.nxp.mcuxpresso.tools.win32_11.1.0.201909161352/tools/bin/../lib/gcc/arm-none-eabi/8.3.1/../../../../arm-none-eabi/lib/thumb/v6-m/nofp\libcr_c.a(initio.o)
 .ARM.attributes
                0x000005d8       0x2c c:/nxp/mcuxpressoide_11.1.0_3209/ide/plugins/com.nxp.mcuxpresso.tools.win32_11.1.0.201909161352/tools/bin/../lib/gcc/arm-none-eabi/8.3.1/../../../../arm-none-eabi/lib/thumb/v6-m/nofp\libcr_c.a(printf.o)
 .ARM.attributes
                0x00000604       0x2c c:/nxp/mcuxpressoide_11.1.0_3209/ide/plugins/com.nxp.mcuxpresso.tools.win32_11.1.0.201909161352/tools/bin/../lib/gcc/arm-none-eabi/8.3.1/../../../../arm-none-eabi/lib/thumb/v6-m/nofp\libcr_c.a(setvbuf.o)
 .ARM.attributes
                0x00000630       0x2c c:/nxp/mcuxpressoide_11.1.0_3209/ide/plugins/com.nxp.mcuxpresso.tools.win32_11.1.0.201909161352/tools/bin/../lib/gcc/arm-none-eabi/8.3.1/../../../../arm-none-eabi/lib/thumb/v6-m/nofp\libcr_c.a(sqrt.o)
 .ARM.attributes
                0x0000065c       0x2c c:/nxp/mcuxpressoide_11.1.0_3209/ide/plugins/com.nxp.mcuxpresso.tools.win32_11.1.0.201909161352/tools/bin/../lib/gcc/arm-none-eabi/8.3.1/../../../../arm-none-eabi/lib/thumb/v6-m/nofp\libcr_c.a(strlen.o)
 .ARM.attributes
                0x00000688       0x2c c:/nxp/mcuxpressoide_11.1.0_3209/ide/plugins/com.nxp.mcuxpresso.tools.win32_11.1.0.201909161352/tools/bin/../lib/gcc/arm-none-eabi/8.3.1/../../../../arm-none-eabi/lib/thumb/v6-m/nofp\libcr_c.a(__init_alloc.o)
 .ARM.attributes
                0x000006b4       0x2c c:/nxp/mcuxpressoide_11.1.0_3209/ide/plugins/com.nxp.mcuxpresso.tools.win32_11.1.0.201909161352/tools/bin/../lib/gcc/arm-none-eabi/8.3.1/../../../../arm-none-eabi/lib/thumb/v6-m/nofp\libcr_c.a(_cr_sbrk.o)
 .ARM.attributes
                0x000006e0       0x2c c:/nxp/mcuxpressoide_11.1.0_3209/ide/plugins/com.nxp.mcuxpresso.tools.win32_11.1.0.201909161352/tools/bin/../lib/gcc/arm-none-eabi/8.3.1/../../../../arm-none-eabi/lib/thumb/v6-m/nofp\libcr_c.a(_fdopen.o)
 .ARM.attributes
                0x0000070c       0x2c c:/nxp/mcuxpressoide_11.1.0_3209/ide/plugins/com.nxp.mcuxpresso.tools.win32_11.1.0.201909161352/tools/bin/../lib/gcc/arm-none-eabi/8.3.1/../../../../arm-none-eabi/lib/thumb/v6-m/nofp\libcr_c.a(atan.o)
 .ARM.attributes
                0x00000738       0x2c c:/nxp/mcuxpressoide_11.1.0_3209/ide/plugins/com.nxp.mcuxpresso.tools.win32_11.1.0.201909161352/tools/bin/../lib/gcc/arm-none-eabi/8.3.1/../../../../arm-none-eabi/lib/thumb/v6-m/nofp\libcr_c.a(fclose.o)
 .ARM.attributes
                0x00000764       0x2c c:/nxp/mcuxpressoide_11.1.0_3209/ide/plugins/com.nxp.mcuxpresso.tools.win32_11.1.0.201909161352/tools/bin/../lib/gcc/arm-none-eabi/8.3.1/../../../../arm-none-eabi/lib/thumb/v6-m/nofp\libcr_c.a(fflush.o)
 .ARM.attributes
                0x00000790       0x2c c:/nxp/mcuxpressoide_11.1.0_3209/ide/plugins/com.nxp.mcuxpresso.tools.win32_11.1.0.201909161352/tools/bin/../lib/gcc/arm-none-eabi/8.3.1/../../../../arm-none-eabi/lib/thumb/v6-m/nofp\libcr_c.a(remove.o)
 .ARM.attributes
                0x000007bc       0x2c c:/nxp/mcuxpressoide_11.1.0_3209/ide/plugins/com.nxp.mcuxpresso.tools.win32_11.1.0.201909161352/tools/bin/../lib/gcc/arm-none-eabi/8.3.1/../../../../arm-none-eabi/lib/thumb/v6-m/nofp\libcr_c.a(_cr_check_heap.o)
 .ARM.attributes
                0x000007e8       0x2c c:/nxp/mcuxpressoide_11.1.0_3209/ide/plugins/com.nxp.mcuxpresso.tools.win32_11.1.0.201909161352/tools/bin/../lib/gcc/arm-none-eabi/8.3.1/../../../../arm-none-eabi/lib/thumb/v6-m/nofp\libcr_c.a(_do_fflush.o)
 .ARM.attributes
                0x00000814       0x1c c:/nxp/mcuxpressoide_11.1.0_3209/ide/plugins/com.nxp.mcuxpresso.tools.win32_11.1.0.201909161352/tools/bin/../lib/gcc/arm-none-eabi/8.3.1/thumb/v6-m/nofp\libcr_eabihelpers.a(division_32.o)
 .ARM.attributes
                0x00000830       0x1c c:/nxp/mcuxpressoide_11.1.0_3209/ide/plugins/com.nxp.mcuxpresso.tools.win32_11.1.0.201909161352/tools/bin/../lib/gcc/arm-none-eabi/8.3.1/thumb/v6-m/nofp\libcr_eabihelpers.a(division_64.o)
 .ARM.attributes
                0x0000084c       0x1c c:/nxp/mcuxpressoide_11.1.0_3209/ide/plugins/com.nxp.mcuxpresso.tools.win32_11.1.0.201909161352/tools/bin/../lib/gcc/arm-none-eabi/8.3.1/thumb/v6-m/nofp\libcr_eabihelpers.a(division_idiv0.o)
 .ARM.attributes
                0x00000868       0x2c c:/nxp/mcuxpressoide_11.1.0_3209/ide/plugins/com.nxp.mcuxpresso.tools.win32_11.1.0.201909161352/tools/bin/../lib/gcc/arm-none-eabi/8.3.1/thumb/v6-m/nofp\libcr_eabihelpers.a(double.o)
 .ARM.attributes
                0x00000894       0x2c c:/nxp/mcuxpressoide_11.1.0_3209/ide/plugins/com.nxp.mcuxpresso.tools.win32_11.1.0.201909161352/tools/bin/../lib/gcc/arm-none-eabi/8.3.1/thumb/v6-m/nofp\libcr_eabihelpers.a(float.o)
 .ARM.attributes
                0x000008c0       0x1c c:/nxp/mcuxpressoide_11.1.0_3209/ide/plugins/com.nxp.mcuxpresso.tools.win32_11.1.0.201909161352/tools/bin/../lib/gcc/arm-none-eabi/8.3.1/thumb/v6-m/nofp\libcr_eabihelpers.a(llong.o)
 .ARM.attributes
                0x000008dc       0x1c c:/nxp/mcuxpressoide_11.1.0_3209/ide/plugins/com.nxp.mcuxpresso.tools.win32_11.1.0.201909161352/tools/bin/../lib/gcc/arm-none-eabi/8.3.1/thumb/v6-m/nofp\libcr_eabihelpers.a(memcpy.o)
 .ARM.attributes
                0x000008f8       0x1c c:/nxp/mcuxpressoide_11.1.0_3209/ide/plugins/com.nxp.mcuxpresso.tools.win32_11.1.0.201909161352/tools/bin/../lib/gcc/arm-none-eabi/8.3.1/../../../../arm-none-eabi/lib/thumb/v6-m/nofp\libcr_semihost_nf.a(__sys_close.o)
 .ARM.attributes
                0x00000914       0x1c c:/nxp/mcuxpressoide_11.1.0_3209/ide/plugins/com.nxp.mcuxpresso.tools.win32_11.1.0.201909161352/tools/bin/../lib/gcc/arm-none-eabi/8.3.1/../../../../arm-none-eabi/lib/thumb/v6-m/nofp\libcr_semihost_nf.a(__sys_flen.o)
 .ARM.attributes
                0x00000930       0x1c c:/nxp/mcuxpressoide_11.1.0_3209/ide/plugins/com.nxp.mcuxpresso.tools.win32_11.1.0.201909161352/tools/bin/../lib/gcc/arm-none-eabi/8.3.1/../../../../arm-none-eabi/lib/thumb/v6-m/nofp\libcr_semihost_nf.a(__sys_istty.o)
 .ARM.attributes
                0x0000094c       0x1c c:/nxp/mcuxpressoide_11.1.0_3209/ide/plugins/com.nxp.mcuxpresso.tools.win32_11.1.0.201909161352/tools/bin/../lib/gcc/arm-none-eabi/8.3.1/../../../../arm-none-eabi/lib/thumb/v6-m/nofp\libcr_semihost_nf.a(__sys_remove.o)
 .ARM.attributes
                0x00000968       0x1c c:/nxp/mcuxpressoide_11.1.0_3209/ide/plugins/com.nxp.mcuxpresso.tools.win32_11.1.0.201909161352/tools/bin/../lib/gcc/arm-none-eabi/8.3.1/../../../../arm-none-eabi/lib/thumb/v6-m/nofp\libcr_semihost_nf.a(__sys_seek.o)
 .ARM.attributes
                0x00000984       0x1c c:/nxp/mcuxpressoide_11.1.0_3209/ide/plugins/com.nxp.mcuxpresso.tools.win32_11.1.0.201909161352/tools/bin/../lib/gcc/arm-none-eabi/8.3.1/../../../../arm-none-eabi/lib/thumb/v6-m/nofp\libcr_semihost_nf.a(__sys_tmpnam.o)
 .ARM.attributes
                0x000009a0       0x1c c:/nxp/mcuxpressoide_11.1.0_3209/ide/plugins/com.nxp.mcuxpresso.tools.win32_11.1.0.201909161352/tools/bin/../lib/gcc/arm-none-eabi/8.3.1/../../../../arm-none-eabi/lib/thumb/v6-m/nofp\libcr_semihost_nf.a(__sys_write.o)

.debug_frame    0x00000000     0x2788
 .debug_frame   0x00000000       0xcc ./utilities/fsl_debug_console.o
 .debug_frame   0x000000cc      0x3b0 ./startup/startup_mkl25z4.o
 .debug_frame   0x0000047c      0x3fc ./source/Code_Braco.o
 .debug_frame   0x00000878       0x20 ./source/semihost_hardfault.o
 .debug_frame   0x00000898      0x6e0 ./drivers/fsl_clock.o
 .debug_frame   0x00000f78      0x1f0 ./drivers/fsl_dac.o
 .debug_frame   0x00001168      0x2e0 ./drivers/fsl_dma.o
 .debug_frame   0x00001448      0x58c ./drivers/fsl_i2c.o
 .debug_frame   0x000019d4      0x418 ./drivers/fsl_lpsci.o
 .debug_frame   0x00001dec       0xd4 ./drivers/fsl_pit.o
 .debug_frame   0x00001ec0      0x1d0 ./drivers/fsl_tpm.o
 .debug_frame   0x00002090      0x468 ./drivers/fsl_uart.o
 .debug_frame   0x000024f8       0x50 ./board/board.o
 .debug_frame   0x00002548      0x140 ./board/clock_config.o
 .debug_frame   0x00002688       0x2c ./board/peripherals.o
 .debug_frame   0x000026b4       0x88 ./board/pin_mux.o
 .debug_frame   0x0000273c       0x4c ./CMSIS/system_MKL25Z4.o

Cross Reference Table

Symbol                                            File
ADC0_DriverIRQHandler                             ./startup/startup_mkl25z4.o
ADC0_IRQHandler                                   ./startup/startup_mkl25z4.o
ADC16_ClearStatusFlags                            ./drivers/fsl_adc16.o
ADC16_Deinit                                      ./drivers/fsl_adc16.o
ADC16_DoAutoCalibration                           ./drivers/fsl_adc16.o
ADC16_GetChannelStatusFlags                       ./drivers/fsl_adc16.o
ADC16_GetDefaultConfig                            ./drivers/fsl_adc16.o
ADC16_GetStatusFlags                              ./drivers/fsl_adc16.o
ADC16_Init                                        ./drivers/fsl_adc16.o
ADC16_SetChannelConfig                            ./drivers/fsl_adc16.o
ADC16_SetChannelMuxMode                           ./drivers/fsl_adc16.o
ADC16_SetHardwareAverage                          ./drivers/fsl_adc16.o
ADC16_SetHardwareCompareConfig                    ./drivers/fsl_adc16.o
BOARD_BootClockRUN                                ./board/clock_config.o
BOARD_BootClockVLPR                               ./board/clock_config.o
BOARD_InitBootClocks                              ./board/clock_config.o
                                                  ./source/Code_Braco.o
BOARD_InitBootPeripherals                         ./board/peripherals.o
                                                  ./source/Code_Braco.o
BOARD_InitBootPins                                ./board/pin_mux.o
                                                  ./source/Code_Braco.o
BOARD_InitDebugConsole                            ./board/board.o
                                                  ./source/Code_Braco.o
BOARD_InitPins                                    ./board/pin_mux.o
CLOCK_BootToBlpeMode                              ./drivers/fsl_clock.o
CLOCK_BootToBlpiMode                              ./drivers/fsl_clock.o
                                                  ./board/clock_config.o