core_cm0plus.h:745:22:NVIC_EnableIRQ	16	static
fsl_common.h:212:20:EnableIRQ	16	static
mpu_6050.h:75:20:ACC_Read	64	static
mpu_6050.h:88:20:ACC_Write	64	static
mpu_6050.h:99:20:ACC_ReadRaw	48	static
mpu_6050.h:129:20:ACC_Init	32	static
mpu_6050.h:167:6:calibrar_sensor	96	static
function.h:6:21:GetAccPitch	40	static
function.h:21:7:GetAccRoll	40	static
fsl_dac.h:210:20:DAC_Enable	16	static
fsl_pit.h:127:20:PIT_GetDefaultConfig	16	static
fsl_pit.h:181:20:PIT_EnableInterrupts	24	static
fsl_pit.h:229:24:PIT_GetStatusFlags	16	static
fsl_pit.h:242:20:PIT_ClearStatusFlags	24	static
fsl_pit.h:268:20:PIT_SetTimerPeriod	24	static
fsl_pit.h:308:20:PIT_StartTimer	16	static
fsl_tpm.h:580:20:TPM_StartTimer	24	static
perifericos.h:16:6:inicializar_dac	32	static
perifericos.h:27:6:atualizar_dac	16	static
perifericos.h:35:6:configurar_interrupcao_Hz	48	static
perifericos.h:66:6:inicializar_PWMs	48	static
perifericos.h:92:6:inicializar_I2Cs	40	static
perifericos.h:104:6:delay	16	static
perifericos.h:109:6:atualizar_motores	24	static
perifericos.h:116:6:atualizar_motor_1	32	static
perifericos.h:120:6:atualizar_motor_2	32	static
perifericos.h:124:6:atualizar_motor_3	32	static
perifericos.h:128:6:atualizar_motor_4	32	static
Code_Braco.c:71:7:calcular_angulo	32	static
Code_Braco.c:107:6:inicializar_sensores	32	static
Code_Braco.c:118:6:rotina_interrupcao_1	8	static
Code_Braco.c:144:6:PIT_DriverIRQHandler	8	static
Code_Braco.c:150:5:main	8	static
